Archive member included to satisfy reference by file (symbol)

d:/stm32cubeide/stm32cubeide_1.12.0/stm32cubeide/plugins/com.st.stm32cube.ide.mcu.externaltools.gnu-tools-for-stm32.10.3-2021.10.win32_1.0.200.202301161003/tools/bin/../lib/gcc/arm-none-eabi/10.3.1/../../../../arm-none-eabi/lib/thumb/v7-m/nofp\libc_nano.a(lib_a-errno.o)
                              ./Core/Src/syscalls.o (__errno)
d:/stm32cubeide/stm32cubeide_1.12.0/stm32cubeide/plugins/com.st.stm32cube.ide.mcu.externaltools.gnu-tools-for-stm32.10.3-2021.10.win32_1.0.200.202301161003/tools/bin/../lib/gcc/arm-none-eabi/10.3.1/../../../../arm-none-eabi/lib/thumb/v7-m/nofp\libc_nano.a(lib_a-exit.o)
                              d:/stm32cubeide/stm32cubeide_1.12.0/stm32cubeide/plugins/com.st.stm32cube.ide.mcu.externaltools.gnu-tools-for-stm32.10.3-2021.10.win32_1.0.200.202301161003/tools/bin/../lib/gcc/arm-none-eabi/10.3.1/../../../../arm-none-eabi/lib/thumb/v7-m/nofp/crt0.o (exit)
d:/stm32cubeide/stm32cubeide_1.12.0/stm32cubeide/plugins/com.st.stm32cube.ide.mcu.externaltools.gnu-tools-for-stm32.10.3-2021.10.win32_1.0.200.202301161003/tools/bin/../lib/gcc/arm-none-eabi/10.3.1/../../../../arm-none-eabi/lib/thumb/v7-m/nofp\libc_nano.a(lib_a-findfp.o)
                              ./Middlewares/Third_Party/FreeRTOS/Source/tasks.o (__sf_fake_stderr)
d:/stm32cubeide/stm32cubeide_1.12.0/stm32cubeide/plugins/com.st.stm32cube.ide.mcu.externaltools.gnu-tools-for-stm32.10.3-2021.10.win32_1.0.200.202301161003/tools/bin/../lib/gcc/arm-none-eabi/10.3.1/../../../../arm-none-eabi/lib/thumb/v7-m/nofp\libc_nano.a(lib_a-fwalk.o)
                              d:/stm32cubeide/stm32cubeide_1.12.0/stm32cubeide/plugins/com.st.stm32cube.ide.mcu.externaltools.gnu-tools-for-stm32.10.3-2021.10.win32_1.0.200.202301161003/tools/bin/../lib/gcc/arm-none-eabi/10.3.1/../../../../arm-none-eabi/lib/thumb/v7-m/nofp\libc_nano.a(lib_a-findfp.o) (_fwalk)
d:/stm32cubeide/stm32cubeide_1.12.0/stm32cubeide/plugins/com.st.stm32cube.ide.mcu.externaltools.gnu-tools-for-stm32.10.3-2021.10.win32_1.0.200.202301161003/tools/bin/../lib/gcc/arm-none-eabi/10.3.1/../../../../arm-none-eabi/lib/thumb/v7-m/nofp\libc_nano.a(lib_a-impure.o)
                              d:/stm32cubeide/stm32cubeide_1.12.0/stm32cubeide/plugins/com.st.stm32cube.ide.mcu.externaltools.gnu-tools-for-stm32.10.3-2021.10.win32_1.0.200.202301161003/tools/bin/../lib/gcc/arm-none-eabi/10.3.1/../../../../arm-none-eabi/lib/thumb/v7-m/nofp\libc_nano.a(lib_a-exit.o) (_global_impure_ptr)
d:/stm32cubeide/stm32cubeide_1.12.0/stm32cubeide/plugins/com.st.stm32cube.ide.mcu.externaltools.gnu-tools-for-stm32.10.3-2021.10.win32_1.0.200.202301161003/tools/bin/../lib/gcc/arm-none-eabi/10.3.1/../../../../arm-none-eabi/lib/thumb/v7-m/nofp\libc_nano.a(lib_a-init.o)
                              d:/stm32cubeide/stm32cubeide_1.12.0/stm32cubeide/plugins/com.st.stm32cube.ide.mcu.externaltools.gnu-tools-for-stm32.10.3-2021.10.win32_1.0.200.202301161003/tools/bin/../lib/gcc/arm-none-eabi/10.3.1/../../../../arm-none-eabi/lib/thumb/v7-m/nofp/crt0.o (__libc_init_array)
d:/stm32cubeide/stm32cubeide_1.12.0/stm32cubeide/plugins/com.st.stm32cube.ide.mcu.externaltools.gnu-tools-for-stm32.10.3-2021.10.win32_1.0.200.202301161003/tools/bin/../lib/gcc/arm-none-eabi/10.3.1/../../../../arm-none-eabi/lib/thumb/v7-m/nofp\libc_nano.a(lib_a-lock.o)
                              d:/stm32cubeide/stm32cubeide_1.12.0/stm32cubeide/plugins/com.st.stm32cube.ide.mcu.externaltools.gnu-tools-for-stm32.10.3-2021.10.win32_1.0.200.202301161003/tools/bin/../lib/gcc/arm-none-eabi/10.3.1/../../../../arm-none-eabi/lib/thumb/v7-m/nofp\libc_nano.a(lib_a-findfp.o) (__retarget_lock_init_recursive)
d:/stm32cubeide/stm32cubeide_1.12.0/stm32cubeide/plugins/com.st.stm32cube.ide.mcu.externaltools.gnu-tools-for-stm32.10.3-2021.10.win32_1.0.200.202301161003/tools/bin/../lib/gcc/arm-none-eabi/10.3.1/../../../../arm-none-eabi/lib/thumb/v7-m/nofp\libc_nano.a(lib_a-memcpy-stub.o)
                              ./Middlewares/Third_Party/FreeRTOS/Source/queue.o (memcpy)
d:/stm32cubeide/stm32cubeide_1.12.0/stm32cubeide/plugins/com.st.stm32cube.ide.mcu.externaltools.gnu-tools-for-stm32.10.3-2021.10.win32_1.0.200.202301161003/tools/bin/../lib/gcc/arm-none-eabi/10.3.1/../../../../arm-none-eabi/lib/thumb/v7-m/nofp\libc_nano.a(lib_a-memset.o)
                              d:/stm32cubeide/stm32cubeide_1.12.0/stm32cubeide/plugins/com.st.stm32cube.ide.mcu.externaltools.gnu-tools-for-stm32.10.3-2021.10.win32_1.0.200.202301161003/tools/bin/../lib/gcc/arm-none-eabi/10.3.1/../../../../arm-none-eabi/lib/thumb/v7-m/nofp/crt0.o (memset)
d:/stm32cubeide/stm32cubeide_1.12.0/stm32cubeide/plugins/com.st.stm32cube.ide.mcu.externaltools.gnu-tools-for-stm32.10.3-2021.10.win32_1.0.200.202301161003/tools/bin/../lib/gcc/arm-none-eabi/10.3.1/../../../../arm-none-eabi/lib/thumb/v7-m/nofp\libc_nano.a(lib_a-nano-mallocr.o)
[...]
Memory Configuration

Name             Origin             Length             Attributes
RAM              0x0000000020000000 0x0000000000005000 xrw
FLASH            0x0000000008000000 0x0000000000010000 xr
*default*        0x0000000000000000 0xffffffffffffffff

Linker script and memory map

LOAD d:/stm32cubeide/stm32cubeide_1.12.0/stm32cubeide/plugins/com.st.stm32cube.ide.mcu.externaltools.gnu-tools-for-stm32.10.3-2021.10.win32_1.0.200.202301161003/tools/bin/../lib/gcc/arm-none-eabi/10.3.1/thumb/v7-m/nofp/crti.o
LOAD d:/stm32cubeide/stm32cubeide_1.12.0/stm32cubeide/plugins/com.st.stm32cube.ide.mcu.externaltools.gnu-tools-for-stm32.10.3-2021.10.win32_1.0.200.202301161003/tools/bin/../lib/gcc/arm-none-eabi/10.3.1/thumb/v7-m/nofp/crtbegin.o
LOAD d:/stm32cubeide/stm32cubeide_1.12.0/stm32cubeide/plugins/com.st.stm32cube.ide.mcu.externaltools.gnu-tools-for-stm32.10.3-2021.10.win32_1.0.200.202301161003/tools/bin/../lib/gcc/arm-none-eabi/10.3.1/../../../../arm-none-eabi/lib/thumb/v7-m/nofp/crt0.o
LOAD ./Core/Inc/ADC/ACD_Cofigure.o
LOAD ./Core/Inc/DMA/DMA_Configure.o
LOAD ./Core/Inc/GPIO/GPIO_Configure.o
LOAD ./Core/Inc/I2C/I2C_Configure.o
LOAD ./Core/Inc/LCD/LCD.o
LOAD ./Core/Inc/STM32F103.o
LOAD ./Core/Inc/TIM/PWM.o
LOAD ./Core/Inc/TIM/TIM_Configure.o
LOAD ./Core/Inc/UART/UART_Configure.o
LOAD ./Core/Src/freertos.o
LOAD ./Core/Src/main.o
LOAD ./Core/Src/stm32f1xx_hal_msp.o
LOAD ./Core/Src/stm32f1xx_it.o
LOAD ./Core/Src/syscalls.o
LOAD ./Core/Src/sysmem.o
LOAD ./Core/Src/system_stm32f1xx.o
LOAD ./Core/Startup/startup_stm32f103c8tx.o
LOAD ./Drivers/STM32F1xx_HAL_Driver/Src/stm32f1xx_hal.o
LOAD ./Drivers/STM32F1xx_HAL_Driver/Src/stm32f1xx_hal_cortex.o
LOAD ./Drivers/STM32F1xx_HAL_Driver/Src/stm32f1xx_hal_dma.o
LOAD ./Drivers/STM32F1xx_HAL_Driver/Src/stm32f1xx_hal_exti.o
LOAD ./Drivers/STM32F1xx_HAL_Driver/Src/stm32f1xx_hal_flash.o
LOAD ./Drivers/STM32F1xx_HAL_Driver/Src/stm32f1xx_hal_flash_ex.o
LOAD ./Drivers/STM32F1xx_HAL_Driver/Src/stm32f1xx_hal_gpio.o
LOAD ./Drivers/STM32F1xx_HAL_Driver/Src/stm32f1xx_hal_gpio_ex.o
LOAD ./Drivers/STM32F1xx_HAL_Driver/Src/stm32f1xx_hal_pwr.o
LOAD ./Drivers/STM32F1xx_HAL_Driver/Src/stm32f1xx_hal_rcc.o
LOAD ./Drivers/STM32F1xx_HAL_Driver/Src/stm32f1xx_hal_rcc_ex.o
LOAD ./Middlewares/Third_Party/FreeRTOS/Source/CMSIS_RTOS/cmsis_os.o
LOAD ./Middlewares/Third_Party/FreeRTOS/Source/croutine.o
LOAD ./Middlewares/Third_Party/FreeRTOS/Source/event_groups.o
LOAD ./Middlewares/Third_Party/FreeRTOS/Source/list.o
LOAD ./Middlewares/Third_Party/FreeRTOS/Source/queue.o
LOAD ./Middlewares/Third_Party/FreeRTOS/Source/stream_buffer.o
LOAD ./Middlewares/Third_Party/FreeRTOS/Source/tasks.o
LOAD ./Middlewares/Third_Party/FreeRTOS/Source/timers.o
LOAD ./Middlewares/Third_Party/FreeRTOS/Source/portable/GCC/ARM_CM3/port.o
LOAD ./Middlewares/Third_Party/FreeRTOS/Source/portable/MemMang/heap_4.o
START GROUP
LOAD d:/stm32cubeide/stm32cubeide_1.12.0/stm32cubeide/plugins/com.st.stm32cube.ide.mcu.externaltools.gnu-tools-for-stm32.10.3-2021.10.win32_1.0.200.202301161003/tools/bin/../lib/gcc/arm-none-eabi/10.3.1/../../../../arm-none-eabi/lib/thumb/v7-m/nofp\libc_nano.a
LOAD d:/stm32cubeide/stm32cubeide_1.12.0/stm32cubeide/plugins/com.st.stm32cube.ide.mcu.externaltools.gnu-tools-for-stm32.10.3-2021.10.win32_1.0.200.202301161003/tools/bin/../lib/gcc/arm-none-eabi/10.3.1/../../../../arm-none-eabi/lib/thumb/v7-m/nofp\libm.a
END GROUP
START GROUP
LOAD d:/stm32cubeide/stm32cubeide_1.12.0/stm32cubeide/plugins/com.st.stm32cube.ide.mcu.externaltools.gnu-tools-for-stm32.10.3-2021.10.win32_1.0.200.202301161003/tools/bin/../lib/gcc/arm-none-eabi/10.3.1/thumb/v7-m/nofp\libgcc.a
LOAD d:/stm32cubeide/stm32cubeide_1.12.0/stm32cubeide/plugins/com.st.stm32cube.ide.mcu.externaltools.gnu-tools-for-stm32.10.3-2021.10.win32_1.0.200.202301161003/tools/bin/../lib/gcc/arm-none-eabi/10.3.1/../../../../arm-none-eabi/lib/thumb/v7-m/nofp\libc_nano.a
END GROUP
START GROUP
LOAD d:/stm32cubeide/stm32cubeide_1.12.0/stm32cubeide/plugins/com.st.stm32cube.ide.mcu.externaltools.gnu-tools-for-stm32.10.3-2021.10.win32_1.0.200.202301161003/tools/bin/../lib/gcc/arm-none-eabi/10.3.1/thumb/v7-m/nofp\libgcc.a
LOAD d:/stm32cubeide/stm32cubeide_1.12.0/stm32cubeide/plugins/com.st.stm32cube.ide.mcu.externaltools.gnu-tools-for-stm32.10.3-2021.10.win32_1.0.200.202301161003/tools/bin/../lib/gcc/arm-none-eabi/10.3.1/../../../../arm-none-eabi/lib/thumb/v7-m/nofp\libc_nano.a
LOAD d:/stm32cubeide/stm32cubeide_1.12.0/stm32cubeide/plugins/com.st.stm32cube.ide.mcu.externaltools.gnu-tools-for-stm32.10.3-2021.10.win32_1.0.200.202301161003/tools/bin/../lib/gcc/arm-none-eabi/10.3.1/../../../../arm-none-eabi/lib/thumb/v7-m/nofp\libnosys.a
END GROUP
START GROUP
LOAD d:/stm32cubeide/stm32cubeide_1.12.0/stm32cubeide/plugins/com.st.stm32cube.ide.mcu.externaltools.gnu-tools-for-stm32.10.3-2021.10.win32_1.0.200.202301161003/tools/bin/../lib/gcc/arm-none-eabi/10.3.1/thumb/v7-m/nofp\libgcc.a
LOAD d:/stm32cubeide/stm32cubeide_1.12.0/stm32cubeide/plugins/com.st.stm32cube.ide.mcu.externaltools.gnu-tools-for-stm32.10.3-2021.10.win32_1.0.200.202301161003/tools/bin/../lib/gcc/arm-none-eabi/10.3.1/../../../../arm-none-eabi/lib/thumb/v7-m/nofp\libc_nano.a
LOAD d:/stm32cubeide/stm32cubeide_1.12.0/stm32cubeide/plugins/com.st.stm32cube.ide.mcu.externaltools.gnu-tools-for-stm32.10.3-2021.10.win32_1.0.200.202301161003/tools/bin/../lib/gcc/arm-none-eabi/10.3.1/../../../../arm-none-eabi/lib/thumb/v7-m/nofp\libnosys.a
END GROUP
LOAD d:/stm32cubeide/stm32cubeide_1.12.0/stm32cubeide/plugins/com.st.stm32cube.ide.mcu.externaltools.gnu-tools-for-stm32.10.3-2021.10.win32_1.0.200.202301161003/tools/bin/../lib/gcc/arm-none-eabi/10.3.1/thumb/v7-m/nofp/crtend.o
LOAD d:/stm32cubeide/stm32cubeide_1.12.0/stm32cubeide/plugins/com.st.stm32cube.ide.mcu.externaltools.gnu-tools-for-stm32.10.3-2021.10.win32_1.0.200.202301161003/tools/bin/../lib/gcc/arm-none-eabi/10.3.1/thumb/v7-m/nofp/crtn.o
                0x0000000020005000                _estack = (ORIGIN (RAM) + LENGTH (RAM))
                0x0000000000000200                _Min_Heap_Size = 0x200
                0x0000000000000400                _Min_Stack_Size = 0x400

.isr_vector     0x0000000008000000      0x10c
                0x0000000008000000                . = ALIGN (0x4)
 *(.isr_vector)
 .isr_vector    0x0000000008000000      0x10c ./Core/Startup/startup_stm32f103c8tx.o
                0x0000000008000000                g_pfnVectors
                0x000000000800010c                . = ALIGN (0x4)

.text           0x0000000008000110     0x2f58
                0x0000000008000110                . = ALIGN (0x4)
 *(.text)
 .text          0x0000000008000110       0x40 d:/stm32cubeide/stm32cubeide_1.12.0/stm32cubeide/plugins/com.st.stm32cube.ide.mcu.externaltools.gnu-tools-for-stm32.10.3-2021.10.win32_1.0.200.202301161003/tools/bin/../lib/gcc/arm-none-eabi/10.3.1/thumb/v7-m/nofp/crtbegin.o
 *(.text*)
 .text.ADC1_Configure
                0x0000000008000150       0xf0 ./Core/Inc/ADC/ACD_Cofigure.o
                0x0000000008000150                ADC1_Configure
 .text.DMA_ConfigureADC
                0x0000000008000240       0x6c ./Core/Inc/DMA/DMA_Configure.o
                0x0000000008000240                DMA_ConfigureADC
 .text.GPIO_configureRCC
                0x00000000080002ac       0x64 ./Core/Inc/GPIO/GPIO_Configure.o
                0x00000000080002ac                GPIO_configureRCC
 .text.GPIO_configure
                0x0000000008000310       0xa0 ./Core/Inc/GPIO/GPIO_Configure.o
                0x0000000008000310                GPIO_configure
 .text.RCC_Configure
                0x00000000080003b0       0xac ./Core/Inc/STM32F103.o
                0x00000000080003b0                RCC_Configure
 .text.__NVIC_EnableIRQ
                0x000000000800045c       0x38 ./Core/Inc/TIM/TIM_Configure.o
 .text.TIM2_Configure
                0x0000000008000494       0x58 ./Core/Inc/TIM/TIM_Configure.o
                0x0000000008000494                TIM2_Configure
 .text.TIM4_Configure
                0x00000000080004ec       0x6c ./Core/Inc/TIM/TIM_Configure.o
                0x00000000080004ec                TIM4_Configure
 .text.delay_us2
                0x0000000008000558       0x2c ./Core/Inc/TIM/TIM_Configure.o
                0x0000000008000558                delay_us2
 .text.delay_ms2
                0x0000000008000584       0x28 ./Core/Inc/TIM/TIM_Configure.o
                0x0000000008000584                delay_ms2
 .text.__NVIC_EnableIRQ
                0x00000000080005ac       0x38 ./Core/Inc/UART/UART_Configure.o
 .text.__NVIC_SetPriority
                0x00000000080005e4       0x54 ./Core/Inc/UART/UART_Configure.o
 .text.UART_Configure
                0x0000000008000638       0xa0 ./Core/Inc/UART/UART_Configure.o
                0x0000000008000638                UART_Configure
 .text.UART_SendData
                0x00000000080006d8       0x4c ./Core/Inc/UART/UART_Configure.o
                0x00000000080006d8                UART_SendData
 .text.vApplicationGetIdleTaskMemory
                0x0000000008000724       0x30 ./Core/Src/freertos.o
                0x0000000008000724                vApplicationGetIdleTaskMemory
 .text.__io_putchar
                0x0000000008000754       0x1a ./Core/Src/main.o
                0x0000000008000754                __io_putchar
 *fill*         0x000000000800076e        0x2 
 .text.main     0x0000000008000770       0xe8 ./Core/Src/main.o
                0x0000000008000770                main
 .text.StartDefaultTask
                0x0000000008000858       0x2c ./Core/Src/main.o
                0x0000000008000858                StartDefaultTask
 .text.StartDefaultTask2
                0x0000000008000884       0x1c ./Core/Src/main.o
                0x0000000008000884                StartDefaultTask2
 .text.TIM4_IRQHandler
                0x00000000080008a0       0x28 ./Core/Src/main.o
                0x00000000080008a0                TIM4_IRQHandler
 .text.USART1_IRQHandler
                0x00000000080008c8       0x64 ./Core/Src/main.o
                0x00000000080008c8                USART1_IRQHandler
 .text.NMI_Handler
                0x000000000800092c        0x6 ./Core/Src/stm32f1xx_it.o
                0x000000000800092c                NMI_Handler
 .text.HardFault_Handler
                0x0000000008000932        0x6 ./Core/Src/stm32f1xx_it.o
                0x0000000008000932                HardFault_Handler
 .text.MemManage_Handler
                0x0000000008000938        0x6 ./Core/Src/stm32f1xx_it.o
                0x0000000008000938                MemManage_Handler
 .text.BusFault_Handler
                0x000000000800093e        0x6 ./Core/Src/stm32f1xx_it.o
                0x000000000800093e                BusFault_Handler
 .text.UsageFault_Handler
                0x0000000008000944        0x6 ./Core/Src/stm32f1xx_it.o
                0x0000000008000944                UsageFault_Handler
 .text.DebugMon_Handler
                0x000000000800094a        0xc ./Core/Src/stm32f1xx_it.o
                0x000000000800094a                DebugMon_Handler
 .text._read    0x0000000008000956       0x3a ./Core/Src/syscalls.o
                0x0000000008000956                _read
 .text._write   0x0000000008000990       0x38 ./Core/Src/syscalls.o
                0x0000000008000990                _write
 .text._close   0x00000000080009c8       0x16 ./Core/Src/syscalls.o
                0x00000000080009c8                _close
 .text._fstat   0x00000000080009de       0x1e ./Core/Src/syscalls.o
                0x00000000080009de                _fstat
 .text._isatty  0x00000000080009fc       0x14 ./Core/Src/syscalls.o
                0x00000000080009fc                _isatty
 .text._lseek   0x0000000008000a10       0x18 ./Core/Src/syscalls.o
                0x0000000008000a10                _lseek
 .text._sbrk    0x0000000008000a28       0x6c ./Core/Src/sysmem.o
                0x0000000008000a28                _sbrk
 .text.SystemInit
                0x0000000008000a94        0xc ./Core/Src/system_stm32f1xx.o
                0x0000000008000a94                SystemInit
 .text.Reset_Handler
                0x0000000008000aa0       0x48 ./Core/Startup/startup_stm32f103c8tx.o
                0x0000000008000aa0                Reset_Handler
 .text.Default_Handler
                0x0000000008000ae8        0x2 ./Core/Startup/startup_stm32f103c8tx.o
                0x0000000008000ae8                RTC_Alarm_IRQHandler
                0x0000000008000ae8                EXTI2_IRQHandler
                0x0000000008000ae8                TIM1_CC_IRQHandler
                0x0000000008000ae8                PVD_IRQHandler
                0x0000000008000ae8                EXTI3_IRQHandler
                0x0000000008000ae8                EXTI0_IRQHandler
                0x0000000008000ae8                I2C2_EV_IRQHandler
                0x0000000008000ae8                ADC1_2_IRQHandler
                0x0000000008000ae8                SPI1_IRQHandler
                0x0000000008000ae8                TAMPER_IRQHandler
                0x0000000008000ae8                DMA1_Channel4_IRQHandler
                0x0000000008000ae8                USART3_IRQHandler
                0x0000000008000ae8                RTC_IRQHandler
                0x0000000008000ae8                DMA1_Channel7_IRQHandler
                0x0000000008000ae8                CAN1_RX1_IRQHandler
                0x0000000008000ae8                I2C1_EV_IRQHandler
                0x0000000008000ae8                DMA1_Channel6_IRQHandler
                0x0000000008000ae8                TIM3_IRQHandler
                0x0000000008000ae8                RCC_IRQHandler
                0x0000000008000ae8                TIM1_TRG_COM_IRQHandler
                0x0000000008000ae8                DMA1_Channel1_IRQHandler
                0x0000000008000ae8                Default_Handler
                0x0000000008000ae8                EXTI15_10_IRQHandler
                0x0000000008000ae8                EXTI9_5_IRQHandler
                0x0000000008000ae8                SPI2_IRQHandler
                0x0000000008000ae8                DMA1_Channel5_IRQHandler
                0x0000000008000ae8                EXTI4_IRQHandler
                0x0000000008000ae8                USB_LP_CAN1_RX0_IRQHandler
                0x0000000008000ae8                USB_HP_CAN1_TX_IRQHandler
                0x0000000008000ae8                DMA1_Channel3_IRQHandler
                0x0000000008000ae8                TIM1_UP_IRQHandler
                0x0000000008000ae8                WWDG_IRQHandler
                0x0000000008000ae8                TIM2_IRQHandler
                0x0000000008000ae8                TIM1_BRK_IRQHandler
                0x0000000008000ae8                EXTI1_IRQHandler
                0x0000000008000ae8                USART2_IRQHandler
                0x0000000008000ae8                I2C2_ER_IRQHandler
                0x0000000008000ae8                DMA1_Channel2_IRQHandler
                0x0000000008000ae8                CAN1_SCE_IRQHandler
                0x0000000008000ae8                FLASH_IRQHandler
                0x0000000008000ae8                I2C1_ER_IRQHandler
                0x0000000008000ae8                USBWakeUp_IRQHandler
 .text.makeFreeRtosPriority
                0x0000000008000aea       0x2e ./Middlewares/Third_Party/FreeRTOS/Source/CMSIS_RTOS/cmsis_os.o
 .text.osKernelStart
                0x0000000008000b18        0xe ./Middlewares/Third_Party/FreeRTOS/Source/CMSIS_RTOS/cmsis_os.o
                0x0000000008000b18                osKernelStart
 .text.osThreadCreate
                0x0000000008000b26       0x98 ./Middlewares/Third_Party/FreeRTOS/Source/CMSIS_RTOS/cmsis_os.o
                0x0000000008000b26                osThreadCreate
 .text.osDelay  0x0000000008000bbe       0x2e ./Middlewares/Third_Party/FreeRTOS/Source/CMSIS_RTOS/cmsis_os.o
                0x0000000008000bbe                osDelay
 .text.vListInitialise
                0x0000000008000bec       0x3e ./Middlewares/Third_Party/FreeRTOS/Source/list.o
                0x0000000008000bec                vListInitialise
 .text.vListInitialiseItem
                0x0000000008000c2a       0x18 ./Middlewares/Third_Party/FreeRTOS/Source/list.o
                0x0000000008000c2a                vListInitialiseItem
 .text.vListInsertEnd
                0x0000000008000c42       0x46 ./Middlewares/Third_Party/FreeRTOS/Source/list.o
                0x0000000008000c42                vListInsertEnd
 .text.vListInsert
                0x0000000008000c88       0x70 ./Middlewares/Third_Party/FreeRTOS/Source/list.o
                0x0000000008000c88                vListInsert
 .text.uxListRemove
                0x0000000008000cf8       0x52 ./Middlewares/Third_Party/FreeRTOS/Source/list.o
                0x0000000008000cf8                uxListRemove
 .text.xTaskCreateStatic
                0x0000000008000d4a       0xb8 ./Middlewares/Third_Party/FreeRTOS/Source/tasks.o
                0x0000000008000d4a                xTaskCreateStatic
 .text.xTaskCreate
                0x0000000008000e02       0x8a ./Middlewares/Third_Party/FreeRTOS/Source/tasks.o
                0x0000000008000e02                xTaskCreate
 .text.prvInitialiseNewTask
                0x0000000008000e8c      0x12c ./Middlewares/Third_Party/FreeRTOS/Source/tasks.o
 .text.prvAddNewTaskToReadyList
                0x0000000008000fb8       0xd4 ./Middlewares/Third_Party/FreeRTOS/Source/tasks.o
 .text.vTaskDelay
                0x000000000800108c       0x68 ./Middlewares/Third_Party/FreeRTOS/Source/tasks.o
                0x000000000800108c                vTaskDelay
 .text.vTaskStartScheduler
                0x00000000080010f4       0xd4 ./Middlewares/Third_Party/FreeRTOS/Source/tasks.o
                0x00000000080010f4                vTaskStartScheduler
 .text.vTaskSuspendAll
                0x00000000080011c8       0x1c ./Middlewares/Third_Party/FreeRTOS/Source/tasks.o
                0x00000000080011c8                vTaskSuspendAll
 .text.xTaskResumeAll
                0x00000000080011e4      0x138 ./Middlewares/Third_Party/FreeRTOS/Source/tasks.o
                0x00000000080011e4                xTaskResumeAll
 .text.xTaskIncrementTick
                0x000000000800131c      0x17c ./Middlewares/Third_Party/FreeRTOS/Source/tasks.o
                0x000000000800131c                xTaskIncrementTick
 .text.vTaskSwitchContext
                0x0000000008001498       0xc4 ./Middlewares/Third_Party/FreeRTOS/Source/tasks.o
                0x0000000008001498                vTaskSwitchContext
 .text.prvIdleTask
                0x000000000800155c       0x30 ./Middlewares/Third_Party/FreeRTOS/Source/tasks.o
 .text.prvInitialiseTaskLists
                0x000000000800158c       0x80 ./Middlewares/Third_Party/FreeRTOS/Source/tasks.o
 .text.prvCheckTasksWaitingTermination
                0x000000000800160c       0x5c ./Middlewares/Third_Party/FreeRTOS/Source/tasks.o
 .text.prvDeleteTCB
                0x0000000008001668       0x68 ./Middlewares/Third_Party/FreeRTOS/Source/tasks.o
 .text.prvResetNextTaskUnblockTime
                0x00000000080016d0       0x48 ./Middlewares/Third_Party/FreeRTOS/Source/tasks.o
 .text.prvAddCurrentTaskToDelayedList
                0x0000000008001718       0xcc ./Middlewares/Third_Party/FreeRTOS/Source/tasks.o
 .text.pxPortInitialiseStack
                0x00000000080017e4       0x58 ./Middlewares/Third_Party/FreeRTOS/Source/portable/GCC/ARM_CM3/port.o
                0x00000000080017e4                pxPortInitialiseStack
 .text.prvTaskExitError
                0x000000000800183c       0x58 ./Middlewares/Third_Party/FreeRTOS/Source/portable/GCC/ARM_CM3/port.o
 *fill*         0x0000000008001894        0xc 
 .text.SVC_Handler
                0x00000000080018a0       0x28 ./Middlewares/Third_Party/FreeRTOS/Source/portable/GCC/ARM_CM3/port.o
                0x00000000080018a0                SVC_Handler
 .text.prvPortStartFirstTask
                0x00000000080018c8       0x20 ./Middlewares/Third_Party/FreeRTOS/Source/portable/GCC/ARM_CM3/port.o
 .text.xPortStartScheduler
                0x00000000080018e8       0xe4 ./Middlewares/Third_Party/FreeRTOS/Source/portable/GCC/ARM_CM3/port.o
                0x00000000080018e8                xPortStartScheduler
 .text.vPortEnterCritical
                0x00000000080019cc       0x60 ./Middlewares/Third_Party/FreeRTOS/Source/portable/GCC/ARM_CM3/port.o
                0x00000000080019cc                vPortEnterCritical
 .text.vPortExitCritical
                0x0000000008001a2c       0x50 ./Middlewares/Third_Party/FreeRTOS/Source/portable/GCC/ARM_CM3/port.o
                0x0000000008001a2c                vPortExitCritical
 *fill*         0x0000000008001a7c        0x4 
 .text.PendSV_Handler
                0x0000000008001a80       0x48 ./Middlewares/Third_Party/FreeRTOS/Source/portable/GCC/ARM_CM3/port.o
                0x0000000008001a80                PendSV_Handler
 .text.SysTick_Handler
                0x0000000008001ac8       0x44 ./Middlewares/Third_Party/FreeRTOS/Source/portable/GCC/ARM_CM3/port.o
                0x0000000008001ac8                SysTick_Handler
 .text.vPortSetupTimerInterrupt
                0x0000000008001b0c       0x44 ./Middlewares/Third_Party/FreeRTOS/Source/portable/GCC/ARM_CM3/port.o
                0x0000000008001b0c                vPortSetupTimerInterrupt
 .text.pvPortMalloc
                0x0000000008001b50      0x188 ./Middlewares/Third_Party/FreeRTOS/Source/portable/MemMang/heap_4.o
                0x0000000008001b50                pvPortMalloc
 .text.vPortFree
                0x0000000008001cd8       0xb4 ./Middlewares/Third_Party/FreeRTOS/Source/portable/MemMang/heap_4.o
                0x0000000008001cd8                vPortFree
 .text.prvHeapInit
                0x0000000008001d8c       0xc4 ./Middlewares/Third_Party/FreeRTOS/Source/portable/MemMang/heap_4.o
 .text.prvInsertBlockIntoFreeList
                0x0000000008001e50       0xb0 ./Middlewares/Third_Party/FreeRTOS/Source/portable/MemMang/heap_4.o
 .text.__errno  0x0000000008001f00        0xc d:/stm32cubeide/stm32cubeide_1.12.0/stm32cubeide/plugins/com.st.stm32cube.ide.mcu.externaltools.gnu-tools-for-stm32.10.3-2021.10.win32_1.0.200.202301161003/tools/bin/../lib/gcc/arm-none-eabi/10.3.1/../../../../arm-none-eabi/lib/thumb/v7-m/nofp\libc_nano.a(lib_a-errno.o)
                0x0000000008001f00                __errno
 .text.std      0x0000000008001f0c       0x48 d:/stm32cubeide/stm32cubeide_1.12.0/stm32cubeide/plugins/com.st.stm32cube.ide.mcu.externaltools.gnu-tools-for-stm32.10.3-2021.10.win32_1.0.200.202301161003/tools/bin/../lib/gcc/arm-none-eabi/10.3.1/../../../../arm-none-eabi/lib/thumb/v7-m/nofp\libc_nano.a(lib_a-findfp.o)
 .text._cleanup_r
                0x0000000008001f54        0xc d:/stm32cubeide/stm32cubeide_1.12.0/stm32cubeide/plugins/com.st.stm32cube.ide.mcu.externaltools.gnu-tools-for-stm32.10.3-2021.10.win32_1.0.200.202301161003/tools/bin/../lib/gcc/arm-none-eabi/10.3.1/../../../../arm-none-eabi/lib/thumb/v7-m/nofp\libc_nano.a(lib_a-findfp.o)
                0x0000000008001f54                _cleanup_r
 .text.__sfmoreglue
                0x0000000008001f60       0x2c d:/stm32cubeide/stm32cubeide_1.12.0/stm32cubeide/plugins/com.st.stm32cube.ide.mcu.externaltools.gnu-tools-for-stm32.10.3-2021.10.win32_1.0.200.202301161003/tools/bin/../lib/gcc/arm-none-eabi/10.3.1/../../../../arm-none-eabi/lib/thumb/v7-m/nofp\libc_nano.a(lib_a-findfp.o)
                0x0000000008001f60                __sfmoreglue
 .text.__sfp_lock_acquire
                0x0000000008001f8c        0xc d:/stm32cubeide/stm32cubeide_1.12.0/stm32cubeide/plugins/com.st.stm32cube.ide.mcu.externaltools.gnu-tools-for-stm32.10.3-2021.10.win32_1.0.200.202301161003/tools/bin/../lib/gcc/arm-none-eabi/10.3.1/../../../../arm-none-eabi/lib/thumb/v7-m/nofp\libc_nano.a(lib_a-findfp.o)
                0x0000000008001f8c                __sfp_lock_acquire
 .text.__sfp_lock_release
                0x0000000008001f98        0xc d:/stm32cubeide/stm32cubeide_1.12.0/stm32cubeide/plugins/com.st.stm32cube.ide.mcu.externaltools.gnu-tools-for-stm32.10.3-2021.10.win32_1.0.200.202301161003/tools/bin/../lib/gcc/arm-none-eabi/10.3.1/../../../../arm-none-eabi/lib/thumb/v7-m/nofp\libc_nano.a(lib_a-findfp.o)
                0x0000000008001f98                __sfp_lock_release
 .text.__sinit_lock_acquire
                0x0000000008001fa4        0xc d:/stm32cubeide/stm32cubeide_1.12.0/stm32cubeide/plugins/com.st.stm32cube.ide.mcu.externaltools.gnu-tools-for-stm32.10.3-2021.10.win32_1.0.200.202301161003/tools/bin/../lib/gcc/arm-none-eabi/10.3.1/../../../../arm-none-eabi/lib/thumb/v7-m/nofp\libc_nano.a(lib_a-findfp.o)
                0x0000000008001fa4                __sinit_lock_acquire
 .text.__sinit_lock_release
                0x0000000008001fb0        0xc d:/stm32cubeide/stm32cubeide_1.12.0/stm32cubeide/plugins/com.st.stm32cube.ide.mcu.externaltools.gnu-tools-for-stm32.10.3-2021.10.win32_1.0.200.202301161003/tools/bin/../lib/gcc/arm-none-eabi/10.3.1/../../../../arm-none-eabi/lib/thumb/v7-m/nofp\libc_nano.a(lib_a-findfp.o)
                0x0000000008001fb0                __sinit_lock_release
 .text.__sinit  0x0000000008001fbc       0x70 d:/stm32cubeide/stm32cubeide_1.12.0/stm32cubeide/plugins/com.st.stm32cube.ide.mcu.externaltools.gnu-tools-for-stm32.10.3-2021.10.win32_1.0.200.202301161003/tools/bin/../lib/gcc/arm-none-eabi/10.3.1/../../../../arm-none-eabi/lib/thumb/v7-m/nofp\libc_nano.a(lib_a-findfp.o)
                0x0000000008001fbc                __sinit
 .text.__sfp    0x000000000800202c       0x8c d:/stm32cubeide/stm32cubeide_1.12.0/stm32cubeide/plugins/com.st.stm32cube.ide.mcu.externaltools.gnu-tools-for-stm32.10.3-2021.10.win32_1.0.200.202301161003/tools/bin/../lib/gcc/arm-none-eabi/10.3.1/../../../../arm-none-eabi/lib/thumb/v7-m/nofp\libc_nano.a(lib_a-findfp.o)
                0x000000000800202c                __sfp
 .text._fwalk_reent
                0x00000000080020b8       0x3e d:/stm32cubeide/stm32cubeide_1.12.0/stm32cubeide/plugins/com.st.stm32cube.ide.mcu.externaltools.gnu-tools-for-stm32.10.3-2021.10.win32_1.0.200.202301161003/tools/bin/../lib/gcc/arm-none-eabi/10.3.1/../../../../arm-none-eabi/lib/thumb/v7-m/nofp\libc_nano.a(lib_a-fwalk.o)
                0x00000000080020b8                _fwalk_reent
 *fill*         0x00000000080020f6        0x2 
 .text.__libc_init_array
                0x00000000080020f8       0x48 d:/stm32cubeide/stm32cubeide_1.12.0/stm32cubeide/plugins/com.st.stm32cube.ide.mcu.externaltools.gnu-tools-for-stm32.10.3-2021.10.win32_1.0.200.202301161003/tools/bin/../lib/gcc/arm-none-eabi/10.3.1/../../../../arm-none-eabi/lib/thumb/v7-m/nofp\libc_nano.a(lib_a-init.o)
                0x00000000080020f8                __libc_init_array
 .text.__retarget_lock_init_recursive
                0x0000000008002140        0x2 d:/stm32cubeide/stm32cubeide_1.12.0/stm32cubeide/plugins/com.st.stm32cube.ide.mcu.externaltools.gnu-tools-for-stm32.10.3-2021.10.win32_1.0.200.202301161003/tools/bin/../lib/gcc/arm-none-eabi/10.3.1/../../../../arm-none-eabi/lib/thumb/v7-m/nofp\libc_nano.a(lib_a-lock.o)
                0x0000000008002140                __retarget_lock_init_recursive
 .text.__retarget_lock_acquire_recursive
                0x0000000008002142        0x2 d:/stm32cubeide/stm32cubeide_1.12.0/stm32cubeide/plugins/com.st.stm32cube.ide.mcu.externaltools.gnu-tools-for-stm32.10.3-2021.10.win32_1.0.200.202301161003/tools/bin/../lib/gcc/arm-none-eabi/10.3.1/../../../../arm-none-eabi/lib/thumb/v7-m/nofp\libc_nano.a(lib_a-lock.o)
                0x0000000008002142                __retarget_lock_acquire_recursive
 .text.__retarget_lock_release_recursive
                0x0000000008002144        0x2 d:/stm32cubeide/stm32cubeide_1.12.0/stm32cubeide/plugins/com.st.stm32cube.ide.mcu.externaltools.gnu-tools-for-stm32.10.3-2021.10.win32_1.0.200.202301161003/tools/bin/../lib/gcc/arm-none-eabi/10.3.1/../../../../arm-none-eabi/lib/thumb/v7-m/nofp\libc_nano.a(lib_a-lock.o)
                0x0000000008002144                __retarget_lock_release_recursive
 .text.memset   0x0000000008002146       0x10 d:/stm32cubeide/stm32cubeide_1.12.0/stm32cubeide/plugins/com.st.stm32cube.ide.mcu.externaltools.gnu-tools-for-stm32.10.3-2021.10.win32_1.0.200.202301161003/tools/bin/../lib/gcc/arm-none-eabi/10.3.1/../../../../arm-none-eabi/lib/thumb/v7-m/nofp\libc_nano.a(lib_a-memset.o)
                0x0000000008002146                memset
 *fill*         0x0000000008002156        0x2 
 .text.sbrk_aligned
                0x0000000008002158       0x40 d:/stm32cubeide/stm32cubeide_1.12.0/stm32cubeide/plugins/com.st.stm32cube.ide.mcu.externaltools.gnu-tools-for-stm32.10.3-2021.10.win32_1.0.200.202301161003/tools/bin/../lib/gcc/arm-none-eabi/10.3.1/../../../../arm-none-eabi/lib/thumb/v7-m/nofp\libc_nano.a(lib_a-nano-mallocr.o)
 .text._malloc_r
                0x0000000008002198       0xe8 d:/stm32cubeide/stm32cubeide_1.12.0/stm32cubeide/plugins/com.st.stm32cube.ide.mcu.externaltools.gnu-tools-for-stm32.10.3-2021.10.win32_1.0.200.202301161003/tools/bin/../lib/gcc/arm-none-eabi/10.3.1/../../../../arm-none-eabi/lib/thumb/v7-m/nofp\libc_nano.a(lib_a-nano-mallocr.o)
                0x0000000008002198                _malloc_r
 .text.printf   0x0000000008002280       0x30 d:/stm32cubeide/stm32cubeide_1.12.0/stm32cubeide/plugins/com.st.stm32cube.ide.mcu.externaltools.gnu-tools-for-stm32.10.3-2021.10.win32_1.0.200.202301161003/tools/bin/../lib/gcc/arm-none-eabi/10.3.1/../../../../arm-none-eabi/lib/thumb/v7-m/nofp\libc_nano.a(lib_a-printf.o)
                0x0000000008002280                iprintf
                0x0000000008002280                printf
 .text._puts_r  0x00000000080022b0       0xdc d:/stm32cubeide/stm32cubeide_1.12.0/stm32cubeide/plugins/com.st.stm32cube.ide.mcu.externaltools.gnu-tools-for-stm32.10.3-2021.10.win32_1.0.200.202301161003/tools/bin/../lib/gcc/arm-none-eabi/10.3.1/../../../../arm-none-eabi/lib/thumb/v7-m/nofp\libc_nano.a(lib_a-puts.o)
                0x00000000080022b0                _puts_r
 .text.puts     0x000000000800238c       0x10 d:/stm32cubeide/stm32cubeide_1.12.0/stm32cubeide/plugins/com.st.stm32cube.ide.mcu.externaltools.gnu-tools-for-stm32.10.3-2021.10.win32_1.0.200.202301161003/tools/bin/../lib/gcc/arm-none-eabi/10.3.1/../../../../arm-none-eabi/lib/thumb/v7-m/nofp\libc_nano.a(lib_a-puts.o)
                0x000000000800238c                puts
 .text.cleanup_glue
                0x000000000800239c       0x1a d:/stm32cubeide/stm32cubeide_1.12.0/stm32cubeide/plugins/com.st.stm32cube.ide.mcu.externaltools.gnu-tools-for-stm32.10.3-2021.10.win32_1.0.200.202301161003/tools/bin/../lib/gcc/arm-none-eabi/10.3.1/../../../../arm-none-eabi/lib/thumb/v7-m/nofp\libc_nano.a(lib_a-reent.o)
                0x000000000800239c                cleanup_glue
 *fill*         0x00000000080023b6        0x2 
 .text._reclaim_reent
                0x00000000080023b8       0xb8 d:/stm32cubeide/stm32cubeide_1.12.0/stm32cubeide/plugins/com.st.stm32cube.ide.mcu.externaltools.gnu-tools-for-stm32.10.3-2021.10.win32_1.0.200.202301161003/tools/bin/../lib/gcc/arm-none-eabi/10.3.1/../../../../arm-none-eabi/lib/thumb/v7-m/nofp\libc_nano.a(lib_a-reent.o)
                0x00000000080023b8                _reclaim_reent
 .text._sbrk_r  0x0000000008002470       0x20 d:/stm32cubeide/stm32cubeide_1.12.0/stm32cubeide/plugins/com.st.stm32cube.ide.mcu.externaltools.gnu-tools-for-stm32.10.3-2021.10.win32_1.0.200.202301161003/tools/bin/../lib/gcc/arm-none-eabi/10.3.1/../../../../arm-none-eabi/lib/thumb/v7-m/nofp\libc_nano.a(lib_a-sbrkr.o)
                0x0000000008002470                _sbrk_r
 .text.__sread  0x0000000008002490       0x22 d:/stm32cubeide/stm32cubeide_1.12.0/stm32cubeide/plugins/com.st.stm32cube.ide.mcu.externaltools.gnu-tools-for-stm32.10.3-2021.10.win32_1.0.200.202301161003/tools/bin/../lib/gcc/arm-none-eabi/10.3.1/../../../../arm-none-eabi/lib/thumb/v7-m/nofp\libc_nano.a(lib_a-stdio.o)
                0x0000000008002490                __sread
 .text.__swrite
                0x00000000080024b2       0x38 d:/stm32cubeide/stm32cubeide_1.12.0/stm32cubeide/plugins/com.st.stm32cube.ide.mcu.externaltools.gnu-tools-for-stm32.10.3-2021.10.win32_1.0.200.202301161003/tools/bin/../lib/gcc/arm-none-eabi/10.3.1/../../../../arm-none-eabi/lib/thumb/v7-m/nofp\libc_nano.a(lib_a-stdio.o)
                0x00000000080024b2                __swrite
 .text.__sseek  0x00000000080024ea       0x24 d:/stm32cubeide/stm32cubeide_1.12.0/stm32cubeide/plugins/com.st.stm32cube.ide.mcu.externaltools.gnu-tools-for-stm32.10.3-2021.10.win32_1.0.200.202301161003/tools/bin/../lib/gcc/arm-none-eabi/10.3.1/../../../../arm-none-eabi/lib/thumb/v7-m/nofp\libc_nano.a(lib_a-stdio.o)
                0x00000000080024ea                __sseek
 .text.__sclose
                0x000000000800250e        0x8 d:/stm32cubeide/stm32cubeide_1.12.0/stm32cubeide/plugins/com.st.stm32cube.ide.mcu.externaltools.gnu-tools-for-stm32.10.3-2021.10.win32_1.0.200.202301161003/tools/bin/../lib/gcc/arm-none-eabi/10.3.1/../../../../arm-none-eabi/lib/thumb/v7-m/nofp\libc_nano.a(lib_a-stdio.o)
                0x000000000800250e                __sclose
 *fill*         0x0000000008002516        0x2 
 .text.__swbuf_r
                0x0000000008002518       0xa4 d:/stm32cubeide/stm32cubeide_1.12.0/stm32cubeide/plugins/com.st.stm32cube.ide.mcu.externaltools.gnu-tools-for-stm32.10.3-2021.10.win32_1.0.200.202301161003/tools/bin/../lib/gcc/arm-none-eabi/10.3.1/../../../../arm-none-eabi/lib/thumb/v7-m/nofp\libc_nano.a(lib_a-wbuf.o)
                0x0000000008002518                __swbuf_r
 .text._write_r
                0x00000000080025bc       0x24 d:/stm32cubeide/stm32cubeide_1.12.0/stm32cubeide/plugins/com.st.stm32cube.ide.mcu.externaltools.gnu-tools-for-stm32.10.3-2021.10.win32_1.0.200.202301161003/tools/bin/../lib/gcc/arm-none-eabi/10.3.1/../../../../arm-none-eabi/lib/thumb/v7-m/nofp\libc_nano.a(lib_a-writer.o)
                0x00000000080025bc                _write_r
 .text.__swsetup_r
                0x00000000080025e0       0xdc d:/stm32cubeide/stm32cubeide_1.12.0/stm32cubeide/plugins/com.st.stm32cube.ide.mcu.externaltools.gnu-tools-for-stm32.10.3-2021.10.win32_1.0.200.202301161003/tools/bin/../lib/gcc/arm-none-eabi/10.3.1/../../../../arm-none-eabi/lib/thumb/v7-m/nofp\libc_nano.a(lib_a-wsetup.o)
                0x00000000080025e0                __swsetup_r
 .text._close_r
                0x00000000080026bc       0x20 d:/stm32cubeide/stm32cubeide_1.12.0/stm32cubeide/plugins/com.st.stm32cube.ide.mcu.externaltools.gnu-tools-for-stm32.10.3-2021.10.win32_1.0.200.202301161003/tools/bin/../lib/gcc/arm-none-eabi/10.3.1/../../../../arm-none-eabi/lib/thumb/v7-m/nofp\libc_nano.a(lib_a-closer.o)
                0x00000000080026bc                _close_r
 .text.__sflush_r
                0x00000000080026dc      0x104 d:/stm32cubeide/stm32cubeide_1.12.0/stm32cubeide/plugins/com.st.stm32cube.ide.mcu.externaltools.gnu-tools-for-stm32.10.3-2021.10.win32_1.0.200.202301161003/tools/bin/../lib/gcc/arm-none-eabi/10.3.1/../../../../arm-none-eabi/lib/thumb/v7-m/nofp\libc_nano.a(lib_a-fflush.o)
                0x00000000080026dc                __sflush_r
 .text._fflush_r
                0x00000000080027e0       0x78 d:/stm32cubeide/stm32cubeide_1.12.0/stm32cubeide/plugins/com.st.stm32cube.ide.mcu.externaltools.gnu-tools-for-stm32.10.3-2021.10.win32_1.0.200.202301161003/tools/bin/../lib/gcc/arm-none-eabi/10.3.1/../../../../arm-none-eabi/lib/thumb/v7-m/nofp\libc_nano.a(lib_a-fflush.o)
                0x00000000080027e0                _fflush_r
 .text._lseek_r
                0x0000000008002858       0x24 d:/stm32cubeide/stm32cubeide_1.12.0/stm32cubeide/plugins/com.st.stm32cube.ide.mcu.externaltools.gnu-tools-for-stm32.10.3-2021.10.win32_1.0.200.202301161003/tools/bin/../lib/gcc/arm-none-eabi/10.3.1/../../../../arm-none-eabi/lib/thumb/v7-m/nofp\libc_nano.a(lib_a-lseekr.o)
                0x0000000008002858                _lseek_r
 .text.__swhatbuf_r
                0x000000000800287c       0x4a d:/stm32cubeide/stm32cubeide_1.12.0/stm32cubeide/plugins/com.st.stm32cube.ide.mcu.externaltools.gnu-tools-for-stm32.10.3-2021.10.win32_1.0.200.202301161003/tools/bin/../lib/gcc/arm-none-eabi/10.3.1/../../../../arm-none-eabi/lib/thumb/v7-m/nofp\libc_nano.a(lib_a-makebuf.o)
                0x000000000800287c                __swhatbuf_r
 *fill*         0x00000000080028c6        0x2 
 .text.__smakebuf_r
                0x00000000080028c8       0x80 d:/stm32cubeide/stm32cubeide_1.12.0/stm32cubeide/plugins/com.st.stm32cube.ide.mcu.externaltools.gnu-tools-for-stm32.10.3-2021.10.win32_1.0.200.202301161003/tools/bin/../lib/gcc/arm-none-eabi/10.3.1/../../../../arm-none-eabi/lib/thumb/v7-m/nofp\libc_nano.a(lib_a-makebuf.o)
                0x00000000080028c8                __smakebuf_r
 .text.__malloc_lock
                0x0000000008002948        0xc d:/stm32cubeide/stm32cubeide_1.12.0/stm32cubeide/plugins/com.st.stm32cube.ide.mcu.externaltools.gnu-tools-for-stm32.10.3-2021.10.win32_1.0.200.202301161003/tools/bin/../lib/gcc/arm-none-eabi/10.3.1/../../../../arm-none-eabi/lib/thumb/v7-m/nofp\libc_nano.a(lib_a-mlock.o)
                0x0000000008002948                __malloc_lock
 .text.__malloc_unlock
                0x0000000008002954        0xc d:/stm32cubeide/stm32cubeide_1.12.0/stm32cubeide/plugins/com.st.stm32cube.ide.mcu.externaltools.gnu-tools-for-stm32.10.3-2021.10.win32_1.0.200.202301161003/tools/bin/../lib/gcc/arm-none-eabi/10.3.1/../../../../arm-none-eabi/lib/thumb/v7-m/nofp\libc_nano.a(lib_a-mlock.o)
                0x0000000008002954                __malloc_unlock
 .text._free_r  0x0000000008002960       0x90 d:/stm32cubeide/stm32cubeide_1.12.0/stm32cubeide/plugins/com.st.stm32cube.ide.mcu.externaltools.gnu-tools-for-stm32.10.3-2021.10.win32_1.0.200.202301161003/tools/bin/../lib/gcc/arm-none-eabi/10.3.1/../../../../arm-none-eabi/lib/thumb/v7-m/nofp\libc_nano.a(lib_a-nano-freer.o)
                0x0000000008002960                _free_r
 .text.__sfputc_r
                0x00000000080029f0       0x2a d:/stm32cubeide/stm32cubeide_1.12.0/stm32cubeide/plugins/com.st.stm32cube.ide.mcu.externaltools.gnu-tools-for-stm32.10.3-2021.10.win32_1.0.200.202301161003/tools/bin/../lib/gcc/arm-none-eabi/10.3.1/../../../../arm-none-eabi/lib/thumb/v7-m/nofp\libc_nano.a(lib_a-nano-vfprintf.o)
 .text.__sfputs_r
                0x0000000008002a1a       0x24 d:/stm32cubeide/stm32cubeide_1.12.0/stm32cubeide/plugins/com.st.stm32cube.ide.mcu.externaltools.gnu-tools-for-stm32.10.3-2021.10.win32_1.0.200.202301161003/tools/bin/../lib/gcc/arm-none-eabi/10.3.1/../../../../arm-none-eabi/lib/thumb/v7-m/nofp\libc_nano.a(lib_a-nano-vfprintf.o)
                0x0000000008002a1a                __sfputs_r
 *fill*         0x0000000008002a3e        0x2 
 .text._vfprintf_r
                0x0000000008002a40      0x260 d:/stm32cubeide/stm32cubeide_1.12.0/stm32cubeide/plugins/com.st.stm32cube.ide.mcu.externaltools.gnu-tools-for-stm32.10.3-2021.10.win32_1.0.200.202301161003/tools/bin/../lib/gcc/arm-none-eabi/10.3.1/../../../../arm-none-eabi/lib/thumb/v7-m/nofp\libc_nano.a(lib_a-nano-vfprintf.o)
                0x0000000008002a40                _vfprintf_r
                0x0000000008002a40                _vfiprintf_r
 .text._printf_common
                0x0000000008002ca0       0xde d:/stm32cubeide/stm32cubeide_1.12.0/stm32cubeide/plugins/com.st.stm32cube.ide.mcu.externaltools.gnu-tools-for-stm32.10.3-2021.10.win32_1.0.200.202301161003/tools/bin/../lib/gcc/arm-none-eabi/10.3.1/../../../../arm-none-eabi/lib/thumb/v7-m/nofp\libc_nano.a(lib_a-nano-vfprintf_i.o)
                0x0000000008002ca0                _printf_common
 *fill*         0x0000000008002d7e        0x2 
 .text._printf_i
                0x0000000008002d80      0x24c d:/stm32cubeide/stm32cubeide_1.12.0/stm32cubeide/plugins/com.st.stm32cube.ide.mcu.externaltools.gnu-tools-for-stm32.10.3-2021.10.win32_1.0.200.202301161003/tools/bin/../lib/gcc/arm-none-eabi/10.3.1/../../../../arm-none-eabi/lib/thumb/v7-m/nofp\libc_nano.a(lib_a-nano-vfprintf_i.o)
                0x0000000008002d80                _printf_i
 .text._read_r  0x0000000008002fcc       0x24 d:/stm32cubeide/stm32cubeide_1.12.0/stm32cubeide/plugins/com.st.stm32cube.ide.mcu.externaltools.gnu-tools-for-stm32.10.3-2021.10.win32_1.0.200.202301161003/tools/bin/../lib/gcc/arm-none-eabi/10.3.1/../../../../arm-none-eabi/lib/thumb/v7-m/nofp\libc_nano.a(lib_a-readr.o)
                0x0000000008002fcc                _read_r
 .text._fstat_r
                0x0000000008002ff0       0x24 d:/stm32cubeide/stm32cubeide_1.12.0/stm32cubeide/plugins/com.st.stm32cube.ide.mcu.externaltools.gnu-tools-for-stm32.10.3-2021.10.win32_1.0.200.202301161003/tools/bin/../lib/gcc/arm-none-eabi/10.3.1/../../../../arm-none-eabi/lib/thumb/v7-m/nofp\libc_nano.a(lib_a-fstatr.o)
                0x0000000008002ff0                _fstat_r
 .text._isatty_r
                0x0000000008003014       0x20 d:/stm32cubeide/stm32cubeide_1.12.0/stm32cubeide/plugins/com.st.stm32cube.ide.mcu.externaltools.gnu-tools-for-stm32.10.3-2021.10.win32_1.0.200.202301161003/tools/bin/../lib/gcc/arm-none-eabi/10.3.1/../../../../arm-none-eabi/lib/thumb/v7-m/nofp\libc_nano.a(lib_a-isattyr.o)
                0x0000000008003014                _isatty_r
 .text.memchr   0x0000000008003034       0x1c d:/stm32cubeide/stm32cubeide_1.12.0/stm32cubeide/plugins/com.st.stm32cube.ide.mcu.externaltools.gnu-tools-for-stm32.10.3-2021.10.win32_1.0.200.202301161003/tools/bin/../lib/gcc/arm-none-eabi/10.3.1/../../../../arm-none-eabi/lib/thumb/v7-m/nofp\libc_nano.a(lib_a-memchr-stub.o)
                0x0000000008003034                memchr
 *(.glue_7)
 .glue_7        0x0000000008003050        0x0 linker stubs
 *(.glue_7t)
 .glue_7t       0x0000000008003050        0x0 linker stubs
 *(.eh_frame)
 .eh_frame      0x0000000008003050        0x0 d:/stm32cubeide/stm32cubeide_1.12.0/stm32cubeide/plugins/com.st.stm32cube.ide.mcu.externaltools.gnu-tools-for-stm32.10.3-2021.10.win32_1.0.200.202301161003/tools/bin/../lib/gcc/arm-none-eabi/10.3.1/thumb/v7-m/nofp/crtbegin.o
 *(.init)
 .init          0x0000000008003050        0x4 d:/stm32cubeide/stm32cubeide_1.12.0/stm32cubeide/plugins/com.st.stm32cube.ide.mcu.externaltools.gnu-tools-for-stm32.10.3-2021.10.win32_1.0.200.202301161003/tools/bin/../lib/gcc/arm-none-eabi/10.3.1/thumb/v7-m/nofp/crti.o
                0x0000000008003050                _init
 .init          0x0000000008003054        0x8 d:/stm32cubeide/stm32cubeide_1.12.0/stm32cubeide/plugins/com.st.stm32cube.ide.mcu.externaltools.gnu-tools-for-stm32.10.3-2021.10.win32_1.0.200.202301161003/tools/bin/../lib/gcc/arm-none-eabi/10.3.1/thumb/v7-m/nofp/crtn.o
 *(.fini)
 .fini          0x000000000800305c        0x4 d:/stm32cubeide/stm32cubeide_1.12.0/stm32cubeide/plugins/com.st.stm32cube.ide.mcu.externaltools.gnu-tools-for-stm32.10.3-2021.10.win32_1.0.200.202301161003/tools/bin/../lib/gcc/arm-none-eabi/10.3.1/thumb/v7-m/nofp/crti.o
                0x000000000800305c                _fini
 .fini          0x0000000008003060        0x8 d:/stm32cubeide/stm32cubeide_1.12.0/stm32cubeide/plugins/com.st.stm32cube.ide.mcu.externaltools.gnu-tools-for-stm32.10.3-2021.10.win32_1.0.200.202301161003/tools/bin/../lib/gcc/arm-none-eabi/10.3.1/thumb/v7-m/nofp/crtn.o
                0x0000000008003068                . = ALIGN (0x4)
                0x0000000008003068                _etext = .

.vfp11_veneer   0x0000000008003068        0x0
 .vfp11_veneer  0x0000000008003068        0x0 linker stubs

.v4_bx          0x0000000008003068        0x0
 .v4_bx         0x0000000008003068        0x0 linker stubs

.iplt           0x0000000008003068        0x0
 .iplt          0x0000000008003068        0x0 d:/stm32cubeide/stm32cubeide_1.12.0/stm32cubeide/plugins/com.st.stm32cube.ide.mcu.externaltools.gnu-tools-for-stm32.10.3-2021.10.win32_1.0.200.202301161003/tools/bin/../lib/gcc/arm-none-eabi/10.3.1/thumb/v7-m/nofp/crtbegin.o

.rodata         0x0000000008003068      0x120
                0x0000000008003068                . = ALIGN (0x4)
 *(.rodata)
 .rodata        0x0000000008003068       0x80 ./Core/Src/main.o
 .rodata        0x00000000080030e8        0x5 ./Middlewares/Third_Party/FreeRTOS/Source/tasks.o
 *(.rodata*)
 *fill*         0x00000000080030ed        0x3 
 .rodata.__sf_fake_stderr
                0x00000000080030f0       0x20 d:/stm32cubeide/stm32cubeide_1.12.0/stm32cubeide/plugins/com.st.stm32cube.ide.mcu.externaltools.gnu-tools-for-stm32.10.3-2021.10.win32_1.0.200.202301161003/tools/bin/../lib/gcc/arm-none-eabi/10.3.1/../../../../arm-none-eabi/lib/thumb/v7-m/nofp\libc_nano.a(lib_a-findfp.o)
                0x00000000080030f0                __sf_fake_stderr
 .rodata.__sf_fake_stdin
                0x0000000008003110       0x20 d:/stm32cubeide/stm32cubeide_1.12.0/stm32cubeide/plugins/com.st.stm32cube.ide.mcu.externaltools.gnu-tools-for-stm32.10.3-2021.10.win32_1.0.200.202301161003/tools/bin/../lib/gcc/arm-none-eabi/10.3.1/../../../../arm-none-eabi/lib/thumb/v7-m/nofp\libc_nano.a(lib_a-findfp.o)
                0x0000000008003110                __sf_fake_stdin
 .rodata.__sf_fake_stdout
                0x0000000008003130       0x20 d:/stm32cubeide/stm32cubeide_1.12.0/stm32cubeide/plugins/com.st.stm32cube.ide.mcu.externaltools.gnu-tools-for-stm32.10.3-2021.10.win32_1.0.200.202301161003/tools/bin/../lib/gcc/arm-none-eabi/10.3.1/../../../../arm-none-eabi/lib/thumb/v7-m/nofp\libc_nano.a(lib_a-findfp.o)
                0x0000000008003130                __sf_fake_stdout
 .rodata._global_impure_ptr
                0x0000000008003150        0x4 d:/stm32cubeide/stm32cubeide_1.12.0/stm32cubeide/plugins/com.st.stm32cube.ide.mcu.externaltools.gnu-tools-for-stm32.10.3-2021.10.win32_1.0.200.202301161003/tools/bin/../lib/gcc/arm-none-eabi/10.3.1/../../../../arm-none-eabi/lib/thumb/v7-m/nofp\libc_nano.a(lib_a-impure.o)
                0x0000000008003150                _global_impure_ptr
 .rodata._vfprintf_r.str1.1
                0x0000000008003154       0x11 d:/stm32cubeide/stm32cubeide_1.12.0/stm32cubeide/plugins/com.st.stm32cube.ide.mcu.externaltools.gnu-tools-for-stm32.10.3-2021.10.win32_1.0.200.202301161003/tools/bin/../lib/gcc/arm-none-eabi/10.3.1/../../../../arm-none-eabi/lib/thumb/v7-m/nofp\libc_nano.a(lib_a-nano-vfprintf.o)
 .rodata._printf_i.str1.1
                0x0000000008003165       0x22 d:/stm32cubeide/stm32cubeide_1.12.0/stm32cubeide/plugins/com.st.stm32cube.ide.mcu.externaltools.gnu-tools-for-stm32.10.3-2021.10.win32_1.0.200.202301161003/tools/bin/../lib/gcc/arm-none-eabi/10.3.1/../../../../arm-none-eabi/lib/thumb/v7-m/nofp\libc_nano.a(lib_a-nano-vfprintf_i.o)
                0x0000000008003188                . = ALIGN (0x4)
 *fill*         0x0000000008003187        0x1 

.rel.dyn        0x0000000008003188        0x0
 .rel.iplt      0x0000000008003188        0x0 d:/stm32cubeide/stm32cubeide_1.12.0/stm32cubeide/plugins/com.st.stm32cube.ide.mcu.externaltools.gnu-tools-for-stm32.10.3-2021.10.win32_1.0.200.202301161003/tools/bin/../lib/gcc/arm-none-eabi/10.3.1/thumb/v7-m/nofp/crtbegin.o

.ARM.extab      0x0000000008003188        0x0
                0x0000000008003188                . = ALIGN (0x4)
 *(.ARM.extab* .gnu.linkonce.armextab.*)
                0x0000000008003188                . = ALIGN (0x4)

.ARM            0x0000000008003188        0x0
                0x0000000008003188                . = ALIGN (0x4)
                0x0000000008003188                __exidx_start = .
 *(.ARM.exidx*)
                0x0000000008003188                __exidx_end = .
                0x0000000008003188                . = ALIGN (0x4)

.preinit_array  0x0000000008003188        0x0
                0x0000000008003188                . = ALIGN (0x4)
                0x0000000008003188                PROVIDE (__preinit_array_start = .)
 *(.preinit_array*)
                0x0000000008003188                PROVIDE (__preinit_array_end = .)
                0x0000000008003188                . = ALIGN (0x4)

.init_array     0x0000000008003188        0x4
                0x0000000008003188                . = ALIGN (0x4)
                0x0000000008003188                PROVIDE (__init_array_start = .)
 *(SORT_BY_NAME(.init_array.*))
 *(.init_array*)
 .init_array    0x0000000008003188        0x4 d:/stm32cubeide/stm32cubeide_1.12.0/stm32cubeide/plugins/com.st.stm32cube.ide.mcu.externaltools.gnu-tools-for-stm32.10.3-2021.10.win32_1.0.200.202301161003/tools/bin/../lib/gcc/arm-none-eabi/10.3.1/thumb/v7-m/nofp/crtbegin.o
                0x000000000800318c                PROVIDE (__init_array_end = .)
                0x000000000800318c                . = ALIGN (0x4)

.fini_array     0x000000000800318c        0x4
                0x000000000800318c                . = ALIGN (0x4)
                [!provide]                        PROVIDE (__fini_array_start = .)
 *(SORT_BY_NAME(.fini_array.*))
 *(.fini_array*)
 .fini_array    0x000000000800318c        0x4 d:/stm32cubeide/stm32cubeide_1.12.0/stm32cubeide/plugins/com.st.stm32cube.ide.mcu.externaltools.gnu-tools-for-stm32.10.3-2021.10.win32_1.0.200.202301161003/tools/bin/../lib/gcc/arm-none-eabi/10.3.1/thumb/v7-m/nofp/crtbegin.o
                [!provide]                        PROVIDE (__fini_array_end = .)
                0x0000000008003190                . = ALIGN (0x4)
                0x0000000008003190                _sidata = LOADADDR (.data)

.data           0x0000000020000000       0x7c load address 0x0000000008003190
                0x0000000020000000                . = ALIGN (0x4)
                0x0000000020000000                _sdata = .
 *(.data)
 *(.data*)
 .data.GPIOB_Pin
                0x0000000020000000        0x2 ./Core/Src/main.o
                0x0000000020000000                GPIOB_Pin
 *fill*         0x0000000020000002        0x2 
 .data.GPIOB_mode
                0x0000000020000004        0x2 ./Core/Src/main.o
                0x0000000020000004                GPIOB_mode
 *fill*         0x0000000020000006        0x2 
 .data.GPIOA_Pin
                0x0000000020000008        0x2 ./Core/Src/main.o
                0x0000000020000008                GPIOA_Pin
 *fill*         0x000000002000000a        0x2 
 .data.numberADC
                0x000000002000000c        0x2 ./Core/Src/main.o
                0x000000002000000c                numberADC
 *fill*         0x000000002000000e        0x2 
 .data.SystemCoreClock
                0x0000000020000010        0x4 ./Core/Src/system_stm32f1xx.o
                0x0000000020000010                SystemCoreClock
 .data.uxCriticalNesting
                0x0000000020000014        0x4 ./Middlewares/Third_Party/FreeRTOS/Source/portable/GCC/ARM_CM3/port.o
 .data._impure_ptr
                0x0000000020000018        0x4 d:/stm32cubeide/stm32cubeide_1.12.0/stm32cubeide/plugins/com.st.stm32cube.ide.mcu.externaltools.gnu-tools-for-stm32.10.3-2021.10.win32_1.0.200.202301161003/tools/bin/../lib/gcc/arm-none-eabi/10.3.1/../../../../arm-none-eabi/lib/thumb/v7-m/nofp\libc_nano.a(lib_a-impure.o)
                0x0000000020000018                _impure_ptr
 .data.impure_data
                0x000000002000001c       0x60 d:/stm32cubeide/stm32cubeide_1.12.0/stm32cubeide/plugins/com.st.stm32cube.ide.mcu.externaltools.gnu-tools-for-stm32.10.3-2021.10.win32_1.0.200.202301161003/tools/bin/../lib/gcc/arm-none-eabi/10.3.1/../../../../arm-none-eabi/lib/thumb/v7-m/nofp\libc_nano.a(lib_a-impure.o)
 *(.RamFunc)
 *(.RamFunc*)
                0x000000002000007c                . = ALIGN (0x4)
                0x000000002000007c                _edata = .

.igot.plt       0x000000002000007c        0x0 load address 0x000000000800320c
 .igot.plt      0x000000002000007c        0x0 d:/stm32cubeide/stm32cubeide_1.12.0/stm32cubeide/plugins/com.st.stm32cube.ide.mcu.externaltools.gnu-tools-for-stm32.10.3-2021.10.win32_1.0.200.202301161003/tools/bin/../lib/gcc/arm-none-eabi/10.3.1/thumb/v7-m/nofp/crtbegin.o
                0x000000002000007c                . = ALIGN (0x4)

.bss            0x000000002000007c     0x104c load address 0x000000000800320c
                0x000000002000007c                _sbss = .
                0x000000002000007c                __bss_start__ = _sbss
 *(.bss)
 .bss           0x000000002000007c       0x1c d:/stm32cubeide/stm32cubeide_1.12.0/stm32cubeide/plugins/com.st.stm32cube.ide.mcu.externaltools.gnu-tools-for-stm32.10.3-2021.10.win32_1.0.200.202301161003/tools/bin/../lib/gcc/arm-none-eabi/10.3.1/thumb/v7-m/nofp/crtbegin.o
 *(.bss*)
 .bss.xIdleTaskTCBBuffer
                0x0000000020000098       0xb4 ./Core/Src/freertos.o
 .bss.xIdleStack
                0x000000002000014c      0x200 ./Core/Src/freertos.o
 .bss.defaultTaskHandle
                0x000000002000034c        0x4 ./Core/Src/main.o
                0x000000002000034c                defaultTaskHandle
 .bss.task2     0x0000000020000350        0x4 ./Core/Src/main.o
                0x0000000020000350                task2
 .bss.receivedData
                0x0000000020000354        0xa ./Core/Src/main.o
                0x0000000020000354                receivedData
 .bss.dataIndex
                0x000000002000035e        0x1 ./Core/Src/main.o
                0x000000002000035e                dataIndex
 .bss.dataReceivedFlag
                0x000000002000035f        0x1 ./Core/Src/main.o
                0x000000002000035f                dataReceivedFlag
 .bss.GPIOA_mode
                0x0000000020000360        0x2 ./Core/Src/main.o
                0x0000000020000360                GPIOA_mode
 *fill*         0x0000000020000362        0x2 
 .bss.buffer    0x0000000020000364        0x4 ./Core/Src/main.o
                0x0000000020000364                buffer
 .bss.__sbrk_heap_end
                0x0000000020000368        0x4 ./Core/Src/sysmem.o
 .bss.pxCurrentTCB
                0x000000002000036c        0x4 ./Middlewares/Third_Party/FreeRTOS/Source/tasks.o
                0x000000002000036c                pxCurrentTCB
 .bss.pxReadyTasksLists
                0x0000000020000370       0x8c ./Middlewares/Third_Party/FreeRTOS/Source/tasks.o
 .bss.xDelayedTaskList1
                0x00000000200003fc       0x14 ./Middlewares/Third_Party/FreeRTOS/Source/tasks.o
 .bss.xDelayedTaskList2
                0x0000000020000410       0x14 ./Middlewares/Third_Party/FreeRTOS/Source/tasks.o
 .bss.pxDelayedTaskList
                0x0000000020000424        0x4 ./Middlewares/Third_Party/FreeRTOS/Source/tasks.o
 .bss.pxOverflowDelayedTaskList
                0x0000000020000428        0x4 ./Middlewares/Third_Party/FreeRTOS/Source/tasks.o
 .bss.xPendingReadyList
                0x000000002000042c       0x14 ./Middlewares/Third_Party/FreeRTOS/Source/tasks.o
 .bss.xTasksWaitingTermination
                0x0000000020000440       0x14 ./Middlewares/Third_Party/FreeRTOS/Source/tasks.o
 .bss.uxDeletedTasksWaitingCleanUp
                0x0000000020000454        0x4 ./Middlewares/Third_Party/FreeRTOS/Source/tasks.o
 .bss.xSuspendedTaskList
                0x0000000020000458       0x14 ./Middlewares/Third_Party/FreeRTOS/Source/tasks.o
 .bss.uxCurrentNumberOfTasks
                0x000000002000046c        0x4 ./Middlewares/Third_Party/FreeRTOS/Source/tasks.o
 .bss.xTickCount
                0x0000000020000470        0x4 ./Middlewares/Third_Party/FreeRTOS/Source/tasks.o
 .bss.uxTopReadyPriority
                0x0000000020000474        0x4 ./Middlewares/Third_Party/FreeRTOS/Source/tasks.o
 .bss.xSchedulerRunning
                0x0000000020000478        0x4 ./Middlewares/Third_Party/FreeRTOS/Source/tasks.o
 .bss.uxPendedTicks
                0x000000002000047c        0x4 ./Middlewares/Third_Party/FreeRTOS/Source/tasks.o
 .bss.xYieldPending
                0x0000000020000480        0x4 ./Middlewares/Third_Party/FreeRTOS/Source/tasks.o
 .bss.xNumOfOverflows
                0x0000000020000484        0x4 ./Middlewares/Third_Party/FreeRTOS/Source/tasks.o
 .bss.uxTaskNumber
                0x0000000020000488        0x4 ./Middlewares/Third_Party/FreeRTOS/Source/tasks.o
 .bss.xNextTaskUnblockTime
                0x000000002000048c        0x4 ./Middlewares/Third_Party/FreeRTOS/Source/tasks.o
 .bss.xIdleTaskHandle
                0x0000000020000490        0x4 ./Middlewares/Third_Party/FreeRTOS/Source/tasks.o
 .bss.uxSchedulerSuspended
                0x0000000020000494        0x4 ./Middlewares/Third_Party/FreeRTOS/Source/tasks.o
 .bss.ucMaxSysCallPriority
                0x0000000020000498        0x1 ./Middlewares/Third_Party/FreeRTOS/Source/portable/GCC/ARM_CM3/port.o
 *fill*         0x0000000020000499        0x3 
 .bss.ulMaxPRIGROUPValue
                0x000000002000049c        0x4 ./Middlewares/Third_Party/FreeRTOS/Source/portable/GCC/ARM_CM3/port.o
 .bss.ucHeap    0x00000000200004a0      0xc00 ./Middlewares/Third_Party/FreeRTOS/Source/portable/MemMang/heap_4.o
 .bss.xStart    0x00000000200010a0        0x8 ./Middlewares/Third_Party/FreeRTOS/Source/portable/MemMang/heap_4.o
 .bss.pxEnd     0x00000000200010a8        0x4 ./Middlewares/Third_Party/FreeRTOS/Source/portable/MemMang/heap_4.o
 .bss.xFreeBytesRemaining
                0x00000000200010ac        0x4 ./Middlewares/Third_Party/FreeRTOS/Source/portable/MemMang/heap_4.o
 .bss.xMinimumEverFreeBytesRemaining
                0x00000000200010b0        0x4 ./Middlewares/Third_Party/FreeRTOS/Source/portable/MemMang/heap_4.o
 .bss.xBlockAllocatedBit
                0x00000000200010b4        0x4 ./Middlewares/Third_Party/FreeRTOS/Source/portable/MemMang/heap_4.o
 .bss.__lock___malloc_recursive_mutex
                0x00000000200010b8        0x1 d:/stm32cubeide/stm32cubeide_1.12.0/stm32cubeide/plugins/com.st.stm32cube.ide.mcu.externaltools.gnu-tools-for-stm32.10.3-2021.10.win32_1.0.200.202301161003/tools/bin/../lib/gcc/arm-none-eabi/10.3.1/../../../../arm-none-eabi/lib/thumb/v7-m/nofp\libc_nano.a(lib_a-lock.o)
                0x00000000200010b8                __lock___malloc_recursive_mutex
 .bss.__lock___sfp_recursive_mutex
                0x00000000200010b9        0x1 d:/stm32cubeide/stm32cubeide_1.12.0/stm32cubeide/plugins/com.st.stm32cube.ide.mcu.externaltools.gnu-tools-for-stm32.10.3-2021.10.win32_1.0.200.202301161003/tools/bin/../lib/gcc/arm-none-eabi/10.3.1/../../../../arm-none-eabi/lib/thumb/v7-m/nofp\libc_nano.a(lib_a-lock.o)
                0x00000000200010b9                __lock___sfp_recursive_mutex
 .bss.__lock___sinit_recursive_mutex
                0x00000000200010ba        0x1 d:/stm32cubeide/stm32cubeide_1.12.0/stm32cubeide/plugins/com.st.stm32cube.ide.mcu.externaltools.gnu-tools-for-stm32.10.3-2021.10.win32_1.0.200.202301161003/tools/bin/../lib/gcc/arm-none-eabi/10.3.1/../../../../arm-none-eabi/lib/thumb/v7-m/nofp\libc_nano.a(lib_a-lock.o)
                0x00000000200010ba                __lock___sinit_recursive_mutex
 *fill*         0x00000000200010bb        0x1 
 .bss.__malloc_free_list
                0x00000000200010bc        0x4 d:/stm32cubeide/stm32cubeide_1.12.0/stm32cubeide/plugins/com.st.stm32cube.ide.mcu.externaltools.gnu-tools-for-stm32.10.3-2021.10.win32_1.0.200.202301161003/tools/bin/../lib/gcc/arm-none-eabi/10.3.1/../../../../arm-none-eabi/lib/thumb/v7-m/nofp\libc_nano.a(lib_a-nano-mallocr.o)
                0x00000000200010bc                __malloc_free_list
 .bss.__malloc_sbrk_start
                0x00000000200010c0        0x4 d:/stm32cubeide/stm32cubeide_1.12.0/stm32cubeide/plugins/com.st.stm32cube.ide.mcu.externaltools.gnu-tools-for-stm32.10.3-2021.10.win32_1.0.200.202301161003/tools/bin/../lib/gcc/arm-none-eabi/10.3.1/../../../../arm-none-eabi/lib/thumb/v7-m/nofp\libc_nano.a(lib_a-nano-mallocr.o)
                0x00000000200010c0                __malloc_sbrk_start
 .bss.errno     0x00000000200010c4        0x4 d:/stm32cubeide/stm32cubeide_1.12.0/stm32cubeide/plugins/com.st.stm32cube.ide.mcu.externaltools.gnu-tools-for-stm32.10.3-2021.10.win32_1.0.200.202301161003/tools/bin/../lib/gcc/arm-none-eabi/10.3.1/../../../../arm-none-eabi/lib/thumb/v7-m/nofp\libc_nano.a(lib_a-reent.o)
                0x00000000200010c4                errno
 *(COMMON)
                0x00000000200010c8                . = ALIGN (0x4)
                0x00000000200010c8                _ebss = .
                0x00000000200010c8                __bss_end__ = _ebss

._user_heap_stack
                0x00000000200010c8      0x600 load address 0x000000000800320c
                0x00000000200010c8                . = ALIGN (0x8)
                [!provide]                        PROVIDE (end = .)
                0x00000000200010c8                PROVIDE (_end = .)
                0x00000000200012c8                . = (. + _Min_Heap_Size)
 *fill*         0x00000000200010c8      0x200 
                0x00000000200016c8                . = (. + _Min_Stack_Size)
 *fill*         0x00000000200012c8      0x400 
                0x00000000200016c8                . = ALIGN (0x8)

/DISCARD/
 libc.a(*)
 libm.a(*)
 libgcc.a(*)

.ARM.attributes
                0x0000000000000000       0x29
 *(.ARM.attributes)
 .ARM.attributes
                0x0000000000000000       0x1d d:/stm32cubeide/stm32cubeide_1.12.0/stm32cubeide/plugins/com.st.stm32cube.ide.mcu.externaltools.gnu-tools-for-stm32.10.3-2021.10.win32_1.0.200.202301161003/tools/bin/../lib/gcc/arm-none-eabi/10.3.1/thumb/v7-m/nofp/crti.o
 .ARM.attributes
                0x000000000000001d       0x2d d:/stm32cubeide/stm32cubeide_1.12.0/stm32cubeide/plugins/com.st.stm32cube.ide.mcu.externaltools.gnu-tools-for-stm32.10.3-2021.10.win32_1.0.200.202301161003/tools/bin/../lib/gcc/arm-none-eabi/10.3.1/thumb/v7-m/nofp/crtbegin.o
 .ARM.attributes
                0x000000000000004a       0x2d ./Core/Inc/ADC/ACD_Cofigure.o
 .ARM.attributes
                0x0000000000000077       0x2d ./Core/Inc/DMA/DMA_Configure.o
 .ARM.attributes
                0x00000000000000a4       0x2d ./Core/Inc/GPIO/GPIO_Configure.o
 .ARM.attributes
                0x00000000000000d1       0x2d ./Core/Inc/STM32F103.o
 .ARM.attributes
                0x00000000000000fe       0x2d ./Core/Inc/TIM/TIM_Configure.o
 .ARM.attributes
                0x000000000000012b       0x2d ./Core/Inc/UART/UART_Configure.o
 .ARM.attributes
                0x0000000000000158       0x2d ./Core/Src/freertos.o
 .ARM.attributes
                0x0000000000000185       0x2d ./Core/Src/main.o
 .ARM.attributes
                0x00000000000001b2       0x2d ./Core/Src/stm32f1xx_it.o
 .ARM.attributes
                0x00000000000001df       0x2d ./Core/Src/syscalls.o
 .ARM.attributes
                0x000000000000020c       0x2d ./Core/Src/sysmem.o
 .ARM.attributes
                0x0000000000000239       0x2d ./Core/Src/system_stm32f1xx.o
 .ARM.attributes
                0x0000000000000266       0x21 ./Core/Startup/startup_stm32f103c8tx.o
 .ARM.attributes
                0x0000000000000287       0x2d ./Middlewares/Third_Party/FreeRTOS/Source/CMSIS_RTOS/cmsis_os.o
 .ARM.attributes
                0x00000000000002b4       0x2d ./Middlewares/Third_Party/FreeRTOS/Source/list.o
 .ARM.attributes
                0x00000000000002e1       0x2d ./Middlewares/Third_Party/FreeRTOS/Source/tasks.o
 .ARM.attributes
                0x000000000000030e       0x2d ./Middlewares/Third_Party/FreeRTOS/Source/portable/GCC/ARM_CM3/port.o
 .ARM.attributes
                0x000000000000033b       0x2d ./Middlewares/Third_Party/FreeRTOS/Source/portable/MemMang/heap_4.o
 .ARM.attributes
                0x0000000000000368       0x2d d:/stm32cubeide/stm32cubeide_1.12.0/stm32cubeide/plugins/com.st.stm32cube.ide.mcu.externaltools.gnu-tools-for-stm32.10.3-2021.10.win32_1.0.200.202301161003/tools/bin/../lib/gcc/arm-none-eabi/10.3.1/../../../../arm-none-eabi/lib/thumb/v7-m/nofp\libc_nano.a(lib_a-errno.o)
 .ARM.attributes
                0x0000000000000395       0x2d d:/stm32cubeide/stm32cubeide_1.12.0/stm32cubeide/plugins/com.st.stm32cube.ide.mcu.externaltools.gnu-tools-for-stm32.10.3-2021.10.win32_1.0.200.202301161003/tools/bin/../lib/gcc/arm-none-eabi/10.3.1/../../../../arm-none-eabi/lib/thumb/v7-m/nofp\libc_nano.a(lib_a-findfp.o)
 .ARM.attributes
                0x00000000000003c2       0x2d d:/stm32cubeide/stm32cubeide_1.12.0/stm32cubeide/plugins/com.st.stm32cube.ide.mcu.externaltools.gnu-tools-for-stm32.10.3-2021.10.win32_1.0.200.202301161003/tools/bin/../lib/gcc/arm-none-eabi/10.3.1/../../../../arm-none-eabi/lib/thumb/v7-m/nofp\libc_nano.a(lib_a-fwalk.o)
 .ARM.attributes
                0x00000000000003ef       0x2d d:/stm32cubeide/stm32cubeide_1.12.0/stm32cubeide/plugins/com.st.stm32cube.ide.mcu.externaltools.gnu-tools-for-stm32.10.3-2021.10.win32_1.0.200.202301161003/tools/bin/../lib/gcc/arm-none-eabi/10.3.1/../../../../arm-none-eabi/lib/thumb/v7-m/nofp\libc_nano.a(lib_a-impure.o)
 .ARM.attributes
                0x000000000000041c       0x2d d:/stm32cubeide/stm32cubeide_1.12.0/stm32cubeide/plugins/com.st.stm32cube.ide.mcu.externaltools.gnu-tools-for-stm32.10.3-2021.10.win32_1.0.200.202301161003/tools/bin/../lib/gcc/arm-none-eabi/10.3.1/../../../../arm-none-eabi/lib/thumb/v7-m/nofp\libc_nano.a(lib_a-init.o)
 .ARM.attributes
                0x0000000000000449       0x2d d:/stm32cubeide/stm32cubeide_1.12.0/stm32cubeide/plugins/com.st.stm32cube.ide.mcu.externaltools.gnu-tools-for-stm32.10.3-2021.10.win32_1.0.200.202301161003/tools/bin/../lib/gcc/arm-none-eabi/10.3.1/../../../../arm-none-eabi/lib/thumb/v7-m/nofp\libc_nano.a(lib_a-lock.o)
 .ARM.attributes
                0x0000000000000476       0x2d d:/stm32cubeide/stm32cubeide_1.12.0/stm32cubeide/plugins/com.st.stm32cube.ide.mcu.externaltools.gnu-tools-for-stm32.10.3-2021.10.win32_1.0.200.202301161003/tools/bin/../lib/gcc/arm-none-eabi/10.3.1/../../../../arm-none-eabi/lib/thumb/v7-m/nofp\libc_nano.a(lib_a-memset.o)
 .ARM.attributes
                0x00000000000004a3       0x2d d:/stm32cubeide/stm32cubeide_1.12.0/stm32cubeide/plugins/com.st.stm32cube.ide.mcu.externaltools.gnu-tools-for-stm32.10.3-2021.10.win32_1.0.200.202301161003/tools/bin/../lib/gcc/arm-none-eabi/10.3.1/../../../../arm-none-eabi/lib/thumb/v7-m/nofp\libc_nano.a(lib_a-nano-mallocr.o)
 .ARM.attributes
                0x00000000000004d0       0x2d d:/stm32cubeide/stm32cubeide_1.12.0/stm32cubeide/plugins/com.st.stm32cube.ide.mcu.externaltools.gnu-tools-for-stm32.10.3-2021.10.win32_1.0.200.202301161003/tools/bin/../lib/gcc/arm-none-eabi/10.3.1/../../../../arm-none-eabi/lib/thumb/v7-m/nofp\libc_nano.a(lib_a-printf.o)
 .ARM.attributes
                0x00000000000004fd       0x2d d:/stm32cubeide/stm32cubeide_1.12.0/stm32cubeide/plugins/com.st.stm32cube.ide.mcu.externaltools.gnu-tools-for-stm32.10.3-2021.10.win32_1.0.200.202301161003/tools/bin/../lib/gcc/arm-none-eabi/10.3.1/../../../../arm-none-eabi/lib/thumb/v7-m/nofp\libc_nano.a(lib_a-puts.o)
 .ARM.attributes
                0x000000000000052a       0x2d d:/stm32cubeide/stm32cubeide_1.12.0/stm32cubeide/plugins/com.st.stm32cube.ide.mcu.externaltools.gnu-tools-for-stm32.10.3-2021.10.win32_1.0.200.202301161003/tools/bin/../lib/gcc/arm-none-eabi/10.3.1/../../../../arm-none-eabi/lib/thumb/v7-m/nofp\libc_nano.a(lib_a-reent.o)
 .ARM.attributes
                0x0000000000000557       0x2d d:/stm32cubeide/stm32cubeide_1.12.0/stm32cubeide/plugins/com.st.stm32cube.ide.mcu.externaltools.gnu-tools-for-stm32.10.3-2021.10.win32_1.0.200.202301161003/tools/bin/../lib/gcc/arm-none-eabi/10.3.1/../../../../arm-none-eabi/lib/thumb/v7-m/nofp\libc_nano.a(lib_a-sbrkr.o)
 .ARM.attributes
                0x0000000000000584       0x2d d:/stm32cubeide/stm32cubeide_1.12.0/stm32cubeide/plugins/com.st.stm32cube.ide.mcu.externaltools.gnu-tools-for-stm32.10.3-2021.10.win32_1.0.200.202301161003/tools/bin/../lib/gcc/arm-none-eabi/10.3.1/../../../../arm-none-eabi/lib/thumb/v7-m/nofp\libc_nano.a(lib_a-stdio.o)
 .ARM.attributes
                0x00000000000005b1       0x2d d:/stm32cubeide/stm32cubeide_1.12.0/stm32cubeide/plugins/com.st.stm32cube.ide.mcu.externaltools.gnu-tools-for-stm32.10.3-2021.10.win32_1.0.200.202301161003/tools/bin/../lib/gcc/arm-none-eabi/10.3.1/../../../../arm-none-eabi/lib/thumb/v7-m/nofp\libc_nano.a(lib_a-wbuf.o)
 .ARM.attributes
                0x00000000000005de       0x2d d:/stm32cubeide/stm32cubeide_1.12.0/stm32cubeide/plugins/com.st.stm32cube.ide.mcu.externaltools.gnu-tools-for-stm32.10.3-2021.10.win32_1.0.200.202301161003/tools/bin/../lib/gcc/arm-none-eabi/10.3.1/../../../../arm-none-eabi/lib/thumb/v7-m/nofp\libc_nano.a(lib_a-writer.o)
 .ARM.attributes
                0x000000000000060b       0x2d d:/stm32cubeide/stm32cubeide_1.12.0/stm32cubeide/plugins/com.st.stm32cube.ide.mcu.externaltools.gnu-tools-for-stm32.10.3-2021.10.win32_1.0.200.202301161003/tools/bin/../lib/gcc/arm-none-eabi/10.3.1/../../../../arm-none-eabi/lib/thumb/v7-m/nofp\libc_nano.a(lib_a-wsetup.o)
 .ARM.attributes
                0x0000000000000638       0x2d d:/stm32cubeide/stm32cubeide_1.12.0/stm32cubeide/plugins/com.st.stm32cube.ide.mcu.externaltools.gnu-tools-for-stm32.10.3-2021.10.win32_1.0.200.202301161003/tools/bin/../lib/gcc/arm-none-eabi/10.3.1/../../../../arm-none-eabi/lib/thumb/v7-m/nofp\libc_nano.a(lib_a-closer.o)
 .ARM.attributes
                0x0000000000000665       0x2d d:/stm32cubeide/stm32cubeide_1.12.0/stm32cubeide/plugins/com.st.stm32cube.ide.mcu.externaltools.gnu-tools-for-stm32.10.3-2021.10.win32_1.0.200.202301161003/tools/bin/../lib/gcc/arm-none-eabi/10.3.1/../../../../arm-none-eabi/lib/thumb/v7-m/nofp\libc_nano.a(lib_a-fflush.o)
 .ARM.attributes
                0x0000000000000692       0x2d d:/stm32cubeide/stm32cubeide_1.12.0/stm32cubeide/plugins/com.st.stm32cube.ide.mcu.externaltools.gnu-tools-for-stm32.10.3-2021.10.win32_1.0.200.202301161003/tools/bin/../lib/gcc/arm-none-eabi/10.3.1/../../../../arm-none-eabi/lib/thumb/v7-m/nofp\libc_nano.a(lib_a-lseekr.o)
 .ARM.attributes
                0x00000000000006bf       0x2d d:/stm32cubeide/stm32cubeide_1.12.0/stm32cubeide/plugins/com.st.stm32cube.ide.mcu.externaltools.gnu-tools-for-stm32.10.3-2021.10.win32_1.0.200.202301161003/tools/bin/../lib/gcc/arm-none-eabi/10.3.1/../../../../arm-none-eabi/lib/thumb/v7-m/nofp\libc_nano.a(lib_a-makebuf.o)
 .ARM.attributes
                0x00000000000006ec       0x2d d:/stm32cubeide/stm32cubeide_1.12.0/stm32cubeide/plugins/com.st.stm32cube.ide.mcu.externaltools.gnu-tools-for-stm32.10.3-2021.10.win32_1.0.200.202301161003/tools/bin/../lib/gcc/arm-none-eabi/10.3.1/../../../../arm-none-eabi/lib/thumb/v7-m/nofp\libc_nano.a(lib_a-mlock.o)
 .ARM.attributes
                0x0000000000000719       0x2d d:/stm32cubeide/stm32cubeide_1.12.0/stm32cubeide/plugins/com.st.stm32cube.ide.mcu.externaltools.gnu-tools-for-stm32.10.3-2021.10.win32_1.0.200.202301161003/tools/bin/../lib/gcc/arm-none-eabi/10.3.1/../../../../arm-none-eabi/lib/thumb/v7-m/nofp\libc_nano.a(lib_a-nano-freer.o)
 .ARM.attributes
                0x0000000000000746       0x2d d:/stm32cubeide/stm32cubeide_1.12.0/stm32cubeide/plugins/com.st.stm32cube.ide.mcu.externaltools.gnu-tools-for-stm32.10.3-2021.10.win32_1.0.200.202301161003/tools/bin/../lib/gcc/arm-none-eabi/10.3.1/../../../../arm-none-eabi/lib/thumb/v7-m/nofp\libc_nano.a(lib_a-nano-vfprintf.o)
 .ARM.attributes
                0x0000000000000773       0x2d d:/stm32cubeide/stm32cubeide_1.12.0/stm32cubeide/plugins/com.st.stm32cube.ide.mcu.externaltools.gnu-tools-for-stm32.10.3-2021.10.win32_1.0.200.202301161003/tools/bin/../lib/gcc/arm-none-eabi/10.3.1/../../../../arm-none-eabi/lib/thumb/v7-m/nofp\libc_nano.a(lib_a-nano-vfprintf_i.o)
 .ARM.attributes
                0x00000000000007a0       0x2d d:/stm32cubeide/stm32cubeide_1.12.0/stm32cubeide/plugins/com.st.stm32cube.ide.mcu.externaltools.gnu-tools-for-stm32.10.3-2021.10.win32_1.0.200.202301161003/tools/bin/../lib/gcc/arm-none-eabi/10.3.1/../../../../arm-none-eabi/lib/thumb/v7-m/nofp\libc_nano.a(lib_a-readr.o)
 .ARM.attributes
                0x00000000000007cd       0x2d d:/stm32cubeide/stm32cubeide_1.12.0/stm32cubeide/plugins/com.st.stm32cube.ide.mcu.externaltools.gnu-tools-for-stm32.10.3-2021.10.win32_1.0.200.202301161003/tools/bin/../lib/gcc/arm-none-eabi/10.3.1/../../../../arm-none-eabi/lib/thumb/v7-m/nofp\libc_nano.a(lib_a-fstatr.o)
 .ARM.attributes
                0x00000000000007fa       0x2d d:/stm32cubeide/stm32cubeide_1.12.0/stm32cubeide/plugins/com.st.stm32cube.ide.mcu.externaltools.gnu-tools-for-stm32.10.3-2021.10.win32_1.0.200.202301161003/tools/bin/../lib/gcc/arm-none-eabi/10.3.1/../../../../arm-none-eabi/lib/thumb/v7-m/nofp\libc_nano.a(lib_a-isattyr.o)
 .ARM.attributes
                0x0000000000000827       0x2d d:/stm32cubeide/stm32cubeide_1.12.0/stm32cubeide/plugins/com.st.stm32cube.ide.mcu.externaltools.gnu-tools-for-stm32.10.3-2021.10.win32_1.0.200.202301161003/tools/bin/../lib/gcc/arm-none-eabi/10.3.1/../../../../arm-none-eabi/lib/thumb/v7-m/nofp\libc_nano.a(lib_a-memchr-stub.o)
 .ARM.attributes
                0x0000000000000854       0x1d d:/stm32cubeide/stm32cubeide_1.12.0/stm32cubeide/plugins/com.st.stm32cube.ide.mcu.externaltools.gnu-tools-for-stm32.10.3-2021.10.win32_1.0.200.202301161003/tools/bin/../lib/gcc/arm-none-eabi/10.3.1/thumb/v7-m/nofp/crtn.o
OUTPUT(canhanh.elf elf32-littlearm)
LOAD linker stubs
LOAD d:/stm32cubeide/stm32cubeide_1.12.0/stm32cubeide/plugins/com.st.stm32cube.ide.mcu.externaltools.gnu-tools-for-stm32.10.3-2021.10.win32_1.0.200.202301161003/tools/bin/../lib/gcc/arm-none-eabi/10.3.1/../../../../arm-none-eabi/lib/thumb/v7-m/nofp\libc.a
LOAD d:/stm32cubeide/stm32cubeide_1.12.0/stm32cubeide/plugins/com.st.stm32cube.ide.mcu.externaltools.gnu-tools-for-stm32.10.3-2021.10.win32_1.0.200.202301161003/tools/bin/../lib/gcc/arm-none-eabi/10.3.1/../../../../arm-none-eabi/lib/thumb/v7-m/nofp\libm.a
LOAD d:/stm32cubeide/stm32cubeide_1.12.0/stm32cubeide/plugins/com.st.stm32cube.ide.mcu.externaltools.gnu-tools-for-stm32.10.3-2021.10.win32_1.0.200.202301161003/tools/bin/../lib/gcc/arm-none-eabi/10.3.1/thumb/v7-m/nofp\libgcc.a

.debug_info     0x0000000000000000     0x952a
 .debug_info    0x0000000000000000      0x341 ./Core/Inc/ADC/ACD_Cofigure.o
 .debug_info    0x0000000000000341      0x6a2 ./Core/Inc/DMA/DMA_Configure.o
 .debug_info    0x00000000000009e3      0x29d ./Core/Inc/GPIO/GPIO_Configure.o
 .debug_info    0x0000000000000c80      0x1dc ./Core/Inc/STM32F103.o
 .debug_info    0x0000000000000e5c      0x69c ./Core/Inc/TIM/TIM_Configure.o
 .debug_info    0x00000000000014f8      0x73a ./Core/Inc/UART/UART_Configure.o
 .debug_info    0x0000000000001c32      0x9b6 ./Core/Src/freertos.o
 .debug_info    0x00000000000025e8     0x102f ./Core/Src/main.o
 .debug_info    0x0000000000003617       0xe3 ./Core/Src/stm32f1xx_it.o
 .debug_info    0x00000000000036fa      0x6e0 ./Core/Src/syscalls.o
 .debug_info    0x0000000000003dda      0x171 ./Core/Src/sysmem.o
 .debug_info    0x0000000000003f4b      0x23d ./Core/Src/system_stm32f1xx.o
 .debug_info    0x0000000000004188       0x22 ./Core/Startup/startup_stm32f103c8tx.o
 .debug_info    0x00000000000041aa     0x232c ./Middlewares/Third_Party/FreeRTOS/Source/CMSIS_RTOS/cmsis_os.o
 .debug_info    0x00000000000064d6      0x2cb ./Middlewares/Third_Party/FreeRTOS/Source/list.o
 .debug_info    0x00000000000067a1     0x24ea ./Middlewares/Third_Party/FreeRTOS/Source/tasks.o
 .debug_info    0x0000000000008c8b      0x4b7 ./Middlewares/Third_Party/FreeRTOS/Source/portable/GCC/ARM_CM3/port.o
 .debug_info    0x0000000000009142      0x3e8 ./Middlewares/Third_Party/FreeRTOS/Source/portable/MemMang/heap_4.o

.debug_abbrev   0x0000000000000000     0x1c5a
 .debug_abbrev  0x0000000000000000      0x115 ./Core/Inc/ADC/ACD_Cofigure.o
 .debug_abbrev  0x0000000000000115      0x19e ./Core/Inc/DMA/DMA_Configure.o
 .debug_abbrev  0x00000000000002b3       0xe8 ./Core/Inc/GPIO/GPIO_Configure.o
 .debug_abbrev  0x000000000000039b       0x9d ./Core/Inc/STM32F103.o
 .debug_abbrev  0x0000000000000438      0x166 ./Core/Inc/TIM/TIM_Configure.o
 .debug_abbrev  0x000000000000059e      0x18e ./Core/Inc/UART/UART_Configure.o
 .debug_abbrev  0x000000000000072c      0x169 ./Core/Src/freertos.o
 .debug_abbrev  0x0000000000000895      0x2b1 ./Core/Src/main.o
 .debug_abbrev  0x0000000000000b46       0x47 ./Core/Src/stm32f1xx_it.o
 .debug_abbrev  0x0000000000000b8d      0x1b3 ./Core/Src/syscalls.o
 .debug_abbrev  0x0000000000000d40       0xbb ./Core/Src/sysmem.o
 .debug_abbrev  0x0000000000000dfb      0x13b ./Core/Src/system_stm32f1xx.o
 .debug_abbrev  0x0000000000000f36       0x12 ./Core/Startup/startup_stm32f103c8tx.o
 .debug_abbrev  0x0000000000000f48      0x406 ./Middlewares/Third_Party/FreeRTOS/Source/CMSIS_RTOS/cmsis_os.o
 .debug_abbrev  0x000000000000134e       0xf2 ./Middlewares/Third_Party/FreeRTOS/Source/list.o
 .debug_abbrev  0x0000000000001440      0x3c4 ./Middlewares/Third_Party/FreeRTOS/Source/tasks.o
 .debug_abbrev  0x0000000000001804      0x257 ./Middlewares/Third_Party/FreeRTOS/Source/portable/GCC/ARM_CM3/port.o
 .debug_abbrev  0x0000000000001a5b      0x1ff ./Middlewares/Third_Party/FreeRTOS/Source/portable/MemMang/heap_4.o

.debug_aranges  0x0000000000000000      0x790
 .debug_aranges
                0x0000000000000000       0x28 ./Core/Inc/ADC/ACD_Cofigure.o
 .debug_aranges
                0x0000000000000028       0x38 ./Core/Inc/DMA/DMA_Configure.o
 .debug_aranges
                0x0000000000000060       0x30 ./Core/Inc/GPIO/GPIO_Configure.o
 .debug_aranges
                0x0000000000000090       0x20 ./Core/Inc/STM32F103.o
 .debug_aranges
                0x00000000000000b0       0x58 ./Core/Inc/TIM/TIM_Configure.o
 .debug_aranges
                0x0000000000000108       0x38 ./Core/Inc/UART/UART_Configure.o
 .debug_aranges
                0x0000000000000140       0x20 ./Core/Src/freertos.o
 .debug_aranges
                0x0000000000000160       0x48 ./Core/Src/main.o
 .debug_aranges
                0x00000000000001a8       0x48 ./Core/Src/stm32f1xx_it.o
 .debug_aranges
                0x00000000000001f0       0xa8 ./Core/Src/syscalls.o
 .debug_aranges
                0x0000000000000298       0x20 ./Core/Src/sysmem.o
 .debug_aranges
                0x00000000000002b8       0x28 ./Core/Src/system_stm32f1xx.o
 .debug_aranges
                0x00000000000002e0       0x28 ./Core/Startup/startup_stm32f103c8tx.o
 .debug_aranges
                0x0000000000000308      0x1d8 ./Middlewares/Third_Party/FreeRTOS/Source/CMSIS_RTOS/cmsis_os.o
 .debug_aranges
                0x00000000000004e0       0x40 ./Middlewares/Third_Party/FreeRTOS/Source/list.o
 .debug_aranges
                0x0000000000000520      0x1a8 ./Middlewares/Third_Party/FreeRTOS/Source/tasks.o
 .debug_aranges
                0x00000000000006c8       0x78 ./Middlewares/Third_Party/FreeRTOS/Source/portable/GCC/ARM_CM3/port.o
 .debug_aranges
                0x0000000000000740       0x50 ./Middlewares/Third_Party/FreeRTOS/Source/portable/MemMang/heap_4.o

.debug_ranges   0x0000000000000000      0x678
 .debug_ranges  0x0000000000000000       0x18 ./Core/Inc/ADC/ACD_Cofigure.o
 .debug_ranges  0x0000000000000018       0x28 ./Core/Inc/DMA/DMA_Configure.o
 .debug_ranges  0x0000000000000040       0x20 ./Core/Inc/GPIO/GPIO_Configure.o
 .debug_ranges  0x0000000000000060       0x10 ./Core/Inc/STM32F103.o
 .debug_ranges  0x0000000000000070       0x48 ./Core/Inc/TIM/TIM_Configure.o
 .debug_ranges  0x00000000000000b8       0x28 ./Core/Inc/UART/UART_Configure.o
 .debug_ranges  0x00000000000000e0       0x10 ./Core/Src/freertos.o
 .debug_ranges  0x00000000000000f0       0x38 ./Core/Src/main.o
 .debug_ranges  0x0000000000000128       0x38 ./Core/Src/stm32f1xx_it.o
 .debug_ranges  0x0000000000000160       0x98 ./Core/Src/syscalls.o
 .debug_ranges  0x00000000000001f8       0x10 ./Core/Src/sysmem.o
 .debug_ranges  0x0000000000000208       0x18 ./Core/Src/system_stm32f1xx.o
 .debug_ranges  0x0000000000000220       0x20 ./Core/Startup/startup_stm32f103c8tx.o
 .debug_ranges  0x0000000000000240      0x1c8 ./Middlewares/Third_Party/FreeRTOS/Source/CMSIS_RTOS/cmsis_os.o
 .debug_ranges  0x0000000000000408       0x30 ./Middlewares/Third_Party/FreeRTOS/Source/list.o
 .debug_ranges  0x0000000000000438      0x198 ./Middlewares/Third_Party/FreeRTOS/Source/tasks.o
 .debug_ranges  0x00000000000005d0       0x68 ./Middlewares/Third_Party/FreeRTOS/Source/portable/GCC/ARM_CM3/port.o
 .debug_ranges  0x0000000000000638       0x40 ./Middlewares/Third_Party/FreeRTOS/Source/portable/MemMang/heap_4.o

.debug_macro    0x0000000000000000    0x190a9
 .debug_macro   0x0000000000000000      0x18e ./Core/Inc/ADC/ACD_Cofigure.o
 .debug_macro   0x000000000000018e      0xa6c ./Core/Inc/ADC/ACD_Cofigure.o
 .debug_macro   0x0000000000000bfa       0x22 ./Core/Inc/ADC/ACD_Cofigure.o
 .debug_macro   0x0000000000000c1c       0x8e ./Core/Inc/ADC/ACD_Cofigure.o
 .debug_macro   0x0000000000000caa       0x51 ./Core/Inc/ADC/ACD_Cofigure.o
 .debug_macro   0x0000000000000cfb      0x103 ./Core/Inc/ADC/ACD_Cofigure.o
 .debug_macro   0x0000000000000dfe       0x6a ./Core/Inc/ADC/ACD_Cofigure.o
 .debug_macro   0x0000000000000e68      0x1df ./Core/Inc/ADC/ACD_Cofigure.o
 .debug_macro   0x0000000000001047       0x2e ./Core/Inc/ADC/ACD_Cofigure.o
 .debug_macro   0x0000000000001075       0x22 ./Core/Inc/ADC/ACD_Cofigure.o
 .debug_macro   0x0000000000001097       0x1c ./Core/Inc/ADC/ACD_Cofigure.o
 .debug_macro   0x00000000000010b3       0x22 ./Core/Inc/ADC/ACD_Cofigure.o
 .debug_macro   0x00000000000010d5       0xbd ./Core/Inc/ADC/ACD_Cofigure.o
 .debug_macro   0x0000000000001192      0xd23 ./Core/Inc/ADC/ACD_Cofigure.o
 .debug_macro   0x0000000000001eb5     0xe09e ./Core/Inc/ADC/ACD_Cofigure.o
 .debug_macro   0x000000000000ff53       0x6d ./Core/Inc/ADC/ACD_Cofigure.o
 .debug_macro   0x000000000000ffc0      0x209 ./Core/Inc/ADC/ACD_Cofigure.o
 .debug_macro   0x00000000000101c9     0x348d ./Core/Inc/ADC/ACD_Cofigure.o
 .debug_macro   0x0000000000013656      0x174 ./Core/Inc/ADC/ACD_Cofigure.o
 .debug_macro   0x00000000000137ca       0x5c ./Core/Inc/ADC/ACD_Cofigure.o
 .debug_macro   0x0000000000013826      0x5bc ./Core/Inc/ADC/ACD_Cofigure.o
 .debug_macro   0x0000000000013de2      0x289 ./Core/Inc/ADC/ACD_Cofigure.o
 .debug_macro   0x000000000001406b      0x1cb ./Core/Inc/ADC/ACD_Cofigure.o
 .debug_macro   0x0000000000014236      0x114 ./Core/Inc/ADC/ACD_Cofigure.o
 .debug_macro   0x000000000001434a      0x1b2 ./Core/Inc/ADC/ACD_Cofigure.o
 .debug_macro   0x00000000000144fc       0x27 ./Core/Inc/ADC/ACD_Cofigure.o
 .debug_macro   0x0000000000014523      0x136 ./Core/Inc/ADC/ACD_Cofigure.o
 .debug_macro   0x0000000000014659      0x1bc ./Core/Inc/ADC/ACD_Cofigure.o
 .debug_macro   0x0000000000014815       0x34 ./Core/Inc/ADC/ACD_Cofigure.o
 .debug_macro   0x0000000000014849       0x3c ./Core/Inc/ADC/ACD_Cofigure.o
 .debug_macro   0x0000000000014885       0x57 ./Core/Inc/ADC/ACD_Cofigure.o
 .debug_macro   0x00000000000148dc       0x87 ./Core/Inc/ADC/ACD_Cofigure.o
 .debug_macro   0x0000000000014963      0x240 ./Core/Inc/ADC/ACD_Cofigure.o
 .debug_macro   0x0000000000014ba3      0x140 ./Core/Inc/ADC/ACD_Cofigure.o
 .debug_macro   0x0000000000014ce3       0x83 ./Core/Inc/ADC/ACD_Cofigure.o
 .debug_macro   0x0000000000014d66      0x18e ./Core/Inc/DMA/DMA_Configure.o
 .debug_macro   0x0000000000014ef4      0x18e ./Core/Inc/GPIO/GPIO_Configure.o
 .debug_macro   0x0000000000015082      0x18e ./Core/Inc/STM32F103.o
 .debug_macro   0x0000000000015210      0x18e ./Core/Inc/TIM/TIM_Configure.o
 .debug_macro   0x000000000001539e      0x18e ./Core/Inc/UART/UART_Configure.o
 .debug_macro   0x000000000001552c      0x293 ./Core/Src/freertos.o
 .debug_macro   0x00000000000157bf       0xdc ./Core/Src/freertos.o
 .debug_macro   0x000000000001589b      0x15a ./Core/Src/freertos.o
 .debug_macro   0x00000000000159f5       0xd7 ./Core/Src/freertos.o
 .debug_macro   0x0000000000015acc       0x10 ./Core/Src/freertos.o
 .debug_macro   0x0000000000015adc       0x1f ./Core/Src/freertos.o
 .debug_macro   0x0000000000015afb       0x52 ./Core/Src/freertos.o
 .debug_macro   0x0000000000015b4d       0x18 ./Core/Src/freertos.o
 .debug_macro   0x0000000000015b65       0x3c ./Core/Src/freertos.o
 .debug_macro   0x0000000000015ba1       0x34 ./Core/Src/freertos.o
 .debug_macro   0x0000000000015bd5       0x16 ./Core/Src/freertos.o
 .debug_macro   0x0000000000015beb       0x43 ./Core/Src/freertos.o
 .debug_macro   0x0000000000015c2e       0x34 ./Core/Src/freertos.o
 .debug_macro   0x0000000000015c62       0x10 ./Core/Src/freertos.o
 .debug_macro   0x0000000000015c72       0x58 ./Core/Src/freertos.o
 .debug_macro   0x0000000000015cca       0x71 ./Core/Src/freertos.o
 .debug_macro   0x0000000000015d3b       0x1c ./Core/Src/freertos.o
 .debug_macro   0x0000000000015d57      0x12a ./Core/Src/freertos.o
 .debug_macro   0x0000000000015e81       0x10 ./Core/Src/freertos.o
 .debug_macro   0x0000000000015e91       0x35 ./Core/Src/freertos.o
 .debug_macro   0x0000000000015ec6      0x4b1 ./Core/Src/freertos.o
 .debug_macro   0x0000000000016377       0xb5 ./Core/Src/freertos.o
 .debug_macro   0x000000000001642c       0x8c ./Core/Src/freertos.o
 .debug_macro   0x00000000000164b8      0x3de ./Core/Src/main.o
 .debug_macro   0x0000000000016896       0x4c ./Core/Src/main.o
 .debug_macro   0x00000000000168e2       0x94 ./Core/Src/main.o
 .debug_macro   0x0000000000016976       0x16 ./Core/Src/main.o
 .debug_macro   0x000000000001698c       0x57 ./Core/Src/main.o
 .debug_macro   0x00000000000169e3       0x97 ./Core/Src/main.o
 .debug_macro   0x0000000000016a7a      0x341 ./Core/Src/main.o
 .debug_macro   0x0000000000016dbb       0xfd ./Core/Src/main.o
 .debug_macro   0x0000000000016eb8       0x10 ./Core/Src/main.o
 .debug_macro   0x0000000000016ec8       0x10 ./Core/Src/main.o
 .debug_macro   0x0000000000016ed8       0x1c ./Core/Src/main.o
 .debug_macro   0x0000000000016ef4       0x52 ./Core/Src/main.o
 .debug_macro   0x0000000000016f46       0x22 ./Core/Src/main.o
 .debug_macro   0x0000000000016f68       0x10 ./Core/Src/main.o
 .debug_macro   0x0000000000016f78       0x52 ./Core/Src/main.o
 .debug_macro   0x0000000000016fca       0xd5 ./Core/Src/main.o
 .debug_macro   0x000000000001709f       0x1c ./Core/Src/main.o
 .debug_macro   0x00000000000170bb       0x3d ./Core/Src/main.o
 .debug_macro   0x00000000000170f8       0x16 ./Core/Src/main.o
 .debug_macro   0x000000000001710e      0x145 ./Core/Src/main.o
 .debug_macro   0x0000000000017253       0x56 ./Core/Src/main.o
 .debug_macro   0x00000000000172a9       0xdc ./Core/Src/main.o
 .debug_macro   0x0000000000017385       0x16 ./Core/Src/main.o
 .debug_macro   0x000000000001739b       0x91 ./Core/Src/main.o
 .debug_macro   0x000000000001742c       0x8d ./Core/Src/main.o
 .debug_macro   0x00000000000174b9       0x7e ./Core/Src/main.o
 .debug_macro   0x0000000000017537       0x19 ./Core/Src/main.o
 .debug_macro   0x0000000000017550       0xf2 ./Core/Src/main.o
 .debug_macro   0x0000000000017642      0x198 ./Core/Src/stm32f1xx_it.o
 .debug_macro   0x00000000000177da      0x24c ./Core/Src/syscalls.o
 .debug_macro   0x0000000000017a26       0x10 ./Core/Src/syscalls.o
 .debug_macro   0x0000000000017a36       0x10 ./Core/Src/syscalls.o
 .debug_macro   0x0000000000017a46       0x10 ./Core/Src/syscalls.o
 .debug_macro   0x0000000000017a56       0x35 ./Core/Src/syscalls.o
 .debug_macro   0x0000000000017a8b      0x12c ./Core/Src/syscalls.o
 .debug_macro   0x0000000000017bb7       0x16 ./Core/Src/syscalls.o
 .debug_macro   0x0000000000017bcd       0x16 ./Core/Src/syscalls.o
 .debug_macro   0x0000000000017be3       0x29 ./Core/Src/syscalls.o
 .debug_macro   0x0000000000017c0c       0x10 ./Core/Src/syscalls.o
 .debug_macro   0x0000000000017c1c      0x241 ./Core/Src/syscalls.o
 .debug_macro   0x0000000000017e5d       0x1c ./Core/Src/syscalls.o
 .debug_macro   0x0000000000017e79       0x10 ./Core/Src/syscalls.o
 .debug_macro   0x0000000000017e89      0x189 ./Core/Src/syscalls.o
 .debug_macro   0x0000000000018012       0x16 ./Core/Src/syscalls.o
 .debug_macro   0x0000000000018028       0xce ./Core/Src/syscalls.o
 .debug_macro   0x00000000000180f6       0xff ./Core/Src/sysmem.o
 .debug_macro   0x00000000000181f5      0x23b ./Core/Src/sysmem.o
 .debug_macro   0x0000000000018430      0x184 ./Core/Src/system_stm32f1xx.o
 .debug_macro   0x00000000000185b4      0x210 ./Middlewares/Third_Party/FreeRTOS/Source/CMSIS_RTOS/cmsis_os.o
 .debug_macro   0x00000000000187c4       0x10 ./Middlewares/Third_Party/FreeRTOS/Source/CMSIS_RTOS/cmsis_os.o
 .debug_macro   0x00000000000187d4       0x20 ./Middlewares/Third_Party/FreeRTOS/Source/CMSIS_RTOS/cmsis_os.o
 .debug_macro   0x00000000000187f4       0xab ./Middlewares/Third_Party/FreeRTOS/Source/CMSIS_RTOS/cmsis_os.o
 .debug_macro   0x000000000001889f      0x199 ./Middlewares/Third_Party/FreeRTOS/Source/list.o
 .debug_macro   0x0000000000018a38      0x292 ./Middlewares/Third_Party/FreeRTOS/Source/tasks.o
 .debug_macro   0x0000000000018cca       0x10 ./Middlewares/Third_Party/FreeRTOS/Source/tasks.o
 .debug_macro   0x0000000000018cda      0x20f ./Middlewares/Third_Party/FreeRTOS/Source/portable/GCC/ARM_CM3/port.o
 .debug_macro   0x0000000000018ee9      0x1c0 ./Middlewares/Third_Party/FreeRTOS/Source/portable/MemMang/heap_4.o

.debug_line     0x0000000000000000     0x9ef8
 .debug_line    0x0000000000000000      0x756 ./Core/Inc/ADC/ACD_Cofigure.o
 .debug_line    0x0000000000000756      0x72c ./Core/Inc/DMA/DMA_Configure.o
 .debug_line    0x0000000000000e82      0x724 ./Core/Inc/GPIO/GPIO_Configure.o
 .debug_line    0x00000000000015a6      0x6a2 ./Core/Inc/STM32F103.o
 .debug_line    0x0000000000001c48      0x7cd ./Core/Inc/TIM/TIM_Configure.o
 .debug_line    0x0000000000002415      0x737 ./Core/Inc/UART/UART_Configure.o
 .debug_line    0x0000000000002b4c      0x88d ./Core/Src/freertos.o
 .debug_line    0x00000000000033d9      0xb64 ./Core/Src/main.o
 .debug_line    0x0000000000003f3d      0x6dd ./Core/Src/stm32f1xx_it.o
 .debug_line    0x000000000000461a      0x830 ./Core/Src/syscalls.o
 .debug_line    0x0000000000004e4a      0x526 ./Core/Src/sysmem.o
 .debug_line    0x0000000000005370      0x6d7 ./Core/Src/system_stm32f1xx.o
 .debug_line    0x0000000000005a47       0x86 ./Core/Startup/startup_stm32f103c8tx.o
 .debug_line    0x0000000000005acd     0x1208 ./Middlewares/Third_Party/FreeRTOS/Source/CMSIS_RTOS/cmsis_os.o
 .debug_line    0x0000000000006cd5      0x743 ./Middlewares/Third_Party/FreeRTOS/Source/list.o
 .debug_line    0x0000000000007418     0x192a ./Middlewares/Third_Party/FreeRTOS/Source/tasks.o
 .debug_line    0x0000000000008d42      0x8b1 ./Middlewares/Third_Party/FreeRTOS/Source/portable/GCC/ARM_CM3/port.o
 .debug_line    0x00000000000095f3      0x905 ./Middlewares/Third_Party/FreeRTOS/Source/portable/MemMang/heap_4.o

.debug_str      0x0000000000000000    0x88cb4
 .debug_str     0x0000000000000000    0x7a884 ./Core/Inc/ADC/ACD_Cofigure.o
                                      0x7abe6 (size before relaxing)
 .debug_str     0x000000000007a884      0x3a2 ./Core/Inc/DMA/DMA_Configure.o
                                      0x7af96 (size before relaxing)
 .debug_str     0x000000000007ac26       0x80 ./Core/Inc/GPIO/GPIO_Configure.o
                                      0x7aba1 (size before relaxing)
 .debug_str     0x000000000007aca6       0x53 ./Core/Inc/STM32F103.o
                                      0x7ab57 (size before relaxing)
 .debug_str     0x000000000007acf9       0x97 ./Core/Inc/TIM/TIM_Configure.o
                                      0x7af56 (size before relaxing)
 .debug_str     0x000000000007ad90       0xab ./Core/Inc/UART/UART_Configure.o
                                      0x7af63 (size before relaxing)
 .debug_str     0x000000000007ae3b     0x57bc ./Core/Src/freertos.o
                                      0x80332 (size before relaxing)
 .debug_str     0x00000000000805f7     0x48a0 ./Core/Src/main.o
                                      0x84ce0 (size before relaxing)
 .debug_str     0x0000000000084e97       0x92 ./Core/Src/stm32f1xx_it.o
                                      0x7ab3f (size before relaxing)
 .debug_str     0x0000000000084f29     0x15be ./Core/Src/syscalls.o
                                       0x8a16 (size before relaxing)
 .debug_str     0x00000000000864e7       0x6b ./Core/Src/sysmem.o
                                       0x5d52 (size before relaxing)
 .debug_str     0x0000000000086552       0x7e ./Core/Src/system_stm32f1xx.o
                                      0x7ab8c (size before relaxing)
 .debug_str     0x00000000000865d0       0x36 ./Core/Startup/startup_stm32f103c8tx.o
                                         0x54 (size before relaxing)
 .debug_str     0x0000000000086606      0xad1 ./Middlewares/Third_Party/FreeRTOS/Source/CMSIS_RTOS/cmsis_os.o
                                       0xe06e (size before relaxing)
 .debug_str     0x00000000000870d7      0x139 ./Middlewares/Third_Party/FreeRTOS/Source/list.o
                                       0xa326 (size before relaxing)
 .debug_str     0x0000000000087210     0x11f3 ./Middlewares/Third_Party/FreeRTOS/Source/tasks.o
                                       0xc9e5 (size before relaxing)
 .debug_str     0x0000000000088403      0x66e ./Middlewares/Third_Party/FreeRTOS/Source/portable/GCC/ARM_CM3/port.o
                                       0x9a5b (size before relaxing)
 .debug_str     0x0000000000088a71      0x243 ./Middlewares/Third_Party/FreeRTOS/Source/portable/MemMang/heap_4.o
                                       0xaa73 (size before relaxing)

.comment        0x0000000000000000       0x50
 .comment       0x0000000000000000       0x50 ./Core/Inc/ADC/ACD_Cofigure.o
                                         0x51 (size before relaxing)
 .comment       0x0000000000000050       0x51 ./Core/Inc/DMA/DMA_Configure.o
 .comment       0x0000000000000050       0x51 ./Core/Inc/GPIO/GPIO_Configure.o
 .comment       0x0000000000000050       0x51 ./Core/Inc/STM32F103.o
 .comment       0x0000000000000050       0x51 ./Core/Inc/TIM/TIM_Configure.o
 .comment       0x0000000000000050       0x51 ./Core/Inc/UART/UART_Configure.o
 .comment       0x0000000000000050       0x51 ./Core/Src/freertos.o
 .comment       0x0000000000000050       0x51 ./Core/Src/main.o
 .comment       0x0000000000000050       0x51 ./Core/Src/stm32f1xx_it.o
 .comment       0x0000000000000050       0x51 ./Core/Src/syscalls.o
 .comment       0x0000000000000050       0x51 ./Core/Src/sysmem.o
 .comment       0x0000000000000050       0x51 ./Core/Src/system_stm32f1xx.o
 .comment       0x0000000000000050       0x51 ./Middlewares/Third_Party/FreeRTOS/Source/CMSIS_RTOS/cmsis_os.o
 .comment       0x0000000000000050       0x51 ./Middlewares/Third_Party/FreeRTOS/Source/list.o
 .comment       0x0000000000000050       0x51 ./Middlewares/Third_Party/FreeRTOS/Source/tasks.o
 .comment       0x0000000000000050       0x51 ./Middlewares/Third_Party/FreeRTOS/Source/portable/GCC/ARM_CM3/port.o