Archive member included to satisfy reference by file (symbol)

d:/stm32cubeide/stm32cubeide_1.12.0/stm32cubeide/plugins/com.st.stm32cube.ide.mcu.externaltools.gnu-tools-for-stm32.10.3-2021.10.win32_1.0.200.202301161003/tools/bin/../lib/gcc/arm-none-eabi/10.3.1/../../../../arm-none-eabi/lib/thumb/v7-m/nofp\libc_nano.a(lib_a-errno.o)
                              ./Core/Src/syscalls.o (__errno)
d:/stm32cubeide/stm32cubeide_1.12.0/stm32cubeide/plugins/com.st.stm32cube.ide.mcu.externaltools.gnu-tools-for-stm32.10.3-2021.10.win32_1.0.200.202301161003/tools/bin/../lib/gcc/arm-none-eabi/10.3.1/../../../../arm-none-eabi/lib/thumb/v7-m/nofp\libc_nano.a(lib_a-exit.o)
                              d:/stm32cubeide/stm32cubeide_1.12.0/stm32cubeide/plugins/com.st.stm32cube.ide.mcu.externaltools.gnu-tools-for-stm32.10.3-2021.10.win32_1.0.200.202301161003/tools/bin/../lib/gcc/arm-none-eabi/10.3.1/../../../../arm-none-eabi/lib/thumb/v7-m/nofp/crt0.o (exit)
d:/stm32cubeide/stm32cubeide_1.12.0/stm32cubeide/plugins/com.st.stm32cube.ide.mcu.externaltools.gnu-tools-for-stm32.10.3-2021.10.win32_1.0.200.202301161003/tools/bin/../lib/gcc/arm-none-eabi/10.3.1/../../../../arm-none-eabi/lib/thumb/v7-m/nofp\libc_nano.a(lib_a-findfp.o)
                              ./Middlewares/Third_Party/FreeRTOS/Source/tasks.o (__sf_fake_stderr)
d:/stm32cubeide/stm32cubeide_1.12.0/stm32cubeide/plugins/com.st.stm32cube.ide.mcu.externaltools.gnu-tools-for-stm32.10.3-2021.10.win32_1.0.200.202301161003/tools/bin/../lib/gcc/arm-none-eabi/10.3.1/../../../../arm-none-eabi/lib/thumb/v7-m/nofp\libc_nano.a(lib_a-fwalk.o)
                              d:/stm32cubeide/stm32cubeide_1.12.0/stm32cubeide/plugins/com.st.stm32cube.ide.mcu.externaltools.gnu-tools-for-stm32.10.3-2021.10.win32_1.0.200.202301161003/tools/bin/../lib/gcc/arm-none-eabi/10.3.1/../../../../arm-none-eabi/lib/thumb/v7-m/nofp\libc_nano.a(lib_a-findfp.o) (_fwalk)
d:/stm32cubeide/stm32cubeide_1.12.0/stm32cubeide/plugins/com.st.stm32cube.ide.mcu.externaltools.gnu-tools-for-stm32.10.3-2021.10.win32_1.0.200.202301161003/tools/bin/../lib/gcc/arm-none-eabi/10.3.1/../../../../arm-none-eabi/lib/thumb/v7-m/nofp\libc_nano.a(lib_a-impure.o)
                              d:/stm32cubeide/stm32cubeide_1.12.0/stm32cubeide/plugins/com.st.stm32cube.ide.mcu.externaltools.gnu-tools-for-stm32.10.3-2021.10.win32_1.0.200.202301161003/tools/bin/../lib/gcc/arm-none-eabi/10.3.1/../../../../arm-none-eabi/lib/thumb/v7-m/nofp\libc_nano.a(lib_a-exit.o) (_global_impure_ptr)
d:/stm32cubeide/stm32cubeide_1.12.0/stm32cubeide/plugins/com.st.stm32cube.ide.mcu.externaltools.gnu-tools-for-stm32.10.3-2021.10.win32_1.0.200.202301161003/tools/bin/../lib/gcc/arm-none-eabi/10.3.1/../../../../arm-none-eabi/lib/thumb/v7-m/nofp\libc_nano.a(lib_a-init.o)
                              d:/stm32cubeide/stm32cubeide_1.12.0/stm32cubeide/plugins/com.st.stm32cube.ide.mcu.externaltools.gnu-tools-for-stm32.10.3-2021.10.win32_1.0.200.202301161003/tools/bin/../lib/gcc/arm-none-eabi/10.3.1/../../../../arm-none-eabi/lib/thumb/v7-m/nofp/crt0.o (__libc_init_array)
d:/stm32cubeide/stm32cubeide_1.12.0/stm32cubeide/plugins/com.st.stm32cube.ide.mcu.externaltools.gnu-tools-for-stm32.10.3-2021.10.win32_1.0.200.202301161003/tools/bin/../lib/gcc/arm-none-eabi/10.3.1/../../../../arm-none-eabi/lib/thumb/v7-m/nofp\libc_nano.a(lib_a-lock.o)
                              d:/stm32cubeide/stm32cubeide_1.12.0/stm32cubeide/plugins/com.st.stm32cube.ide.mcu.externaltools.gnu-tools-for-stm32.10.3-2021.10.win32_1.0.200.202301161003/tools/bin/../lib/gcc/arm-none-eabi/10.3.1/../../../../arm-none-eabi/lib/thumb/v7-m/nofp\libc_nano.a(lib_a-findfp.o) (__retarget_lock_init_recursive)
d:/stm32cubeide/stm32cubeide_1.12.0/stm32cubeide/plugins/com.st.stm32cube.ide.mcu.externaltools.gnu-tools-for-stm32.10.3-2021.10.win32_1.0.200.202301161003/tools/bin/../lib/gcc/arm-none-eabi/10.3.1/../../../../arm-none-eabi/lib/thumb/v7-m/nofp\libc_nano.a(lib_a-memcpy-stub.o)
                              ./Middlewares/Third_Party/FreeRTOS/Source/queue.o (memcpy)
d:/stm32cubeide/stm32cubeide_1.12.0/stm32cubeide/plugins/com.st.stm32cube.ide.mcu.externaltools.gnu-tools-for-stm32.10.3-2021.10.win32_1.0.200.202301161003/tools/bin/../lib/gcc/arm-none-eabi/10.3.1/../../../../arm-none-eabi/lib/thumb/v7-m/nofp\libc_nano.a(lib_a-memset.o)
                              d:/stm32cubeide/stm32cubeide_1.12.0/stm32cubeide/plugins/com.st.stm32cube.ide.mcu.externaltools.gnu-tools-for-stm32.10.3-2021.10.win32_1.0.200.202301161003/tools/bin/../lib/gcc/arm-none-eabi/10.3.1/../../../../arm-none-eabi/lib/thumb/v7-m/nofp/crt0.o (memset)
d:/stm32cubeide/stm32cubeide_1.12.0/stm32cubeide/plugins/com.st.stm32cube.ide.mcu.externaltools.gnu-tools-for-stm32.10.3-2021.10.win32_1.0.200.202301161003/tools/bin/../lib/gcc/arm-none-eabi/10.3.1/../../../../arm-none-eabi/lib/thumb/v7-m/nofp\libc_nano.a(lib_a-nano-mallocr.o)
[...]
Memory Configuration

Name             Origin             Length             Attributes
RAM              0x0000000020000000 0x0000000000005000 xrw
FLASH            0x0000000008000000 0x0000000000010000 xr
*default*        0x0000000000000000 0xffffffffffffffff

Linker script and memory map

LOAD d:/stm32cubeide/stm32cubeide_1.12.0/stm32cubeide/plugins/com.st.stm32cube.ide.mcu.externaltools.gnu-tools-for-stm32.10.3-2021.10.win32_1.0.200.202301161003/tools/bin/../lib/gcc/arm-none-eabi/10.3.1/thumb/v7-m/nofp/crti.o
LOAD d:/stm32cubeide/stm32cubeide_1.12.0/stm32cubeide/plugins/com.st.stm32cube.ide.mcu.externaltools.gnu-tools-for-stm32.10.3-2021.10.win32_1.0.200.202301161003/tools/bin/../lib/gcc/arm-none-eabi/10.3.1/thumb/v7-m/nofp/crtbegin.o
LOAD d:/stm32cubeide/stm32cubeide_1.12.0/stm32cubeide/plugins/com.st.stm32cube.ide.mcu.externaltools.gnu-tools-for-stm32.10.3-2021.10.win32_1.0.200.202301161003/tools/bin/../lib/gcc/arm-none-eabi/10.3.1/../../../../arm-none-eabi/lib/thumb/v7-m/nofp/crt0.o
LOAD ./Core/Inc/ADC/ACD_Cofigure.o
LOAD ./Core/Inc/DMA/DMA_Configure.o
LOAD ./Core/Inc/GPIO/GPIO_Configure.o
LOAD ./Core/Inc/I2C/I2C_Configure.o
LOAD ./Core/Inc/LCD/LiquidCrystal_I2C.o
LOAD ./Core/Inc/STM32F103.o
LOAD ./Core/Inc/TIM/PWM.o
LOAD ./Core/Inc/TIM/TIM_Configure.o
LOAD ./Core/Inc/UART/UART_Configure.o
LOAD ./Core/Src/freertos.o
LOAD ./Core/Src/main.o
LOAD ./Core/Src/stm32f1xx_hal_msp.o
LOAD ./Core/Src/stm32f1xx_it.o
LOAD ./Core/Src/syscalls.o
LOAD ./Core/Src/sysmem.o
LOAD ./Core/Src/system_stm32f1xx.o
LOAD ./Core/Startup/startup_stm32f103c8tx.o
LOAD ./Drivers/STM32F1xx_HAL_Driver/Src/stm32f1xx_hal.o
LOAD ./Drivers/STM32F1xx_HAL_Driver/Src/stm32f1xx_hal_cortex.o
LOAD ./Drivers/STM32F1xx_HAL_Driver/Src/stm32f1xx_hal_dma.o
LOAD ./Drivers/STM32F1xx_HAL_Driver/Src/stm32f1xx_hal_exti.o
LOAD ./Drivers/STM32F1xx_HAL_Driver/Src/stm32f1xx_hal_flash.o
LOAD ./Drivers/STM32F1xx_HAL_Driver/Src/stm32f1xx_hal_flash_ex.o
LOAD ./Drivers/STM32F1xx_HAL_Driver/Src/stm32f1xx_hal_gpio.o
LOAD ./Drivers/STM32F1xx_HAL_Driver/Src/stm32f1xx_hal_gpio_ex.o
LOAD ./Drivers/STM32F1xx_HAL_Driver/Src/stm32f1xx_hal_pwr.o
LOAD ./Drivers/STM32F1xx_HAL_Driver/Src/stm32f1xx_hal_rcc.o
LOAD ./Drivers/STM32F1xx_HAL_Driver/Src/stm32f1xx_hal_rcc_ex.o
LOAD ./Middlewares/Third_Party/FreeRTOS/Source/CMSIS_RTOS/cmsis_os.o
LOAD ./Middlewares/Third_Party/FreeRTOS/Source/croutine.o
LOAD ./Middlewares/Third_Party/FreeRTOS/Source/event_groups.o
LOAD ./Middlewares/Third_Party/FreeRTOS/Source/list.o
LOAD ./Middlewares/Third_Party/FreeRTOS/Source/queue.o
LOAD ./Middlewares/Third_Party/FreeRTOS/Source/stream_buffer.o
LOAD ./Middlewares/Third_Party/FreeRTOS/Source/tasks.o
LOAD ./Middlewares/Third_Party/FreeRTOS/Source/timers.o
LOAD ./Middlewares/Third_Party/FreeRTOS/Source/portable/GCC/ARM_CM3/port.o
LOAD ./Middlewares/Third_Party/FreeRTOS/Source/portable/MemMang/heap_4.o
START GROUP
LOAD d:/stm32cubeide/stm32cubeide_1.12.0/stm32cubeide/plugins/com.st.stm32cube.ide.mcu.externaltools.gnu-tools-for-stm32.10.3-2021.10.win32_1.0.200.202301161003/tools/bin/../lib/gcc/arm-none-eabi/10.3.1/../../../../arm-none-eabi/lib/thumb/v7-m/nofp\libc_nano.a
LOAD d:/stm32cubeide/stm32cubeide_1.12.0/stm32cubeide/plugins/com.st.stm32cube.ide.mcu.externaltools.gnu-tools-for-stm32.10.3-2021.10.win32_1.0.200.202301161003/tools/bin/../lib/gcc/arm-none-eabi/10.3.1/../../../../arm-none-eabi/lib/thumb/v7-m/nofp\libm.a
END GROUP
START GROUP
LOAD d:/stm32cubeide/stm32cubeide_1.12.0/stm32cubeide/plugins/com.st.stm32cube.ide.mcu.externaltools.gnu-tools-for-stm32.10.3-2021.10.win32_1.0.200.202301161003/tools/bin/../lib/gcc/arm-none-eabi/10.3.1/thumb/v7-m/nofp\libgcc.a
LOAD d:/stm32cubeide/stm32cubeide_1.12.0/stm32cubeide/plugins/com.st.stm32cube.ide.mcu.externaltools.gnu-tools-for-stm32.10.3-2021.10.win32_1.0.200.202301161003/tools/bin/../lib/gcc/arm-none-eabi/10.3.1/../../../../arm-none-eabi/lib/thumb/v7-m/nofp\libc_nano.a
END GROUP
START GROUP
LOAD d:/stm32cubeide/stm32cubeide_1.12.0/stm32cubeide/plugins/com.st.stm32cube.ide.mcu.externaltools.gnu-tools-for-stm32.10.3-2021.10.win32_1.0.200.202301161003/tools/bin/../lib/gcc/arm-none-eabi/10.3.1/thumb/v7-m/nofp\libgcc.a
LOAD d:/stm32cubeide/stm32cubeide_1.12.0/stm32cubeide/plugins/com.st.stm32cube.ide.mcu.externaltools.gnu-tools-for-stm32.10.3-2021.10.win32_1.0.200.202301161003/tools/bin/../lib/gcc/arm-none-eabi/10.3.1/../../../../arm-none-eabi/lib/thumb/v7-m/nofp\libc_nano.a
LOAD d:/stm32cubeide/stm32cubeide_1.12.0/stm32cubeide/plugins/com.st.stm32cube.ide.mcu.externaltools.gnu-tools-for-stm32.10.3-2021.10.win32_1.0.200.202301161003/tools/bin/../lib/gcc/arm-none-eabi/10.3.1/../../../../arm-none-eabi/lib/thumb/v7-m/nofp\libnosys.a
END GROUP
START GROUP
LOAD d:/stm32cubeide/stm32cubeide_1.12.0/stm32cubeide/plugins/com.st.stm32cube.ide.mcu.externaltools.gnu-tools-for-stm32.10.3-2021.10.win32_1.0.200.202301161003/tools/bin/../lib/gcc/arm-none-eabi/10.3.1/thumb/v7-m/nofp\libgcc.a
LOAD d:/stm32cubeide/stm32cubeide_1.12.0/stm32cubeide/plugins/com.st.stm32cube.ide.mcu.externaltools.gnu-tools-for-stm32.10.3-2021.10.win32_1.0.200.202301161003/tools/bin/../lib/gcc/arm-none-eabi/10.3.1/../../../../arm-none-eabi/lib/thumb/v7-m/nofp\libc_nano.a
LOAD d:/stm32cubeide/stm32cubeide_1.12.0/stm32cubeide/plugins/com.st.stm32cube.ide.mcu.externaltools.gnu-tools-for-stm32.10.3-2021.10.win32_1.0.200.202301161003/tools/bin/../lib/gcc/arm-none-eabi/10.3.1/../../../../arm-none-eabi/lib/thumb/v7-m/nofp\libnosys.a
END GROUP
LOAD d:/stm32cubeide/stm32cubeide_1.12.0/stm32cubeide/plugins/com.st.stm32cube.ide.mcu.externaltools.gnu-tools-for-stm32.10.3-2021.10.win32_1.0.200.202301161003/tools/bin/../lib/gcc/arm-none-eabi/10.3.1/thumb/v7-m/nofp/crtend.o
LOAD d:/stm32cubeide/stm32cubeide_1.12.0/stm32cubeide/plugins/com.st.stm32cube.ide.mcu.externaltools.gnu-tools-for-stm32.10.3-2021.10.win32_1.0.200.202301161003/tools/bin/../lib/gcc/arm-none-eabi/10.3.1/thumb/v7-m/nofp/crtn.o
                0x0000000020005000                _estack = (ORIGIN (RAM) + LENGTH (RAM))
                0x0000000000000200                _Min_Heap_Size = 0x200
                0x0000000000000400                _Min_Stack_Size = 0x400

.isr_vector     0x0000000008000000      0x10c
                0x0000000008000000                . = ALIGN (0x4)
 *(.isr_vector)
 .isr_vector    0x0000000008000000      0x10c ./Core/Startup/startup_stm32f103c8tx.o
                0x0000000008000000                g_pfnVectors
                0x000000000800010c                . = ALIGN (0x4)

.text           0x0000000008000110     0x151c
                0x0000000008000110                . = ALIGN (0x4)
 *(.text)
 .text          0x0000000008000110       0x40 d:/stm32cubeide/stm32cubeide_1.12.0/stm32cubeide/plugins/com.st.stm32cube.ide.mcu.externaltools.gnu-tools-for-stm32.10.3-2021.10.win32_1.0.200.202301161003/tools/bin/../lib/gcc/arm-none-eabi/10.3.1/thumb/v7-m/nofp/crtbegin.o
 .text          0x0000000008000150       0x10 d:/stm32cubeide/stm32cubeide_1.12.0/stm32cubeide/plugins/com.st.stm32cube.ide.mcu.externaltools.gnu-tools-for-stm32.10.3-2021.10.win32_1.0.200.202301161003/tools/bin/../lib/gcc/arm-none-eabi/10.3.1/../../../../arm-none-eabi/lib/thumb/v7-m/nofp\libc_nano.a(lib_a-strlen.o)
                0x0000000008000150                strlen
 *(.text*)
 .text.GPIO_configureRCC
                0x0000000008000160       0x64 ./Core/Inc/GPIO/GPIO_Configure.o
                0x0000000008000160                GPIO_configureRCC
 .text.GPIO_configure
                0x00000000080001c4       0xa0 ./Core/Inc/GPIO/GPIO_Configure.o
                0x00000000080001c4                GPIO_configure
 .text.I2C_GPIO_Config
                0x0000000008000264       0x2c ./Core/Inc/I2C/I2C_Configure.o
                0x0000000008000264                I2C_GPIO_Config
 .text.I2C1_Configure
                0x0000000008000290       0x68 ./Core/Inc/I2C/I2C_Configure.o
                0x0000000008000290                I2C1_Configure
 .text.I2C_WriteData
                0x00000000080002f8       0xb6 ./Core/Inc/I2C/I2C_Configure.o
                0x00000000080002f8                I2C_WriteData
 *fill*         0x00000000080003ae        0x2 
 .text.lcd_send_cmd
                0x00000000080003b0       0x70 ./Core/Inc/LCD/LiquidCrystal_I2C.o
 .text.lcd_send_data
                0x0000000008000420       0x7c ./Core/Inc/LCD/LiquidCrystal_I2C.o
 .text.lcd_set_cursor
                0x000000000800049c       0x44 ./Core/Inc/LCD/LiquidCrystal_I2C.o
                0x000000000800049c                lcd_set_cursor
 .text.lcd_set_cursor_blink_off
                0x00000000080004e0       0x30 ./Core/Inc/LCD/LiquidCrystal_I2C.o
                0x00000000080004e0                lcd_set_cursor_blink_off
 .text.lcd_printf
                0x0000000008000510       0x6e ./Core/Inc/LCD/LiquidCrystal_I2C.o
                0x0000000008000510                lcd_printf
 .text.lcd_init
                0x000000000800057e       0x76 ./Core/Inc/LCD/LiquidCrystal_I2C.o
                0x000000000800057e                lcd_init
 .text.SystemInitAnh
                0x00000000080005f4       0x2c ./Core/Inc/STM32F103.o
                0x00000000080005f4                SystemInitAnh
 .text.RCC_Configure
                0x0000000008000620       0xbc ./Core/Inc/STM32F103.o
                0x0000000008000620                RCC_Configure
 .text.TIM2_Configure
                0x00000000080006dc       0x58 ./Core/Inc/TIM/TIM_Configure.o
                0x00000000080006dc                TIM2_Configure
 .text.delay_us2
                0x0000000008000734       0x2c ./Core/Inc/TIM/TIM_Configure.o
                0x0000000008000734                delay_us2
 .text.delay_ms2
                0x0000000008000760       0x28 ./Core/Inc/TIM/TIM_Configure.o
                0x0000000008000760                delay_ms2
 .text.main     0x0000000008000788       0x78 ./Core/Src/main.o
                0x0000000008000788                main
 .text.NMI_Handler
                0x0000000008000800        0x6 ./Core/Src/stm32f1xx_it.o
                0x0000000008000800                NMI_Handler
 .text.HardFault_Handler
                0x0000000008000806        0x6 ./Core/Src/stm32f1xx_it.o
                0x0000000008000806                HardFault_Handler
 .text.MemManage_Handler
                0x000000000800080c        0x6 ./Core/Src/stm32f1xx_it.o
                0x000000000800080c                MemManage_Handler
 .text.BusFault_Handler
                0x0000000008000812        0x6 ./Core/Src/stm32f1xx_it.o
                0x0000000008000812                BusFault_Handler
 .text.UsageFault_Handler
                0x0000000008000818        0x6 ./Core/Src/stm32f1xx_it.o
                0x0000000008000818                UsageFault_Handler
 .text.DebugMon_Handler
                0x000000000800081e        0xc ./Core/Src/stm32f1xx_it.o
                0x000000000800081e                DebugMon_Handler
 *fill*         0x000000000800082a        0x2 
 .text._sbrk    0x000000000800082c       0x6c ./Core/Src/sysmem.o
                0x000000000800082c                _sbrk
 .text.SystemInit
                0x0000000008000898        0xc ./Core/Src/system_stm32f1xx.o
                0x0000000008000898                SystemInit
 .text.Reset_Handler
                0x00000000080008a4       0x48 ./Core/Startup/startup_stm32f103c8tx.o
                0x00000000080008a4                Reset_Handler
 .text.Default_Handler
                0x00000000080008ec        0x2 ./Core/Startup/startup_stm32f103c8tx.o
                0x00000000080008ec                RTC_Alarm_IRQHandler
                0x00000000080008ec                EXTI2_IRQHandler
                0x00000000080008ec                TIM1_CC_IRQHandler
                0x00000000080008ec                PVD_IRQHandler
                0x00000000080008ec                EXTI3_IRQHandler
                0x00000000080008ec                EXTI0_IRQHandler
                0x00000000080008ec                I2C2_EV_IRQHandler
                0x00000000080008ec                ADC1_2_IRQHandler
                0x00000000080008ec                SPI1_IRQHandler
                0x00000000080008ec                TAMPER_IRQHandler
                0x00000000080008ec                DMA1_Channel4_IRQHandler
                0x00000000080008ec                USART3_IRQHandler
                0x00000000080008ec                RTC_IRQHandler
                0x00000000080008ec                DMA1_Channel7_IRQHandler
                0x00000000080008ec                CAN1_RX1_IRQHandler
                0x00000000080008ec                TIM4_IRQHandler
                0x00000000080008ec                I2C1_EV_IRQHandler
                0x00000000080008ec                DMA1_Channel6_IRQHandler
                0x00000000080008ec                TIM3_IRQHandler
                0x00000000080008ec                RCC_IRQHandler
                0x00000000080008ec                TIM1_TRG_COM_IRQHandler
                0x00000000080008ec                DMA1_Channel1_IRQHandler
                0x00000000080008ec                Default_Handler
                0x00000000080008ec                EXTI15_10_IRQHandler
                0x00000000080008ec                EXTI9_5_IRQHandler
                0x00000000080008ec                SPI2_IRQHandler
                0x00000000080008ec                DMA1_Channel5_IRQHandler
                0x00000000080008ec                EXTI4_IRQHandler
                0x00000000080008ec                USB_LP_CAN1_RX0_IRQHandler
                0x00000000080008ec                USB_HP_CAN1_TX_IRQHandler
                0x00000000080008ec                DMA1_Channel3_IRQHandler
                0x00000000080008ec                TIM1_UP_IRQHandler
                0x00000000080008ec                WWDG_IRQHandler
                0x00000000080008ec                TIM2_IRQHandler
                0x00000000080008ec                TIM1_BRK_IRQHandler
                0x00000000080008ec                EXTI1_IRQHandler
                0x00000000080008ec                USART2_IRQHandler
                0x00000000080008ec                I2C2_ER_IRQHandler
                0x00000000080008ec                DMA1_Channel2_IRQHandler
                0x00000000080008ec                CAN1_SCE_IRQHandler
                0x00000000080008ec                FLASH_IRQHandler
                0x00000000080008ec                USART1_IRQHandler
                0x00000000080008ec                I2C1_ER_IRQHandler
                0x00000000080008ec                USBWakeUp_IRQHandler
 .text.vListInsertEnd
                0x00000000080008ee       0x46 ./Middlewares/Third_Party/FreeRTOS/Source/list.o
                0x00000000080008ee                vListInsertEnd
 .text.uxListRemove
                0x0000000008000934       0x52 ./Middlewares/Third_Party/FreeRTOS/Source/list.o
                0x0000000008000934                uxListRemove
 *fill*         0x0000000008000986        0x2 
 .text.xTaskIncrementTick
                0x0000000008000988      0x17c ./Middlewares/Third_Party/FreeRTOS/Source/tasks.o
                0x0000000008000988                xTaskIncrementTick
 .text.vTaskSwitchContext
                0x0000000008000b04       0xc4 ./Middlewares/Third_Party/FreeRTOS/Source/tasks.o
                0x0000000008000b04                vTaskSwitchContext
 .text.prvResetNextTaskUnblockTime
                0x0000000008000bc8       0x48 ./Middlewares/Third_Party/FreeRTOS/Source/tasks.o
 .text.SVC_Handler
                0x0000000008000c10       0x28 ./Middlewares/Third_Party/FreeRTOS/Source/portable/GCC/ARM_CM3/port.o
                0x0000000008000c10                SVC_Handler
 *fill*         0x0000000008000c38        0x8 
 .text.PendSV_Handler
                0x0000000008000c40       0x48 ./Middlewares/Third_Party/FreeRTOS/Source/portable/GCC/ARM_CM3/port.o
                0x0000000008000c40                PendSV_Handler
 .text.SysTick_Handler
                0x0000000008000c88       0x44 ./Middlewares/Third_Party/FreeRTOS/Source/portable/GCC/ARM_CM3/port.o
                0x0000000008000c88                SysTick_Handler
 .text.__errno  0x0000000008000ccc        0xc d:/stm32cubeide/stm32cubeide_1.12.0/stm32cubeide/plugins/com.st.stm32cube.ide.mcu.externaltools.gnu-tools-for-stm32.10.3-2021.10.win32_1.0.200.202301161003/tools/bin/../lib/gcc/arm-none-eabi/10.3.1/../../../../arm-none-eabi/lib/thumb/v7-m/nofp\libc_nano.a(lib_a-errno.o)
                0x0000000008000ccc                __errno
 .text.__libc_init_array
                0x0000000008000cd8       0x48 d:/stm32cubeide/stm32cubeide_1.12.0/stm32cubeide/plugins/com.st.stm32cube.ide.mcu.externaltools.gnu-tools-for-stm32.10.3-2021.10.win32_1.0.200.202301161003/tools/bin/../lib/gcc/arm-none-eabi/10.3.1/../../../../arm-none-eabi/lib/thumb/v7-m/nofp\libc_nano.a(lib_a-init.o)
                0x0000000008000cd8                __libc_init_array
 .text.__retarget_lock_acquire_recursive
                0x0000000008000d20        0x2 d:/stm32cubeide/stm32cubeide_1.12.0/stm32cubeide/plugins/com.st.stm32cube.ide.mcu.externaltools.gnu-tools-for-stm32.10.3-2021.10.win32_1.0.200.202301161003/tools/bin/../lib/gcc/arm-none-eabi/10.3.1/../../../../arm-none-eabi/lib/thumb/v7-m/nofp\libc_nano.a(lib_a-lock.o)
                0x0000000008000d20                __retarget_lock_acquire_recursive
 .text.__retarget_lock_release_recursive
                0x0000000008000d22        0x2 d:/stm32cubeide/stm32cubeide_1.12.0/stm32cubeide/plugins/com.st.stm32cube.ide.mcu.externaltools.gnu-tools-for-stm32.10.3-2021.10.win32_1.0.200.202301161003/tools/bin/../lib/gcc/arm-none-eabi/10.3.1/../../../../arm-none-eabi/lib/thumb/v7-m/nofp\libc_nano.a(lib_a-lock.o)
                0x0000000008000d22                __retarget_lock_release_recursive
 .text.memcpy   0x0000000008000d24       0x1c d:/stm32cubeide/stm32cubeide_1.12.0/stm32cubeide/plugins/com.st.stm32cube.ide.mcu.externaltools.gnu-tools-for-stm32.10.3-2021.10.win32_1.0.200.202301161003/tools/bin/../lib/gcc/arm-none-eabi/10.3.1/../../../../arm-none-eabi/lib/thumb/v7-m/nofp\libc_nano.a(lib_a-memcpy-stub.o)
                0x0000000008000d24                memcpy
 .text.sbrk_aligned
                0x0000000008000d40       0x40 d:/stm32cubeide/stm32cubeide_1.12.0/stm32cubeide/plugins/com.st.stm32cube.ide.mcu.externaltools.gnu-tools-for-stm32.10.3-2021.10.win32_1.0.200.202301161003/tools/bin/../lib/gcc/arm-none-eabi/10.3.1/../../../../arm-none-eabi/lib/thumb/v7-m/nofp\libc_nano.a(lib_a-nano-mallocr.o)
 .text._malloc_r
                0x0000000008000d80       0xe8 d:/stm32cubeide/stm32cubeide_1.12.0/stm32cubeide/plugins/com.st.stm32cube.ide.mcu.externaltools.gnu-tools-for-stm32.10.3-2021.10.win32_1.0.200.202301161003/tools/bin/../lib/gcc/arm-none-eabi/10.3.1/../../../../arm-none-eabi/lib/thumb/v7-m/nofp\libc_nano.a(lib_a-nano-mallocr.o)
                0x0000000008000d80                _malloc_r
 .text._sbrk_r  0x0000000008000e68       0x20 d:/stm32cubeide/stm32cubeide_1.12.0/stm32cubeide/plugins/com.st.stm32cube.ide.mcu.externaltools.gnu-tools-for-stm32.10.3-2021.10.win32_1.0.200.202301161003/tools/bin/../lib/gcc/arm-none-eabi/10.3.1/../../../../arm-none-eabi/lib/thumb/v7-m/nofp\libc_nano.a(lib_a-sbrkr.o)
                0x0000000008000e68                _sbrk_r
 .text._vsprintf_r
                0x0000000008000e88       0x2c d:/stm32cubeide/stm32cubeide_1.12.0/stm32cubeide/plugins/com.st.stm32cube.ide.mcu.externaltools.gnu-tools-for-stm32.10.3-2021.10.win32_1.0.200.202301161003/tools/bin/../lib/gcc/arm-none-eabi/10.3.1/../../../../arm-none-eabi/lib/thumb/v7-m/nofp\libc_nano.a(lib_a-vsprintf.o)
                0x0000000008000e88                _vsprintf_r
                0x0000000008000e88                _vsiprintf_r
 .text.vsprintf
                0x0000000008000eb4       0x14 d:/stm32cubeide/stm32cubeide_1.12.0/stm32cubeide/plugins/com.st.stm32cube.ide.mcu.externaltools.gnu-tools-for-stm32.10.3-2021.10.win32_1.0.200.202301161003/tools/bin/../lib/gcc/arm-none-eabi/10.3.1/../../../../arm-none-eabi/lib/thumb/v7-m/nofp\libc_nano.a(lib_a-vsprintf.o)
                0x0000000008000eb4                vsiprintf
                0x0000000008000eb4                vsprintf
 .text.__malloc_lock
                0x0000000008000ec8        0xc d:/stm32cubeide/stm32cubeide_1.12.0/stm32cubeide/plugins/com.st.stm32cube.ide.mcu.externaltools.gnu-tools-for-stm32.10.3-2021.10.win32_1.0.200.202301161003/tools/bin/../lib/gcc/arm-none-eabi/10.3.1/../../../../arm-none-eabi/lib/thumb/v7-m/nofp\libc_nano.a(lib_a-mlock.o)
                0x0000000008000ec8                __malloc_lock
 .text.__malloc_unlock
                0x0000000008000ed4        0xc d:/stm32cubeide/stm32cubeide_1.12.0/stm32cubeide/plugins/com.st.stm32cube.ide.mcu.externaltools.gnu-tools-for-stm32.10.3-2021.10.win32_1.0.200.202301161003/tools/bin/../lib/gcc/arm-none-eabi/10.3.1/../../../../arm-none-eabi/lib/thumb/v7-m/nofp\libc_nano.a(lib_a-mlock.o)
                0x0000000008000ed4                __malloc_unlock
 .text._free_r  0x0000000008000ee0       0x90 d:/stm32cubeide/stm32cubeide_1.12.0/stm32cubeide/plugins/com.st.stm32cube.ide.mcu.externaltools.gnu-tools-for-stm32.10.3-2021.10.win32_1.0.200.202301161003/tools/bin/../lib/gcc/arm-none-eabi/10.3.1/../../../../arm-none-eabi/lib/thumb/v7-m/nofp\libc_nano.a(lib_a-nano-freer.o)
                0x0000000008000ee0                _free_r
 .text.__ssputs_r
                0x0000000008000f70       0xb6 d:/stm32cubeide/stm32cubeide_1.12.0/stm32cubeide/plugins/com.st.stm32cube.ide.mcu.externaltools.gnu-tools-for-stm32.10.3-2021.10.win32_1.0.200.202301161003/tools/bin/../lib/gcc/arm-none-eabi/10.3.1/../../../../arm-none-eabi/lib/thumb/v7-m/nofp\libc_nano.a(lib_a-nano-svfprintf.o)
                0x0000000008000f70                __ssputs_r
 *fill*         0x0000000008001026        0x2 
 .text._svfprintf_r
                0x0000000008001028      0x200 d:/stm32cubeide/stm32cubeide_1.12.0/stm32cubeide/plugins/com.st.stm32cube.ide.mcu.externaltools.gnu-tools-for-stm32.10.3-2021.10.win32_1.0.200.202301161003/tools/bin/../lib/gcc/arm-none-eabi/10.3.1/../../../../arm-none-eabi/lib/thumb/v7-m/nofp\libc_nano.a(lib_a-nano-svfprintf.o)
                0x0000000008001028                _svfiprintf_r
                0x0000000008001028                _svfprintf_r
 .text._printf_common
                0x0000000008001228       0xde d:/stm32cubeide/stm32cubeide_1.12.0/stm32cubeide/plugins/com.st.stm32cube.ide.mcu.externaltools.gnu-tools-for-stm32.10.3-2021.10.win32_1.0.200.202301161003/tools/bin/../lib/gcc/arm-none-eabi/10.3.1/../../../../arm-none-eabi/lib/thumb/v7-m/nofp\libc_nano.a(lib_a-nano-vfprintf_i.o)
                0x0000000008001228                _printf_common
 *fill*         0x0000000008001306        0x2 
 .text._printf_i
                0x0000000008001308      0x24c d:/stm32cubeide/stm32cubeide_1.12.0/stm32cubeide/plugins/com.st.stm32cube.ide.mcu.externaltools.gnu-tools-for-stm32.10.3-2021.10.win32_1.0.200.202301161003/tools/bin/../lib/gcc/arm-none-eabi/10.3.1/../../../../arm-none-eabi/lib/thumb/v7-m/nofp\libc_nano.a(lib_a-nano-vfprintf_i.o)
                0x0000000008001308                _printf_i
 .text.memchr   0x0000000008001554       0x1c d:/stm32cubeide/stm32cubeide_1.12.0/stm32cubeide/plugins/com.st.stm32cube.ide.mcu.externaltools.gnu-tools-for-stm32.10.3-2021.10.win32_1.0.200.202301161003/tools/bin/../lib/gcc/arm-none-eabi/10.3.1/../../../../arm-none-eabi/lib/thumb/v7-m/nofp\libc_nano.a(lib_a-memchr-stub.o)
                0x0000000008001554                memchr
 .text.memmove  0x0000000008001570       0x34 d:/stm32cubeide/stm32cubeide_1.12.0/stm32cubeide/plugins/com.st.stm32cube.ide.mcu.externaltools.gnu-tools-for-stm32.10.3-2021.10.win32_1.0.200.202301161003/tools/bin/../lib/gcc/arm-none-eabi/10.3.1/../../../../arm-none-eabi/lib/thumb/v7-m/nofp\libc_nano.a(lib_a-memmove.o)
                0x0000000008001570                memmove
 .text._realloc_r
                0x00000000080015a4       0x5e d:/stm32cubeide/stm32cubeide_1.12.0/stm32cubeide/plugins/com.st.stm32cube.ide.mcu.externaltools.gnu-tools-for-stm32.10.3-2021.10.win32_1.0.200.202301161003/tools/bin/../lib/gcc/arm-none-eabi/10.3.1/../../../../arm-none-eabi/lib/thumb/v7-m/nofp\libc_nano.a(lib_a-nano-reallocr.o)
                0x00000000080015a4                _realloc_r
 .text._malloc_usable_size_r
                0x0000000008001602       0x10 d:/stm32cubeide/stm32cubeide_1.12.0/stm32cubeide/plugins/com.st.stm32cube.ide.mcu.externaltools.gnu-tools-for-stm32.10.3-2021.10.win32_1.0.200.202301161003/tools/bin/../lib/gcc/arm-none-eabi/10.3.1/../../../../arm-none-eabi/lib/thumb/v7-m/nofp\libc_nano.a(lib_a-nano-msizer.o)
                0x0000000008001602                _malloc_usable_size_r
 *(.glue_7)
 .glue_7        0x0000000008001612        0x0 linker stubs
 *(.glue_7t)
 .glue_7t       0x0000000008001612        0x0 linker stubs
 *(.eh_frame)
 *fill*         0x0000000008001612        0x2 
 .eh_frame      0x0000000008001614        0x0 d:/stm32cubeide/stm32cubeide_1.12.0/stm32cubeide/plugins/com.st.stm32cube.ide.mcu.externaltools.gnu-tools-for-stm32.10.3-2021.10.win32_1.0.200.202301161003/tools/bin/../lib/gcc/arm-none-eabi/10.3.1/thumb/v7-m/nofp/crtbegin.o
 *(.init)
 .init          0x0000000008001614        0x4 d:/stm32cubeide/stm32cubeide_1.12.0/stm32cubeide/plugins/com.st.stm32cube.ide.mcu.externaltools.gnu-tools-for-stm32.10.3-2021.10.win32_1.0.200.202301161003/tools/bin/../lib/gcc/arm-none-eabi/10.3.1/thumb/v7-m/nofp/crti.o
                0x0000000008001614                _init
 .init          0x0000000008001618        0x8 d:/stm32cubeide/stm32cubeide_1.12.0/stm32cubeide/plugins/com.st.stm32cube.ide.mcu.externaltools.gnu-tools-for-stm32.10.3-2021.10.win32_1.0.200.202301161003/tools/bin/../lib/gcc/arm-none-eabi/10.3.1/thumb/v7-m/nofp/crtn.o
 *(.fini)
 .fini          0x0000000008001620        0x4 d:/stm32cubeide/stm32cubeide_1.12.0/stm32cubeide/plugins/com.st.stm32cube.ide.mcu.externaltools.gnu-tools-for-stm32.10.3-2021.10.win32_1.0.200.202301161003/tools/bin/../lib/gcc/arm-none-eabi/10.3.1/thumb/v7-m/nofp/crti.o
                0x0000000008001620                _fini
 .fini          0x0000000008001624        0x8 d:/stm32cubeide/stm32cubeide_1.12.0/stm32cubeide/plugins/com.st.stm32cube.ide.mcu.externaltools.gnu-tools-for-stm32.10.3-2021.10.win32_1.0.200.202301161003/tools/bin/../lib/gcc/arm-none-eabi/10.3.1/thumb/v7-m/nofp/crtn.o
                0x000000000800162c                . = ALIGN (0x4)
                0x000000000800162c                _etext = .

.vfp11_veneer   0x000000000800162c        0x0
 .vfp11_veneer  0x000000000800162c        0x0 linker stubs

.v4_bx          0x000000000800162c        0x0
 .v4_bx         0x000000000800162c        0x0 linker stubs

.iplt           0x000000000800162c        0x0
 .iplt          0x000000000800162c        0x0 d:/stm32cubeide/stm32cubeide_1.12.0/stm32cubeide/plugins/com.st.stm32cube.ide.mcu.externaltools.gnu-tools-for-stm32.10.3-2021.10.win32_1.0.200.202301161003/tools/bin/../lib/gcc/arm-none-eabi/10.3.1/thumb/v7-m/nofp/crtbegin.o

.rodata         0x000000000800162c       0xa4
                0x000000000800162c                . = ALIGN (0x4)
 *(.rodata)
 .rodata        0x000000000800162c        0xd ./Core/Src/main.o
 *(.rodata*)
 *fill*         0x0000000008001639        0x3 
 .rodata.__sf_fake_stderr
                0x000000000800163c       0x20 d:/stm32cubeide/stm32cubeide_1.12.0/stm32cubeide/plugins/com.st.stm32cube.ide.mcu.externaltools.gnu-tools-for-stm32.10.3-2021.10.win32_1.0.200.202301161003/tools/bin/../lib/gcc/arm-none-eabi/10.3.1/../../../../arm-none-eabi/lib/thumb/v7-m/nofp\libc_nano.a(lib_a-findfp.o)
                0x000000000800163c                __sf_fake_stderr
 .rodata.__sf_fake_stdin
                0x000000000800165c       0x20 d:/stm32cubeide/stm32cubeide_1.12.0/stm32cubeide/plugins/com.st.stm32cube.ide.mcu.externaltools.gnu-tools-for-stm32.10.3-2021.10.win32_1.0.200.202301161003/tools/bin/../lib/gcc/arm-none-eabi/10.3.1/../../../../arm-none-eabi/lib/thumb/v7-m/nofp\libc_nano.a(lib_a-findfp.o)
                0x000000000800165c                __sf_fake_stdin
 .rodata.__sf_fake_stdout
                0x000000000800167c       0x20 d:/stm32cubeide/stm32cubeide_1.12.0/stm32cubeide/plugins/com.st.stm32cube.ide.mcu.externaltools.gnu-tools-for-stm32.10.3-2021.10.win32_1.0.200.202301161003/tools/bin/../lib/gcc/arm-none-eabi/10.3.1/../../../../arm-none-eabi/lib/thumb/v7-m/nofp\libc_nano.a(lib_a-findfp.o)
                0x000000000800167c                __sf_fake_stdout
 .rodata._svfprintf_r.str1.1
                0x000000000800169c       0x11 d:/stm32cubeide/stm32cubeide_1.12.0/stm32cubeide/plugins/com.st.stm32cube.ide.mcu.externaltools.gnu-tools-for-stm32.10.3-2021.10.win32_1.0.200.202301161003/tools/bin/../lib/gcc/arm-none-eabi/10.3.1/../../../../arm-none-eabi/lib/thumb/v7-m/nofp\libc_nano.a(lib_a-nano-svfprintf.o)
 .rodata._printf_i.str1.1
                0x00000000080016ad       0x22 d:/stm32cubeide/stm32cubeide_1.12.0/stm32cubeide/plugins/com.st.stm32cube.ide.mcu.externaltools.gnu-tools-for-stm32.10.3-2021.10.win32_1.0.200.202301161003/tools/bin/../lib/gcc/arm-none-eabi/10.3.1/../../../../arm-none-eabi/lib/thumb/v7-m/nofp\libc_nano.a(lib_a-nano-vfprintf_i.o)
                0x00000000080016d0                . = ALIGN (0x4)
 *fill*         0x00000000080016cf        0x1 

.rel.dyn        0x00000000080016d0        0x0
 .rel.iplt      0x00000000080016d0        0x0 d:/stm32cubeide/stm32cubeide_1.12.0/stm32cubeide/plugins/com.st.stm32cube.ide.mcu.externaltools.gnu-tools-for-stm32.10.3-2021.10.win32_1.0.200.202301161003/tools/bin/../lib/gcc/arm-none-eabi/10.3.1/thumb/v7-m/nofp/crtbegin.o

.ARM.extab      0x00000000080016d0        0x0
                0x00000000080016d0                . = ALIGN (0x4)
 *(.ARM.extab* .gnu.linkonce.armextab.*)
                0x00000000080016d0                . = ALIGN (0x4)

.ARM            0x00000000080016d0        0x0
                0x00000000080016d0                . = ALIGN (0x4)
                0x00000000080016d0                __exidx_start = .
 *(.ARM.exidx*)
                0x00000000080016d0                __exidx_end = .
                0x00000000080016d0                . = ALIGN (0x4)

.preinit_array  0x00000000080016d0        0x0
                0x00000000080016d0                . = ALIGN (0x4)
                0x00000000080016d0                PROVIDE (__preinit_array_start = .)
 *(.preinit_array*)
                0x00000000080016d0                PROVIDE (__preinit_array_end = .)
                0x00000000080016d0                . = ALIGN (0x4)

.init_array     0x00000000080016d0        0x4
                0x00000000080016d0                . = ALIGN (0x4)
                0x00000000080016d0                PROVIDE (__init_array_start = .)
 *(SORT_BY_NAME(.init_array.*))
 *(.init_array*)
 .init_array    0x00000000080016d0        0x4 d:/stm32cubeide/stm32cubeide_1.12.0/stm32cubeide/plugins/com.st.stm32cube.ide.mcu.externaltools.gnu-tools-for-stm32.10.3-2021.10.win32_1.0.200.202301161003/tools/bin/../lib/gcc/arm-none-eabi/10.3.1/thumb/v7-m/nofp/crtbegin.o
                0x00000000080016d4                PROVIDE (__init_array_end = .)
                0x00000000080016d4                . = ALIGN (0x4)

.fini_array     0x00000000080016d4        0x4
                0x00000000080016d4                . = ALIGN (0x4)
                [!provide]                        PROVIDE (__fini_array_start = .)
 *(SORT_BY_NAME(.fini_array.*))
 *(.fini_array*)
 .fini_array    0x00000000080016d4        0x4 d:/stm32cubeide/stm32cubeide_1.12.0/stm32cubeide/plugins/com.st.stm32cube.ide.mcu.externaltools.gnu-tools-for-stm32.10.3-2021.10.win32_1.0.200.202301161003/tools/bin/../lib/gcc/arm-none-eabi/10.3.1/thumb/v7-m/nofp/crtbegin.o
                [!provide]                        PROVIDE (__fini_array_end = .)
                0x00000000080016d8                . = ALIGN (0x4)
                0x00000000080016d8                _sidata = LOADADDR (.data)

.data           0x0000000020000000       0x6c load address 0x00000000080016d8
                0x0000000020000000                . = ALIGN (0x4)
                0x0000000020000000                _sdata = .
 *(.data)
 *(.data*)
 .data.GPIOC_Pin
                0x0000000020000000        0x1 ./Core/Src/main.o
                0x0000000020000000                GPIOC_Pin
 *fill*         0x0000000020000001        0x3 
 .data.GPIOC_mode
                0x0000000020000004        0x1 ./Core/Src/main.o
                0x0000000020000004                GPIOC_mode
 *fill*         0x0000000020000005        0x3 
 .data._impure_ptr
                0x0000000020000008        0x4 d:/stm32cubeide/stm32cubeide_1.12.0/stm32cubeide/plugins/com.st.stm32cube.ide.mcu.externaltools.gnu-tools-for-stm32.10.3-2021.10.win32_1.0.200.202301161003/tools/bin/../lib/gcc/arm-none-eabi/10.3.1/../../../../arm-none-eabi/lib/thumb/v7-m/nofp\libc_nano.a(lib_a-impure.o)
                0x0000000020000008                _impure_ptr
 .data.impure_data
                0x000000002000000c       0x60 d:/stm32cubeide/stm32cubeide_1.12.0/stm32cubeide/plugins/com.st.stm32cube.ide.mcu.externaltools.gnu-tools-for-stm32.10.3-2021.10.win32_1.0.200.202301161003/tools/bin/../lib/gcc/arm-none-eabi/10.3.1/../../../../arm-none-eabi/lib/thumb/v7-m/nofp\libc_nano.a(lib_a-impure.o)
 *(.RamFunc)
 *(.RamFunc*)
                0x000000002000006c                . = ALIGN (0x4)
                0x000000002000006c                _edata = .

.igot.plt       0x000000002000006c        0x0 load address 0x0000000008001744
 .igot.plt      0x000000002000006c        0x0 d:/stm32cubeide/stm32cubeide_1.12.0/stm32cubeide/plugins/com.st.stm32cube.ide.mcu.externaltools.gnu-tools-for-stm32.10.3-2021.10.win32_1.0.200.202301161003/tools/bin/../lib/gcc/arm-none-eabi/10.3.1/thumb/v7-m/nofp/crtbegin.o
                0x000000002000006c                . = ALIGN (0x4)

.bss            0x000000002000006c       0xe8 load address 0x0000000008001744
                0x000000002000006c                _sbss = .
                0x000000002000006c                __bss_start__ = _sbss
 *(.bss)
 .bss           0x000000002000006c       0x1c d:/stm32cubeide/stm32cubeide_1.12.0/stm32cubeide/plugins/com.st.stm32cube.ide.mcu.externaltools.gnu-tools-for-stm32.10.3-2021.10.win32_1.0.200.202301161003/tools/bin/../lib/gcc/arm-none-eabi/10.3.1/thumb/v7-m/nofp/crtbegin.o
 *(.bss*)
 .bss.lcd       0x0000000020000088        0x3 ./Core/Src/main.o
                0x0000000020000088                lcd
 *fill*         0x000000002000008b        0x1 
 .bss.__sbrk_heap_end
                0x000000002000008c        0x4 ./Core/Src/sysmem.o
 .bss.pxCurrentTCB
                0x0000000020000090        0x4 ./Middlewares/Third_Party/FreeRTOS/Source/tasks.o
                0x0000000020000090                pxCurrentTCB
 .bss.pxReadyTasksLists
                0x0000000020000094       0x8c ./Middlewares/Third_Party/FreeRTOS/Source/tasks.o
 .bss.pxDelayedTaskList
                0x0000000020000120        0x4 ./Middlewares/Third_Party/FreeRTOS/Source/tasks.o
 .bss.pxOverflowDelayedTaskList
                0x0000000020000124        0x4 ./Middlewares/Third_Party/FreeRTOS/Source/tasks.o
 .bss.xTickCount
                0x0000000020000128        0x4 ./Middlewares/Third_Party/FreeRTOS/Source/tasks.o
 .bss.uxTopReadyPriority
                0x000000002000012c        0x4 ./Middlewares/Third_Party/FreeRTOS/Source/tasks.o
 .bss.uxPendedTicks
                0x0000000020000130        0x4 ./Middlewares/Third_Party/FreeRTOS/Source/tasks.o
 .bss.xYieldPending
                0x0000000020000134        0x4 ./Middlewares/Third_Party/FreeRTOS/Source/tasks.o
 .bss.xNumOfOverflows
                0x0000000020000138        0x4 ./Middlewares/Third_Party/FreeRTOS/Source/tasks.o
 .bss.xNextTaskUnblockTime
                0x000000002000013c        0x4 ./Middlewares/Third_Party/FreeRTOS/Source/tasks.o
 .bss.uxSchedulerSuspended
                0x0000000020000140        0x4 ./Middlewares/Third_Party/FreeRTOS/Source/tasks.o
 .bss.__lock___malloc_recursive_mutex
                0x0000000020000144        0x1 d:/stm32cubeide/stm32cubeide_1.12.0/stm32cubeide/plugins/com.st.stm32cube.ide.mcu.externaltools.gnu-tools-for-stm32.10.3-2021.10.win32_1.0.200.202301161003/tools/bin/../lib/gcc/arm-none-eabi/10.3.1/../../../../arm-none-eabi/lib/thumb/v7-m/nofp\libc_nano.a(lib_a-lock.o)
                0x0000000020000144                __lock___malloc_recursive_mutex
 *fill*         0x0000000020000145        0x3 
 .bss.__malloc_free_list
                0x0000000020000148        0x4 d:/stm32cubeide/stm32cubeide_1.12.0/stm32cubeide/plugins/com.st.stm32cube.ide.mcu.externaltools.gnu-tools-for-stm32.10.3-2021.10.win32_1.0.200.202301161003/tools/bin/../lib/gcc/arm-none-eabi/10.3.1/../../../../arm-none-eabi/lib/thumb/v7-m/nofp\libc_nano.a(lib_a-nano-mallocr.o)
                0x0000000020000148                __malloc_free_list
 .bss.__malloc_sbrk_start
                0x000000002000014c        0x4 d:/stm32cubeide/stm32cubeide_1.12.0/stm32cubeide/plugins/com.st.stm32cube.ide.mcu.externaltools.gnu-tools-for-stm32.10.3-2021.10.win32_1.0.200.202301161003/tools/bin/../lib/gcc/arm-none-eabi/10.3.1/../../../../arm-none-eabi/lib/thumb/v7-m/nofp\libc_nano.a(lib_a-nano-mallocr.o)
                0x000000002000014c                __malloc_sbrk_start
 .bss.errno     0x0000000020000150        0x4 d:/stm32cubeide/stm32cubeide_1.12.0/stm32cubeide/plugins/com.st.stm32cube.ide.mcu.externaltools.gnu-tools-for-stm32.10.3-2021.10.win32_1.0.200.202301161003/tools/bin/../lib/gcc/arm-none-eabi/10.3.1/../../../../arm-none-eabi/lib/thumb/v7-m/nofp\libc_nano.a(lib_a-reent.o)
                0x0000000020000150                errno
 *(COMMON)
                0x0000000020000154                . = ALIGN (0x4)
                0x0000000020000154                _ebss = .
                0x0000000020000154                __bss_end__ = _ebss

._user_heap_stack
                0x0000000020000154      0x604 load address 0x0000000008001744
                0x0000000020000158                . = ALIGN (0x8)
 *fill*         0x0000000020000154        0x4 
                [!provide]                        PROVIDE (end = .)
                0x0000000020000158                PROVIDE (_end = .)
                0x0000000020000358                . = (. + _Min_Heap_Size)
 *fill*         0x0000000020000158      0x200 
                0x0000000020000758                . = (. + _Min_Stack_Size)
 *fill*         0x0000000020000358      0x400 
                0x0000000020000758                . = ALIGN (0x8)

/DISCARD/
 libc.a(*)
 libm.a(*)
 libgcc.a(*)

.ARM.attributes
                0x0000000000000000       0x29
 *(.ARM.attributes)
 .ARM.attributes
                0x0000000000000000       0x1d d:/stm32cubeide/stm32cubeide_1.12.0/stm32cubeide/plugins/com.st.stm32cube.ide.mcu.externaltools.gnu-tools-for-stm32.10.3-2021.10.win32_1.0.200.202301161003/tools/bin/../lib/gcc/arm-none-eabi/10.3.1/thumb/v7-m/nofp/crti.o
 .ARM.attributes
                0x000000000000001d       0x2d d:/stm32cubeide/stm32cubeide_1.12.0/stm32cubeide/plugins/com.st.stm32cube.ide.mcu.externaltools.gnu-tools-for-stm32.10.3-2021.10.win32_1.0.200.202301161003/tools/bin/../lib/gcc/arm-none-eabi/10.3.1/thumb/v7-m/nofp/crtbegin.o
 .ARM.attributes
                0x000000000000004a       0x2d ./Core/Inc/GPIO/GPIO_Configure.o
 .ARM.attributes
                0x0000000000000077       0x2d ./Core/Inc/I2C/I2C_Configure.o
 .ARM.attributes
                0x00000000000000a4       0x2d ./Core/Inc/LCD/LiquidCrystal_I2C.o
 .ARM.attributes
                0x00000000000000d1       0x2d ./Core/Inc/STM32F103.o
 .ARM.attributes
                0x00000000000000fe       0x2d ./Core/Inc/TIM/TIM_Configure.o
 .ARM.attributes
                0x000000000000012b       0x2d ./Core/Src/main.o
 .ARM.attributes
                0x0000000000000158       0x2d ./Core/Src/stm32f1xx_it.o
 .ARM.attributes
                0x0000000000000185       0x2d ./Core/Src/sysmem.o
 .ARM.attributes
                0x00000000000001b2       0x2d ./Core/Src/system_stm32f1xx.o
 .ARM.attributes
                0x00000000000001df       0x21 ./Core/Startup/startup_stm32f103c8tx.o
 .ARM.attributes
                0x0000000000000200       0x2d ./Middlewares/Third_Party/FreeRTOS/Source/list.o
 .ARM.attributes
                0x000000000000022d       0x2d ./Middlewares/Third_Party/FreeRTOS/Source/tasks.o
 .ARM.attributes
                0x000000000000025a       0x2d ./Middlewares/Third_Party/FreeRTOS/Source/portable/GCC/ARM_CM3/port.o
 .ARM.attributes
                0x0000000000000287       0x2d d:/stm32cubeide/stm32cubeide_1.12.0/stm32cubeide/plugins/com.st.stm32cube.ide.mcu.externaltools.gnu-tools-for-stm32.10.3-2021.10.win32_1.0.200.202301161003/tools/bin/../lib/gcc/arm-none-eabi/10.3.1/../../../../arm-none-eabi/lib/thumb/v7-m/nofp\libc_nano.a(lib_a-errno.o)
 .ARM.attributes
                0x00000000000002b4       0x2d d:/stm32cubeide/stm32cubeide_1.12.0/stm32cubeide/plugins/com.st.stm32cube.ide.mcu.externaltools.gnu-tools-for-stm32.10.3-2021.10.win32_1.0.200.202301161003/tools/bin/../lib/gcc/arm-none-eabi/10.3.1/../../../../arm-none-eabi/lib/thumb/v7-m/nofp\libc_nano.a(lib_a-findfp.o)
 .ARM.attributes
                0x00000000000002e1       0x2d d:/stm32cubeide/stm32cubeide_1.12.0/stm32cubeide/plugins/com.st.stm32cube.ide.mcu.externaltools.gnu-tools-for-stm32.10.3-2021.10.win32_1.0.200.202301161003/tools/bin/../lib/gcc/arm-none-eabi/10.3.1/../../../../arm-none-eabi/lib/thumb/v7-m/nofp\libc_nano.a(lib_a-impure.o)
 .ARM.attributes
                0x000000000000030e       0x2d d:/stm32cubeide/stm32cubeide_1.12.0/stm32cubeide/plugins/com.st.stm32cube.ide.mcu.externaltools.gnu-tools-for-stm32.10.3-2021.10.win32_1.0.200.202301161003/tools/bin/../lib/gcc/arm-none-eabi/10.3.1/../../../../arm-none-eabi/lib/thumb/v7-m/nofp\libc_nano.a(lib_a-init.o)
 .ARM.attributes
                0x000000000000033b       0x2d d:/stm32cubeide/stm32cubeide_1.12.0/stm32cubeide/plugins/com.st.stm32cube.ide.mcu.externaltools.gnu-tools-for-stm32.10.3-2021.10.win32_1.0.200.202301161003/tools/bin/../lib/gcc/arm-none-eabi/10.3.1/../../../../arm-none-eabi/lib/thumb/v7-m/nofp\libc_nano.a(lib_a-lock.o)
 .ARM.attributes
                0x0000000000000368       0x2d d:/stm32cubeide/stm32cubeide_1.12.0/stm32cubeide/plugins/com.st.stm32cube.ide.mcu.externaltools.gnu-tools-for-stm32.10.3-2021.10.win32_1.0.200.202301161003/tools/bin/../lib/gcc/arm-none-eabi/10.3.1/../../../../arm-none-eabi/lib/thumb/v7-m/nofp\libc_nano.a(lib_a-memcpy-stub.o)
 .ARM.attributes
                0x0000000000000395       0x2d d:/stm32cubeide/stm32cubeide_1.12.0/stm32cubeide/plugins/com.st.stm32cube.ide.mcu.externaltools.gnu-tools-for-stm32.10.3-2021.10.win32_1.0.200.202301161003/tools/bin/../lib/gcc/arm-none-eabi/10.3.1/../../../../arm-none-eabi/lib/thumb/v7-m/nofp\libc_nano.a(lib_a-nano-mallocr.o)
 .ARM.attributes
                0x00000000000003c2       0x2d d:/stm32cubeide/stm32cubeide_1.12.0/stm32cubeide/plugins/com.st.stm32cube.ide.mcu.externaltools.gnu-tools-for-stm32.10.3-2021.10.win32_1.0.200.202301161003/tools/bin/../lib/gcc/arm-none-eabi/10.3.1/../../../../arm-none-eabi/lib/thumb/v7-m/nofp\libc_nano.a(lib_a-reent.o)
 .ARM.attributes
                0x00000000000003ef       0x2d d:/stm32cubeide/stm32cubeide_1.12.0/stm32cubeide/plugins/com.st.stm32cube.ide.mcu.externaltools.gnu-tools-for-stm32.10.3-2021.10.win32_1.0.200.202301161003/tools/bin/../lib/gcc/arm-none-eabi/10.3.1/../../../../arm-none-eabi/lib/thumb/v7-m/nofp\libc_nano.a(lib_a-sbrkr.o)
 .ARM.attributes
                0x000000000000041c       0x17 d:/stm32cubeide/stm32cubeide_1.12.0/stm32cubeide/plugins/com.st.stm32cube.ide.mcu.externaltools.gnu-tools-for-stm32.10.3-2021.10.win32_1.0.200.202301161003/tools/bin/../lib/gcc/arm-none-eabi/10.3.1/../../../../arm-none-eabi/lib/thumb/v7-m/nofp\libc_nano.a(lib_a-strlen.o)
 .ARM.attributes
                0x0000000000000433       0x2d d:/stm32cubeide/stm32cubeide_1.12.0/stm32cubeide/plugins/com.st.stm32cube.ide.mcu.externaltools.gnu-tools-for-stm32.10.3-2021.10.win32_1.0.200.202301161003/tools/bin/../lib/gcc/arm-none-eabi/10.3.1/../../../../arm-none-eabi/lib/thumb/v7-m/nofp\libc_nano.a(lib_a-vsprintf.o)
 .ARM.attributes
                0x0000000000000460       0x2d d:/stm32cubeide/stm32cubeide_1.12.0/stm32cubeide/plugins/com.st.stm32cube.ide.mcu.externaltools.gnu-tools-for-stm32.10.3-2021.10.win32_1.0.200.202301161003/tools/bin/../lib/gcc/arm-none-eabi/10.3.1/../../../../arm-none-eabi/lib/thumb/v7-m/nofp\libc_nano.a(lib_a-mlock.o)
 .ARM.attributes
                0x000000000000048d       0x2d d:/stm32cubeide/stm32cubeide_1.12.0/stm32cubeide/plugins/com.st.stm32cube.ide.mcu.externaltools.gnu-tools-for-stm32.10.3-2021.10.win32_1.0.200.202301161003/tools/bin/../lib/gcc/arm-none-eabi/10.3.1/../../../../arm-none-eabi/lib/thumb/v7-m/nofp\libc_nano.a(lib_a-nano-freer.o)
 .ARM.attributes
                0x00000000000004ba       0x2d d:/stm32cubeide/stm32cubeide_1.12.0/stm32cubeide/plugins/com.st.stm32cube.ide.mcu.externaltools.gnu-tools-for-stm32.10.3-2021.10.win32_1.0.200.202301161003/tools/bin/../lib/gcc/arm-none-eabi/10.3.1/../../../../arm-none-eabi/lib/thumb/v7-m/nofp\libc_nano.a(lib_a-nano-svfprintf.o)
 .ARM.attributes
                0x00000000000004e7       0x2d d:/stm32cubeide/stm32cubeide_1.12.0/stm32cubeide/plugins/com.st.stm32cube.ide.mcu.externaltools.gnu-tools-for-stm32.10.3-2021.10.win32_1.0.200.202301161003/tools/bin/../lib/gcc/arm-none-eabi/10.3.1/../../../../arm-none-eabi/lib/thumb/v7-m/nofp\libc_nano.a(lib_a-nano-vfprintf_i.o)
 .ARM.attributes
                0x0000000000000514       0x2d d:/stm32cubeide/stm32cubeide_1.12.0/stm32cubeide/plugins/com.st.stm32cube.ide.mcu.externaltools.gnu-tools-for-stm32.10.3-2021.10.win32_1.0.200.202301161003/tools/bin/../lib/gcc/arm-none-eabi/10.3.1/../../../../arm-none-eabi/lib/thumb/v7-m/nofp\libc_nano.a(lib_a-memchr-stub.o)
 .ARM.attributes
                0x0000000000000541       0x2d d:/stm32cubeide/stm32cubeide_1.12.0/stm32cubeide/plugins/com.st.stm32cube.ide.mcu.externaltools.gnu-tools-for-stm32.10.3-2021.10.win32_1.0.200.202301161003/tools/bin/../lib/gcc/arm-none-eabi/10.3.1/../../../../arm-none-eabi/lib/thumb/v7-m/nofp\libc_nano.a(lib_a-memmove.o)
 .ARM.attributes
                0x000000000000056e       0x2d d:/stm32cubeide/stm32cubeide_1.12.0/stm32cubeide/plugins/com.st.stm32cube.ide.mcu.externaltools.gnu-tools-for-stm32.10.3-2021.10.win32_1.0.200.202301161003/tools/bin/../lib/gcc/arm-none-eabi/10.3.1/../../../../arm-none-eabi/lib/thumb/v7-m/nofp\libc_nano.a(lib_a-nano-reallocr.o)
 .ARM.attributes
                0x000000000000059b       0x2d d:/stm32cubeide/stm32cubeide_1.12.0/stm32cubeide/plugins/com.st.stm32cube.ide.mcu.externaltools.gnu-tools-for-stm32.10.3-2021.10.win32_1.0.200.202301161003/tools/bin/../lib/gcc/arm-none-eabi/10.3.1/../../../../arm-none-eabi/lib/thumb/v7-m/nofp\libc_nano.a(lib_a-nano-msizer.o)
 .ARM.attributes
                0x00000000000005c8       0x1d d:/stm32cubeide/stm32cubeide_1.12.0/stm32cubeide/plugins/com.st.stm32cube.ide.mcu.externaltools.gnu-tools-for-stm32.10.3-2021.10.win32_1.0.200.202301161003/tools/bin/../lib/gcc/arm-none-eabi/10.3.1/thumb/v7-m/nofp/crtn.o
OUTPUT(canhanh.elf elf32-littlearm)
LOAD linker stubs
LOAD d:/stm32cubeide/stm32cubeide_1.12.0/stm32cubeide/plugins/com.st.stm32cube.ide.mcu.externaltools.gnu-tools-for-stm32.10.3-2021.10.win32_1.0.200.202301161003/tools/bin/../lib/gcc/arm-none-eabi/10.3.1/../../../../arm-none-eabi/lib/thumb/v7-m/nofp\libc.a
LOAD d:/stm32cubeide/stm32cubeide_1.12.0/stm32cubeide/plugins/com.st.stm32cube.ide.mcu.externaltools.gnu-tools-for-stm32.10.3-2021.10.win32_1.0.200.202301161003/tools/bin/../lib/gcc/arm-none-eabi/10.3.1/../../../../arm-none-eabi/lib/thumb/v7-m/nofp\libm.a
LOAD d:/stm32cubeide/stm32cubeide_1.12.0/stm32cubeide/plugins/com.st.stm32cube.ide.mcu.externaltools.gnu-tools-for-stm32.10.3-2021.10.win32_1.0.200.202301161003/tools/bin/../lib/gcc/arm-none-eabi/10.3.1/thumb/v7-m/nofp\libgcc.a

.debug_info     0x0000000000000000     0x49b0
 .debug_info    0x0000000000000000      0x29d ./Core/Inc/GPIO/GPIO_Configure.o
 .debug_info    0x000000000000029d      0x31f ./Core/Inc/I2C/I2C_Configure.o
 .debug_info    0x00000000000005bc      0x670 ./Core/Inc/LCD/LiquidCrystal_I2C.o
 .debug_info    0x0000000000000c2c      0x261 ./Core/Inc/STM32F103.o
 .debug_info    0x0000000000000e8d      0x69c ./Core/Inc/TIM/TIM_Configure.o
 .debug_info    0x0000000000001529      0x368 ./Core/Src/main.o
 .debug_info    0x0000000000001891       0xe3 ./Core/Src/stm32f1xx_it.o
 .debug_info    0x0000000000001974      0x171 ./Core/Src/sysmem.o
 .debug_info    0x0000000000001ae5      0x23d ./Core/Src/system_stm32f1xx.o
 .debug_info    0x0000000000001d22       0x22 ./Core/Startup/startup_stm32f103c8tx.o
 .debug_info    0x0000000000001d44      0x2cb ./Middlewares/Third_Party/FreeRTOS/Source/list.o
 .debug_info    0x000000000000200f     0x24ea ./Middlewares/Third_Party/FreeRTOS/Source/tasks.o
 .debug_info    0x00000000000044f9      0x4b7 ./Middlewares/Third_Party/FreeRTOS/Source/portable/GCC/ARM_CM3/port.o

.debug_abbrev   0x0000000000000000     0x10c6
 .debug_abbrev  0x0000000000000000       0xe8 ./Core/Inc/GPIO/GPIO_Configure.o
 .debug_abbrev  0x00000000000000e8      0x10f ./Core/Inc/I2C/I2C_Configure.o
 .debug_abbrev  0x00000000000001f7      0x1e3 ./Core/Inc/LCD/LiquidCrystal_I2C.o
 .debug_abbrev  0x00000000000003da       0xaf ./Core/Inc/STM32F103.o
 .debug_abbrev  0x0000000000000489      0x166 ./Core/Inc/TIM/TIM_Configure.o
 .debug_abbrev  0x00000000000005ef      0x17b ./Core/Src/main.o
 .debug_abbrev  0x000000000000076a       0x47 ./Core/Src/stm32f1xx_it.o
 .debug_abbrev  0x00000000000007b1       0xbb ./Core/Src/sysmem.o
 .debug_abbrev  0x000000000000086c      0x13b ./Core/Src/system_stm32f1xx.o
 .debug_abbrev  0x00000000000009a7       0x12 ./Core/Startup/startup_stm32f103c8tx.o
 .debug_abbrev  0x00000000000009b9       0xf2 ./Middlewares/Third_Party/FreeRTOS/Source/list.o
 .debug_abbrev  0x0000000000000aab      0x3c4 ./Middlewares/Third_Party/FreeRTOS/Source/tasks.o
 .debug_abbrev  0x0000000000000e6f      0x257 ./Middlewares/Third_Party/FreeRTOS/Source/portable/GCC/ARM_CM3/port.o

.debug_aranges  0x0000000000000000      0x4c0
 .debug_aranges
                0x0000000000000000       0x30 ./Core/Inc/GPIO/GPIO_Configure.o
 .debug_aranges
                0x0000000000000030       0x30 ./Core/Inc/I2C/I2C_Configure.o
 .debug_aranges
                0x0000000000000060       0xa0 ./Core/Inc/LCD/LiquidCrystal_I2C.o
 .debug_aranges
                0x0000000000000100       0x28 ./Core/Inc/STM32F103.o
 .debug_aranges
                0x0000000000000128       0x58 ./Core/Inc/TIM/TIM_Configure.o
 .debug_aranges
                0x0000000000000180       0x28 ./Core/Src/main.o
 .debug_aranges
                0x00000000000001a8       0x48 ./Core/Src/stm32f1xx_it.o
 .debug_aranges
                0x00000000000001f0       0x20 ./Core/Src/sysmem.o
 .debug_aranges
                0x0000000000000210       0x28 ./Core/Src/system_stm32f1xx.o
 .debug_aranges
                0x0000000000000238       0x28 ./Core/Startup/startup_stm32f103c8tx.o
 .debug_aranges
                0x0000000000000260       0x40 ./Middlewares/Third_Party/FreeRTOS/Source/list.o
 .debug_aranges
                0x00000000000002a0      0x1a8 ./Middlewares/Third_Party/FreeRTOS/Source/tasks.o
 .debug_aranges
                0x0000000000000448       0x78 ./Middlewares/Third_Party/FreeRTOS/Source/portable/GCC/ARM_CM3/port.o

.debug_ranges   0x0000000000000000      0x3f8
 .debug_ranges  0x0000000000000000       0x20 ./Core/Inc/GPIO/GPIO_Configure.o
 .debug_ranges  0x0000000000000020       0x20 ./Core/Inc/I2C/I2C_Configure.o
 .debug_ranges  0x0000000000000040       0x90 ./Core/Inc/LCD/LiquidCrystal_I2C.o
 .debug_ranges  0x00000000000000d0       0x18 ./Core/Inc/STM32F103.o
 .debug_ranges  0x00000000000000e8       0x48 ./Core/Inc/TIM/TIM_Configure.o
 .debug_ranges  0x0000000000000130       0x18 ./Core/Src/main.o
 .debug_ranges  0x0000000000000148       0x38 ./Core/Src/stm32f1xx_it.o
 .debug_ranges  0x0000000000000180       0x10 ./Core/Src/sysmem.o
 .debug_ranges  0x0000000000000190       0x18 ./Core/Src/system_stm32f1xx.o
 .debug_ranges  0x00000000000001a8       0x20 ./Core/Startup/startup_stm32f103c8tx.o
 .debug_ranges  0x00000000000001c8       0x30 ./Middlewares/Third_Party/FreeRTOS/Source/list.o
 .debug_ranges  0x00000000000001f8      0x198 ./Middlewares/Third_Party/FreeRTOS/Source/tasks.o
 .debug_ranges  0x0000000000000390       0x68 ./Middlewares/Third_Party/FreeRTOS/Source/portable/GCC/ARM_CM3/port.o

.debug_macro    0x0000000000000000     0x2864
 .debug_macro   0x0000000000000000      0x18e ./Core/Inc/GPIO/GPIO_Configure.o
 .debug_macro   0x000000000000018e      0x18d ./Core/Inc/I2C/I2C_Configure.o
 .debug_macro   0x000000000000031b       0x16 ./Core/Inc/I2C/I2C_Configure.o
 .debug_macro   0x0000000000000331      0x32e ./Core/Inc/LCD/LiquidCrystal_I2C.o
 .debug_macro   0x000000000000065f       0x4c ./Core/Inc/LCD/LiquidCrystal_I2C.o
 .debug_macro   0x00000000000006ab       0x18 ./Core/Inc/LCD/LiquidCrystal_I2C.o
 .debug_macro   0x00000000000006c3       0x94 ./Core/Inc/LCD/LiquidCrystal_I2C.o
 .debug_macro   0x0000000000000757       0x3c ./Core/Inc/LCD/LiquidCrystal_I2C.o
 .debug_macro   0x0000000000000793       0x34 ./Core/Inc/LCD/LiquidCrystal_I2C.o
 .debug_macro   0x00000000000007c7       0x16 ./Core/Inc/LCD/LiquidCrystal_I2C.o
 .debug_macro   0x00000000000007dd       0x57 ./Core/Inc/LCD/LiquidCrystal_I2C.o
 .debug_macro   0x0000000000000834       0x97 ./Core/Inc/LCD/LiquidCrystal_I2C.o
 .debug_macro   0x00000000000008cb      0x341 ./Core/Inc/LCD/LiquidCrystal_I2C.o
 .debug_macro   0x0000000000000c0c       0xfd ./Core/Inc/LCD/LiquidCrystal_I2C.o
 .debug_macro   0x0000000000000d09       0x10 ./Core/Inc/LCD/LiquidCrystal_I2C.o
 .debug_macro   0x0000000000000d19       0x16 ./Core/Inc/LCD/LiquidCrystal_I2C.o
 .debug_macro   0x0000000000000d2f       0x43 ./Core/Inc/LCD/LiquidCrystal_I2C.o
 .debug_macro   0x0000000000000d72       0x34 ./Core/Inc/LCD/LiquidCrystal_I2C.o
 .debug_macro   0x0000000000000da6       0x10 ./Core/Inc/LCD/LiquidCrystal_I2C.o
 .debug_macro   0x0000000000000db6       0x58 ./Core/Inc/LCD/LiquidCrystal_I2C.o
 .debug_macro   0x0000000000000e0e       0x71 ./Core/Inc/LCD/LiquidCrystal_I2C.o
 .debug_macro   0x0000000000000e7f       0x1c ./Core/Inc/LCD/LiquidCrystal_I2C.o
 .debug_macro   0x0000000000000e9b      0x12a ./Core/Inc/LCD/LiquidCrystal_I2C.o
 .debug_macro   0x0000000000000fc5       0x10 ./Core/Inc/LCD/LiquidCrystal_I2C.o
 .debug_macro   0x0000000000000fd5       0x1c ./Core/Inc/LCD/LiquidCrystal_I2C.o
 .debug_macro   0x0000000000000ff1       0x52 ./Core/Inc/LCD/LiquidCrystal_I2C.o
 .debug_macro   0x0000000000001043       0x22 ./Core/Inc/LCD/LiquidCrystal_I2C.o
 .debug_macro   0x0000000000001065       0x10 ./Core/Inc/LCD/LiquidCrystal_I2C.o
 .debug_macro   0x0000000000001075       0x52 ./Core/Inc/LCD/LiquidCrystal_I2C.o
 .debug_macro   0x00000000000010c7       0xd5 ./Core/Inc/LCD/LiquidCrystal_I2C.o
 .debug_macro   0x000000000000119c       0x1c ./Core/Inc/LCD/LiquidCrystal_I2C.o
 .debug_macro   0x00000000000011b8       0x3d ./Core/Inc/LCD/LiquidCrystal_I2C.o
 .debug_macro   0x00000000000011f5       0x16 ./Core/Inc/LCD/LiquidCrystal_I2C.o
 .debug_macro   0x000000000000120b      0x145 ./Core/Inc/LCD/LiquidCrystal_I2C.o
 .debug_macro   0x0000000000001350       0x16 ./Core/Inc/LCD/LiquidCrystal_I2C.o
 .debug_macro   0x0000000000001366       0x35 ./Core/Inc/LCD/LiquidCrystal_I2C.o
 .debug_macro   0x000000000000139b       0x20 ./Core/Inc/LCD/LiquidCrystal_I2C.o
 .debug_macro   0x00000000000013bb       0x4c ./Core/Inc/LCD/LiquidCrystal_I2C.o
 .debug_macro   0x0000000000001407       0x56 ./Core/Inc/LCD/LiquidCrystal_I2C.o
 .debug_macro   0x000000000000145d       0x82 ./Core/Inc/LCD/LiquidCrystal_I2C.o
 .debug_macro   0x00000000000014df      0x18e ./Core/Inc/STM32F103.o
 .debug_macro   0x000000000000166d      0x19a ./Core/Inc/TIM/TIM_Configure.o
 .debug_macro   0x0000000000001807      0x335 ./Core/Src/main.o
 .debug_macro   0x0000000000001b3c       0x88 ./Core/Src/main.o
 .debug_macro   0x0000000000001bc4      0x198 ./Core/Src/stm32f1xx_it.o
 .debug_macro   0x0000000000001d5c       0xff ./Core/Src/sysmem.o
 .debug_macro   0x0000000000001e5b      0x23b ./Core/Src/sysmem.o
 .debug_macro   0x0000000000002096      0x184 ./Core/Src/system_stm32f1xx.o
 .debug_macro   0x000000000000221a      0x199 ./Middlewares/Third_Party/FreeRTOS/Source/list.o
 .debug_macro   0x00000000000023b3      0x292 ./Middlewares/Third_Party/FreeRTOS/Source/tasks.o
 .debug_macro   0x0000000000002645       0x10 ./Middlewares/Third_Party/FreeRTOS/Source/tasks.o
 .debug_macro   0x0000000000002655      0x20f ./Middlewares/Third_Party/FreeRTOS/Source/portable/GCC/ARM_CM3/port.o

.debug_line     0x0000000000000000     0x6e2e
 .debug_line    0x0000000000000000      0x724 ./Core/Inc/GPIO/GPIO_Configure.o
 .debug_line    0x0000000000000724      0x753 ./Core/Inc/I2C/I2C_Configure.o
 .debug_line    0x0000000000000e77      0xb22 ./Core/Inc/LCD/LiquidCrystal_I2C.o
 .debug_line    0x0000000000001999      0x6d4 ./Core/Inc/STM32F103.o
 .debug_line    0x000000000000206d      0x7cd ./Core/Inc/TIM/TIM_Configure.o
 .debug_line    0x000000000000283a      0x976 ./Core/Src/main.o
 .debug_line    0x00000000000031b0      0x6dd ./Core/Src/stm32f1xx_it.o
 .debug_line    0x000000000000388d      0x526 ./Core/Src/sysmem.o
 .debug_line    0x0000000000003db3      0x6d7 ./Core/Src/system_stm32f1xx.o
 .debug_line    0x000000000000448a       0x86 ./Core/Startup/startup_stm32f103c8tx.o
 .debug_line    0x0000000000004510      0x743 ./Middlewares/Third_Party/FreeRTOS/Source/list.o
 .debug_line    0x0000000000004c53     0x192a ./Middlewares/Third_Party/FreeRTOS/Source/tasks.o
 .debug_line    0x000000000000657d      0x8b1 ./Middlewares/Third_Party/FreeRTOS/Source/portable/GCC/ARM_CM3/port.o

.debug_str      0x0000000000000000    0x856fc
 .debug_str     0x0000000000000000    0x7a856 ./Core/Inc/GPIO/GPIO_Configure.o
                                      0x7aba1 (size before relaxing)
 .debug_str     0x000000000007a856       0xaf ./Core/Inc/I2C/I2C_Configure.o
                                      0x7abe7 (size before relaxing)
 .debug_str     0x000000000007a905     0x41f5 ./Core/Inc/LCD/LiquidCrystal_I2C.o
                                      0x7ed99 (size before relaxing)
 .debug_str     0x000000000007eafa       0x8f ./Core/Inc/STM32F103.o
                                      0x7ab93 (size before relaxing)
 .debug_str     0x000000000007eb89      0x368 ./Core/Inc/TIM/TIM_Configure.o
                                      0x7af60 (size before relaxing)
 .debug_str     0x000000000007eef1       0xbf ./Core/Src/main.o
                                      0x7ebe2 (size before relaxing)
 .debug_str     0x000000000007efb0       0x9c ./Core/Src/stm32f1xx_it.o
                                      0x7ab3f (size before relaxing)
 .debug_str     0x000000000007f04c      0x35a ./Core/Src/sysmem.o
                                       0x5d52 (size before relaxing)
 .debug_str     0x000000000007f3a6       0x7e ./Core/Src/system_stm32f1xx.o
                                      0x7ab8c (size before relaxing)
 .debug_str     0x000000000007f424       0x36 ./Core/Startup/startup_stm32f103c8tx.o
                                         0x54 (size before relaxing)
 .debug_str     0x000000000007f45a     0x367a ./Middlewares/Third_Party/FreeRTOS/Source/list.o
                                       0xa326 (size before relaxing)
 .debug_str     0x0000000000082ad4     0x25ba ./Middlewares/Third_Party/FreeRTOS/Source/tasks.o
                                       0xc9e5 (size before relaxing)
 .debug_str     0x000000000008508e      0x66e ./Middlewares/Third_Party/FreeRTOS/Source/portable/GCC/ARM_CM3/port.o
                                       0x9a5b (size before relaxing)

.comment        0x0000000000000000       0x50
 .comment       0x0000000000000000       0x50 ./Core/Inc/GPIO/GPIO_Configure.o
                                         0x51 (size before relaxing)
 .comment       0x0000000000000050       0x51 ./Core/Inc/I2C/I2C_Configure.o
 .comment       0x0000000000000050       0x51 ./Core/Inc/LCD/LiquidCrystal_I2C.o
 .comment       0x0000000000000050       0x51 ./Core/Inc/STM32F103.o
 .comment       0x0000000000000050       0x51 ./Core/Inc/TIM/TIM_Configure.o
 .comment       0x0000000000000050       0x51 ./Core/Src/main.o
 .comment       0x0000000000000050       0x51 ./Core/Src/stm32f1xx_it.o
 .comment       0x0000000000000050       0x51 ./Core/Src/sysmem.o
 .comment       0x0000000000000050       0x51 ./Core/Src/system_stm32f1xx.o
 .comment       0x0000000000000050       0x51 ./Middlewares/Third_Party/FreeRTOS/Source/list.o
 .comment       0x0000000000000050       0x51 ./Middlewares/Third_Party/FreeRTOS/Source/tasks.o
 .comment       0x0000000000000050       0x51 ./Middlewares/Third_Party/FreeRTOS/Source/portable/GCC/ARM_CM3/port.o

.debug_frame    0x0000000000000000     0x15cc
 .debug_frame   0x0000000000000000       0x88 ./Core/Inc/GPIO/GPIO_Configure.o
 .debug_frame   0x0000000000000088       0x78 ./Core/Inc/I2C/I2C_Configure.o
 .debug_frame   0x0000000000000100      0x28c ./Core/Inc/LCD/LiquidCrystal_I2C.o
 .debug_frame   0x000000000000038c       0x50 ./Core/Inc/STM32F103.o
 .debug_frame   0x00000000000003dc      0x144 ./Core/Inc/TIM/TIM_Configure.o
 .debug_frame   0x0000000000000520       0x50 ./Core/Src/main.o
 .debug_frame   0x0000000000000570       0xa8 ./Core/Src/stm32f1xx_it.o
 .debug_frame   0x0000000000000618       0x34 ./Core/Src/sysmem.o
 .debug_frame   0x000000000000064c       0x58 ./Core/Src/system_stm32f1xx.o
 .debug_frame   0x00000000000006a4       0xd8 ./Middlewares/Third_Party/FreeRTOS/Source/list.o
 .debug_frame   0x000000000000077c      0x734 ./Middlewares/Third_Party/FreeRTOS/Source/tasks.o
 .debug_frame   0x0000000000000eb0      0x198 ./Middlewares/Third_Party/FreeRTOS/Source/portable/GCC/ARM_CM3/port.o
 .debug_frame   0x0000000000001048       0x20 d:/stm32cubeide/stm32cubeide_1.12.0/stm32cubeide/plugins/com.st.stm32cube.ide.mcu.externaltools.gnu-tools-for-stm32.10.3-2021.10.win32_1.0.200.202301161003/tools/bin/../lib/gcc/arm-none-eabi/10.3.1/../../../../arm-none-eabi/lib/thumb/v7-m/nofp\libc_nano.a(lib_a-errno.o)
 .debug_frame   0x0000000000001068      0x14c d:/stm32cubeide/stm32cubeide_1.12.0/stm32cubeide/plugins/com.st.stm32cube.ide.mcu.externaltools.gnu-tools-for-stm32.10.3-2021.10.win32_1.0.200.202301161003/tools/bin/../lib/gcc/arm-none-eabi/10.3.1/../../../../arm-none-eabi/lib/thumb/v7-m/nofp\libc_nano.a(lib_a-findfp.o)
 .debug_frame   0x00000000000011b4       0x2c d:/stm32cubeide/stm32cubeide_1.12.0/stm32cubeide/plugins/com.st.stm32cube.ide.mcu.externaltools.gnu-tools-for-stm32.10.3-2021.10.win32_1.0.200.202301161003/tools/bin/../lib/gcc/arm-none-eabi/10.3.1/../../../../arm-none-eabi/lib/thumb/v7-m/nofp\libc_nano.a(lib_a-init.o)
 .debug_frame   0x00000000000011e0       0xb0 d:/stm32cubeide/stm32cubeide_1.12.0/stm32cubeide/plugins/com.st.stm32cube.ide.mcu.externaltools.gnu-tools-for-stm32.10.3-2021.10.win32_1.0.200.202301161003/tools/bin/../lib/gcc/arm-none-eabi/10.3.1/../../../../arm-none-eabi/lib/thumb/v7-m/nofp\libc_nano.a(lib_a-lock.o)
 .debug_frame   0x0000000000001290       0x28 d:/stm32cubeide/stm32cubeide_1.12.0/stm32cubeide/plugins/com.st.stm32cube.ide.mcu.externaltools.gnu-tools-for-stm32.10.3-2021.10.win32_1.0.200.202301161003/tools/bin/../lib/gcc/arm-none-eabi/10.3.1/../../../../arm-none-eabi/lib/thumb/v7-m/nofp\libc_nano.a(lib_a-memcpy-stub.o)
 .debug_frame   0x00000000000012b8       0x4c d:/stm32cubeide/stm32cubeide_1.12.0/stm32cubeide/plugins/com.st.stm32cube.ide.mcu.externaltools.gnu-tools-for-stm32.10.3-2021.10.win32_1.0.200.202301161003/tools/bin/../lib/gcc/arm-none-eabi/10.3.1/../../../../arm-none-eabi/lib/thumb/v7-m/nofp\libc_nano.a(lib_a-nano-mallocr.o)
 .debug_frame   0x0000000000001304       0x5c d:/stm32cubeide/stm32cubeide_1.12.0/stm32cubeide/plugins/com.st.stm32cube.ide.mcu.externaltools.gnu-tools-for-stm32.10.3-2021.10.win32_1.0.200.202301161003/tools/bin/../lib/gcc/arm-none-eabi/10.3.1/../../../../arm-none-eabi/lib/thumb/v7-m/nofp\libc_nano.a(lib_a-reent.o)
 .debug_frame   0x0000000000001360       0x2c d:/stm32cubeide/stm32cubeide_1.12.0/stm32cubeide/plugins/com.st.stm32cube.ide.mcu.externaltools.gnu-tools-for-stm32.10.3-2021.10.win32_1.0.200.202301161003/tools/bin/../lib/gcc/arm-none-eabi/10.3.1/../../../../arm-none-eabi/lib/thumb/v7-m/nofp\libc_nano.a(lib_a-sbrkr.o)
 .debug_frame   0x000000000000138c       0x3c d:/stm32cubeide/stm32cubeide_1.12.0/stm32cubeide/plugins/com.st.stm32cube.ide.mcu.externaltools.gnu-tools-for-stm32.10.3-2021.10.win32_1.0.200.202301161003/tools/bin/../lib/gcc/arm-none-eabi/10.3.1/../../../../arm-none-eabi/lib/thumb/v7-m/nofp\libc_nano.a(lib_a-vsprintf.o)
 .debug_frame   0x00000000000013c8       0x30 d:/stm32cubeide/stm32cubeide_1.12.0/stm32cubeide/plugins/com.st.stm32cube.ide.mcu.externaltools.gnu-tools-for-stm32.10.3-2021.10.win32_1.0.200.202301161003/tools/bin/../lib/gcc/arm-none-eabi/10.3.1/../../../../arm-none-eabi/lib/thumb/v7-m/nofp\libc_nano.a(lib_a-mlock.o)
 .debug_frame   0x00000000000013f8       0x38 d:/stm32cubeide/stm32cubeide_1.12.0/stm32cubeide/plugins/com.st.stm32cube.ide.mcu.externaltools.gnu-tools-for-stm32.10.3-2021.10.win32_1.0.200.202301161003/tools/bin/../lib/gcc/arm-none-eabi/10.3.1/../../../../arm-none-eabi/lib/thumb/v7-m/nofp\libc_nano.a(lib_a-nano-freer.o)
 .debug_frame   0x0000000000001430       0x90 d:/stm32cubeide/stm32cubeide_1.12.0/stm32cubeide/plugins/com.st.stm32cube.ide.mcu.externaltools.gnu-tools-for-stm32.10.3-2021.10.win32_1.0.200.202301161003/tools/bin/../lib/gcc/arm-none-eabi/10.3.1/../../../../arm-none-eabi/lib/thumb/v7-m/nofp\libc_nano.a(lib_a-nano-svfprintf.o)
 .debug_frame   0x00000000000014c0       0x60 d:/stm32cubeide/stm32cubeide_1.12.0/stm32cubeide/plugins/com.st.stm32cube.ide.mcu.externaltools.gnu-tools-for-stm32.10.3-2021.10.win32_1.0.200.202301161003/tools/bin/../lib/gcc/arm-none-eabi/10.3.1/../../../../arm-none-eabi/lib/thumb/v7-m/nofp\libc_nano.a(lib_a-nano-vfprintf_i.o)
 .debug_frame   0x0000000000001520       0x28 d:/stm32cubeide/stm32cubeide_1.12.0/stm32cubeide/plugins/com.st.stm32cube.ide.mcu.externaltools.gnu-tools-for-stm32.10.3-2021.10.win32_1.0.200.202301161003/tools/bin/../lib/gcc/arm-none-eabi/10.3.1/../../../../arm-none-eabi/lib/thumb/v7-m/nofp\libc_nano.a(lib_a-memchr-stub.o)
 .debug_frame   0x0000000000001548       0x28 d:/stm32cubeide/stm32cubeide_1.12.0/stm32cubeide/plugins/com.st.stm32cube.ide.mcu.externaltools.gnu-tools-for-stm32.10.3-2021.10.win32_1.0.200.202301161003/tools/bin/../lib/gcc/arm-none-eabi/10.3.1/../../../../arm-none-eabi/lib/thumb/v7-m/nofp\libc_nano.a(lib_a-memmove.o)
 .debug_frame   0x0000000000001570       0x3c d:/stm32cubeide/stm32cubeide_1.12.0/stm32cubeide/plugins/com.st.stm32cube.ide.mcu.externaltools.gnu-tools-for-stm32.10.3-2021.10.win32_1.0.200.202301161003/tools/bin/../lib/gcc/arm-none-eabi/10.3.1/../../../../arm-none-eabi/lib/thumb/v7-m/nofp\libc_nano.a(lib_a-nano-reallocr.o)
 .debug_frame   0x00000000000015ac       0x20 d:/stm32cubeide/stm32cubeide_1.12.0/stm32cubeide/plugins/com.st.stm32cube.ide.mcu.externaltools.gnu-tools-for-stm32.10.3-2021.10.win32_1.0.200.202301161003/tools/bin/../lib/gcc/arm-none-eabi/10.3.1/../../../../arm-none-eabi/lib/thumb/v7-m/nofp\libc_nano.a(lib_a-nano-msizer.o)
